Archive member included to satisfy reference by file (symbol)

D:/STM32CubeCLT/STM32CubeCLT_1.18.0/GNU-tools-for-STM32/bin/../lib/gcc/arm-none-eabi/13.3.1/../../../../arm-none-eabi/lib/thumb/v7e-m+fp/hard\libm.a(libm_a-w_pow.o)
                              CMakeFiles/HW2_Speed.dir/Resources/dvc_serialplot.cpp.obj (pow)
D:/STM32CubeCLT/STM32CubeCLT_1.18.0/GNU-tools-for-STM32/bin/../lib/gcc/arm-none-eabi/13.3.1/../../../../arm-none-eabi/lib/thumb/v7e-m+fp/hard\libm.a(libm_a-s_sin.o)
                              CMakeFiles/HW2_Speed.dir/Tasks/task.cpp.obj (sin)
D:/STM32CubeCLT/STM32CubeCLT_1.18.0/GNU-tools-for-STM32/bin/../lib/gcc/arm-none-eabi/13.3.1/../../../../arm-none-eabi/lib/thumb/v7e-m+fp/hard\libm.a(libm_a-s_finite.o)
                              D:/STM32CubeCLT/STM32CubeCLT_1.18.0/GNU-tools-for-STM32/bin/../lib/gcc/arm-none-eabi/13.3.1/../../../../arm-none-eabi/lib/thumb/v7e-m+fp/hard\libm.a(libm_a-w_pow.o) (finite)
D:/STM32CubeCLT/STM32CubeCLT_1.18.0/GNU-tools-for-STM32/bin/../lib/gcc/arm-none-eabi/13.3.1/../../../../arm-none-eabi/lib/thumb/v7e-m+fp/hard\libm.a(libm_a-k_cos.o)
                              D:/STM32CubeCLT/STM32CubeCLT_1.18.0/GNU-tools-for-STM32/bin/../lib/gcc/arm-none-eabi/13.3.1/../../../../arm-none-eabi/lib/thumb/v7e-m+fp/hard\libm.a(libm_a-s_sin.o) (__kernel_cos)
D:/STM32CubeCLT/STM32CubeCLT_1.18.0/GNU-tools-for-STM32/bin/../lib/gcc/arm-none-eabi/13.3.1/../../../../arm-none-eabi/lib/thumb/v7e-m+fp/hard\libm.a(libm_a-k_sin.o)
                              D:/STM32CubeCLT/STM32CubeCLT_1.18.0/GNU-tools-for-STM32/bin/../lib/gcc/arm-none-eabi/13.3.1/../../../../arm-none-eabi/lib/thumb/v7e-m+fp/hard\libm.a(libm_a-s_sin.o) (__kernel_sin)
D:/STM32CubeCLT/STM32CubeCLT_1.18.0/GNU-tools-for-STM32/bin/../lib/gcc/arm-none-eabi/13.3.1/../../../../arm-none-eabi/lib/thumb/v7e-m+fp/hard\libm.a(libm_a-e_pow.o)
                              D:/STM32CubeCLT/STM32CubeCLT_1.18.0/GNU-tools-for-STM32/bin/../lib/gcc/arm-none-eabi/13.3.1/../../../../arm-none-eabi/lib/thumb/v7e-m+fp/hard\libm.a(libm_a-w_pow.o) (__ieee754_pow)
D:/STM32CubeCLT/STM32CubeCLT_1.18.0/GNU-tools-for-STM32/bin/../lib/gcc/arm-none-eabi/13.3.1/../../../../arm-none-eabi/lib/thumb/v7e-m+fp/hard\libm.a(libm_a-e_rem_pio2.o)
                              D:/STM32CubeCLT/STM32CubeCLT_1.18.0/GNU-tools-for-STM32/bin/../lib/gcc/arm-none-eabi/13.3.1/../../../../arm-none-eabi/lib/thumb/v7e-m+fp/hard\libm.a(libm_a-s_sin.o) (__ieee754_rem_pio2)
D:/STM32CubeCLT/STM32CubeCLT_1.18.0/GNU-tools-for-STM32/bin/../lib/gcc/arm-none-eabi/13.3.1/../../../../arm-none-eabi/lib/thumb/v7e-m+fp/hard\libm.a(libm_a-s_fabs.o)
                              D:/STM32CubeCLT/STM32CubeCLT_1.18.0/GNU-tools-for-STM32/bin/../lib/gcc/arm-none-eabi/13.3.1/../../../../arm-none-eabi/lib/thumb/v7e-m+fp/hard\libm.a(libm_a-e_pow.o) (fabs)
D:/STM32CubeCLT/STM32CubeCLT_1.18.0/GNU-tools-for-STM32/bin/../lib/gcc/arm-none-eabi/13.3.1/../../../../arm-none-eabi/lib/thumb/v7e-m+fp/hard\libm.a(libm_a-s_scalbn.o)
                              D:/STM32CubeCLT/STM32CubeCLT_1.18.0/GNU-tools-for-STM32/bin/../lib/gcc/arm-none-eabi/13.3.1/../../../../arm-none-eabi/lib/thumb/v7e-m+fp/hard\libm.a(libm_a-e_pow.o) (scalbn)
D:/STM32CubeCLT/STM32CubeCLT_1.18.0/GNU-tools-for-STM32/bin/../lib/gcc/arm-none-eabi/13.3.1/../../../../arm-none-eabi/lib/thumb/v7e-m+fp/hard\libm.a(libm_a-math_err.o)
                              D:/STM32CubeCLT/STM32CubeCLT_1.18.0/GNU-tools-for-STM32/bin/../lib/gcc/arm-none-eabi/13.3.1/../../../../arm-none-eabi/lib/thumb/v7e-m+fp/hard\libm.a(libm_a-e_pow.o) (__math_uflow)
D:/STM32CubeCLT/STM32CubeCLT_1.18.0/GNU-tools-for-STM32/bin/../lib/gcc/arm-none-eabi/13.3.1/../../../../arm-none-eabi/lib/thumb/v7e-m+fp/hard\libm.a(libm_a-e_sqrt.o)
                              D:/STM32CubeCLT/STM32CubeCLT_1.18.0/GNU-tools-for-STM32/bin/../lib/gcc/arm-none-eabi/13.3.1/../../../../arm-none-eabi/lib/thumb/v7e-m+fp/hard\libm.a(libm_a-e_pow.o) (__ieee754_sqrt)
D:/STM32CubeCLT/STM32CubeCLT_1.18.0/GNU-tools-for-STM32/bin/../lib/gcc/arm-none-eabi/13.3.1/../../../../arm-none-eabi/lib/thumb/v7e-m+fp/hard\libm.a(libm_a-k_rem_pio2.o)
                              D:/STM32CubeCLT/STM32CubeCLT_1.18.0/GNU-tools-for-STM32/bin/../lib/gcc/arm-none-eabi/13.3.1/../../../../arm-none-eabi/lib/thumb/v7e-m+fp/hard\libm.a(libm_a-e_rem_pio2.o) (__kernel_rem_pio2)
D:/STM32CubeCLT/STM32CubeCLT_1.18.0/GNU-tools-for-STM32/bin/../lib/gcc/arm-none-eabi/13.3.1/../../../../arm-none-eabi/lib/thumb/v7e-m+fp/hard\libm.a(libm_a-s_floor.o)
                              D:/STM32CubeCLT/STM32CubeCLT_1.18.0/GNU-tools-for-STM32/bin/../lib/gcc/arm-none-eabi/13.3.1/../../../../arm-none-eabi/lib/thumb/v7e-m+fp/hard\libm.a(libm_a-k_rem_pio2.o) (floor)
D:/STM32CubeCLT/STM32CubeCLT_1.18.0/GNU-tools-for-STM32/bin/../lib/gcc/arm-none-eabi/13.3.1/thumb/v7e-m+fp/hard\libgcc.a(_arm_muldf3.o)
                              CMakeFiles/HW2_Speed.dir/Tasks/task.cpp.obj (__aeabi_dmul)
[...]
Memory Configuration

Name             Origin             Length             Attributes
RAM              0x20000000         0x00020000         xrw
CCMRAM           0x10000000         0x00010000         xrw
FLASH            0x08000000         0x00100000         xr
*default*        0x00000000         0xffffffff

Linker script and memory map

LOAD D:/STM32CubeCLT/STM32CubeCLT_1.18.0/GNU-tools-for-STM32/bin/../lib/gcc/arm-none-eabi/13.3.1/thumb/v7e-m+fp/hard/crti.o
LOAD D:/STM32CubeCLT/STM32CubeCLT_1.18.0/GNU-tools-for-STM32/bin/../lib/gcc/arm-none-eabi/13.3.1/thumb/v7e-m+fp/hard/crtbegin.o
LOAD D:/STM32CubeCLT/STM32CubeCLT_1.18.0/GNU-tools-for-STM32/bin/../lib/gcc/arm-none-eabi/13.3.1/../../../../arm-none-eabi/lib/thumb/v7e-m+fp/hard/crt0.o
LOAD cmake/stm32cubemx/CMakeFiles/STM32_Drivers.dir/__/__/Core/Src/system_stm32f4xx.c.obj
LOAD cmake/stm32cubemx/CMakeFiles/STM32_Drivers.dir/__/__/Drivers/STM32F4xx_HAL_Driver/Src/stm32f4xx_hal_can.c.obj
LOAD cmake/stm32cubemx/CMakeFiles/STM32_Drivers.dir/__/__/Drivers/STM32F4xx_HAL_Driver/Src/stm32f4xx_hal_rcc.c.obj
LOAD cmake/stm32cubemx/CMakeFiles/STM32_Drivers.dir/__/__/Drivers/STM32F4xx_HAL_Driver/Src/stm32f4xx_hal_rcc_ex.c.obj
LOAD cmake/stm32cubemx/CMakeFiles/STM32_Drivers.dir/__/__/Drivers/STM32F4xx_HAL_Driver/Src/stm32f4xx_hal_flash.c.obj
LOAD cmake/stm32cubemx/CMakeFiles/STM32_Drivers.dir/__/__/Drivers/STM32F4xx_HAL_Driver/Src/stm32f4xx_hal_flash_ex.c.obj
LOAD cmake/stm32cubemx/CMakeFiles/STM32_Drivers.dir/__/__/Drivers/STM32F4xx_HAL_Driver/Src/stm32f4xx_hal_flash_ramfunc.c.obj
LOAD cmake/stm32cubemx/CMakeFiles/STM32_Drivers.dir/__/__/Drivers/STM32F4xx_HAL_Driver/Src/stm32f4xx_hal_gpio.c.obj
LOAD cmake/stm32cubemx/CMakeFiles/STM32_Drivers.dir/__/__/Drivers/STM32F4xx_HAL_Driver/Src/stm32f4xx_hal_dma_ex.c.obj
LOAD cmake/stm32cubemx/CMakeFiles/STM32_Drivers.dir/__/__/Drivers/STM32F4xx_HAL_Driver/Src/stm32f4xx_hal_dma.c.obj
LOAD cmake/stm32cubemx/CMakeFiles/STM32_Drivers.dir/__/__/Drivers/STM32F4xx_HAL_Driver/Src/stm32f4xx_hal_pwr.c.obj
LOAD cmake/stm32cubemx/CMakeFiles/STM32_Drivers.dir/__/__/Drivers/STM32F4xx_HAL_Driver/Src/stm32f4xx_hal_pwr_ex.c.obj
LOAD cmake/stm32cubemx/CMakeFiles/STM32_Drivers.dir/__/__/Drivers/STM32F4xx_HAL_Driver/Src/stm32f4xx_hal_cortex.c.obj
LOAD cmake/stm32cubemx/CMakeFiles/STM32_Drivers.dir/__/__/Drivers/STM32F4xx_HAL_Driver/Src/stm32f4xx_hal.c.obj
LOAD cmake/stm32cubemx/CMakeFiles/STM32_Drivers.dir/__/__/Drivers/STM32F4xx_HAL_Driver/Src/stm32f4xx_hal_exti.c.obj
LOAD cmake/stm32cubemx/CMakeFiles/STM32_Drivers.dir/__/__/Drivers/STM32F4xx_HAL_Driver/Src/stm32f4xx_hal_spi.c.obj
LOAD cmake/stm32cubemx/CMakeFiles/STM32_Drivers.dir/__/__/Drivers/STM32F4xx_HAL_Driver/Src/stm32f4xx_hal_tim.c.obj
LOAD cmake/stm32cubemx/CMakeFiles/STM32_Drivers.dir/__/__/Drivers/STM32F4xx_HAL_Driver/Src/stm32f4xx_hal_tim_ex.c.obj
LOAD cmake/stm32cubemx/CMakeFiles/STM32_Drivers.dir/__/__/Drivers/STM32F4xx_HAL_Driver/Src/stm32f4xx_hal_uart.c.obj
LOAD CMakeFiles/HW2_Speed.dir/Core/Src/can.c.obj
LOAD CMakeFiles/HW2_Speed.dir/Core/Src/dma.c.obj
LOAD CMakeFiles/HW2_Speed.dir/Core/Src/gpio.c.obj
LOAD CMakeFiles/HW2_Speed.dir/Core/Src/main.c.obj
LOAD CMakeFiles/HW2_Speed.dir/Core/Src/spi.c.obj
LOAD CMakeFiles/HW2_Speed.dir/Core/Src/stm32f4xx_hal_msp.c.obj
LOAD CMakeFiles/HW2_Speed.dir/Core/Src/stm32f4xx_it.c.obj
LOAD CMakeFiles/HW2_Speed.dir/Core/Src/syscalls.c.obj
LOAD CMakeFiles/HW2_Speed.dir/Core/Src/sysmem.c.obj
LOAD CMakeFiles/HW2_Speed.dir/Core/Src/tim.c.obj
LOAD CMakeFiles/HW2_Speed.dir/Core/Src/usart.c.obj
LOAD CMakeFiles/HW2_Speed.dir/Tasks/task.cpp.obj
LOAD CMakeFiles/HW2_Speed.dir/Resources/HW_can.cpp.obj
LOAD CMakeFiles/HW2_Speed.dir/Resources/drv_uart.cpp.obj
LOAD CMakeFiles/HW2_Speed.dir/Resources/dvc_serialplot.cpp.obj
LOAD CMakeFiles/HW2_Speed.dir/Resources/motor.cpp.obj
LOAD CMakeFiles/HW2_Speed.dir/Resources/pid.cpp.obj
LOAD CMakeFiles/HW2_Speed.dir/startup_stm32f407xx.s.obj
LOAD libdrivers.a
LOAD D:/STM32CubeCLT/STM32CubeCLT_1.18.0/GNU-tools-for-STM32/bin/../lib/gcc/arm-none-eabi/13.3.1/../../../../arm-none-eabi/lib/thumb/v7e-m+fp/hard\libstdc++_nano.a
LOAD D:/STM32CubeCLT/STM32CubeCLT_1.18.0/GNU-tools-for-STM32/bin/../lib/gcc/arm-none-eabi/13.3.1/../../../../arm-none-eabi/lib/thumb/v7e-m+fp/hard\libm.a
START GROUP
LOAD D:/STM32CubeCLT/STM32CubeCLT_1.18.0/GNU-tools-for-STM32/bin/../lib/gcc/arm-none-eabi/13.3.1/thumb/v7e-m+fp/hard\libgcc.a
LOAD D:/STM32CubeCLT/STM32CubeCLT_1.18.0/GNU-tools-for-STM32/bin/../lib/gcc/arm-none-eabi/13.3.1/../../../../arm-none-eabi/lib/thumb/v7e-m+fp/hard\libg_nano.a
LOAD D:/STM32CubeCLT/STM32CubeCLT_1.18.0/GNU-tools-for-STM32/bin/../lib/gcc/arm-none-eabi/13.3.1/../../../../arm-none-eabi/lib/thumb/v7e-m+fp/hard\libc_nano.a
END GROUP
START GROUP
LOAD D:/STM32CubeCLT/STM32CubeCLT_1.18.0/GNU-tools-for-STM32/bin/../lib/gcc/arm-none-eabi/13.3.1/thumb/v7e-m+fp/hard\libgcc.a
LOAD D:/STM32CubeCLT/STM32CubeCLT_1.18.0/GNU-tools-for-STM32/bin/../lib/gcc/arm-none-eabi/13.3.1/../../../../arm-none-eabi/lib/thumb/v7e-m+fp/hard\libc_nano.a
END GROUP
LOAD D:/STM32CubeCLT/STM32CubeCLT_1.18.0/GNU-tools-for-STM32/bin/../lib/gcc/arm-none-eabi/13.3.1/thumb/v7e-m+fp/hard/crtend.o
LOAD D:/STM32CubeCLT/STM32CubeCLT_1.18.0/GNU-tools-for-STM32/bin/../lib/gcc/arm-none-eabi/13.3.1/thumb/v7e-m+fp/hard/crtn.o
                0x20020000                        _estack = (ORIGIN (RAM) + LENGTH (RAM))
                0x00000200                        _Min_Heap_Size = 0x200
                0x00000400                        _Min_Stack_Size = 0x400

.isr_vector     0x08000000      0x188
                0x08000000                        . = ALIGN (0x4)
 *(.isr_vector)
 .isr_vector    0x08000000      0x188 CMakeFiles/HW2_Speed.dir/startup_stm32f407xx.s.obj
                0x08000000                g_pfnVectors
                0x08000188                        . = ALIGN (0x4)

.text           0x08000188     0x9ba0
                0x08000188                        . = ALIGN (0x4)
 *(.text)
 .text          0x08000188       0x40 D:/STM32CubeCLT/STM32CubeCLT_1.18.0/GNU-tools-for-STM32/bin/../lib/gcc/arm-none-eabi/13.3.1/thumb/v7e-m+fp/hard/crtbegin.o
 .text          0x080001c8      0x378 D:/STM32CubeCLT/STM32CubeCLT_1.18.0/GNU-tools-for-STM32/bin/../lib/gcc/arm-none-eabi/13.3.1/thumb/v7e-m+fp/hard\libgcc.a(_arm_addsubdf3.o)
                0x080001c8                __aeabi_drsub
                0x080001d0                __aeabi_dsub
                0x080001d0                __subdf3
                0x080001d4                __aeabi_dadd
                0x080001d4                __adddf3
                0x0800044c                __floatunsidf
                0x0800044c                __aeabi_ui2d
                0x0800046c                __floatsidf
                0x0800046c                __aeabi_i2d
                0x08000490                __aeabi_f2d
                0x08000490                __extendsfdf2
                0x080004d4                __floatundidf
                0x080004d4                __aeabi_ul2d
                0x080004e4                __floatdidf
                0x080004e4                __aeabi_l2d
 .text          0x08000540      0x424 D:/STM32CubeCLT/STM32CubeCLT_1.18.0/GNU-tools-for-STM32/bin/../lib/gcc/arm-none-eabi/13.3.1/thumb/v7e-m+fp/hard\libgcc.a(_arm_muldivdf3.o)
                0x08000540                __aeabi_dmul
                0x08000540                __muldf3
                0x08000794                __divdf3
                0x08000794                __aeabi_ddiv
 .text          0x08000964      0x110 D:/STM32CubeCLT/STM32CubeCLT_1.18.0/GNU-tools-for-STM32/bin/../lib/gcc/arm-none-eabi/13.3.1/thumb/v7e-m+fp/hard\libgcc.a(_arm_cmpdf2.o)
                0x08000964                __gtdf2
                0x08000964                __gedf2
                0x0800096c                __ltdf2
                0x0800096c                __ledf2
                0x08000974                __nedf2
                0x08000974                __eqdf2
                0x08000974                __cmpdf2
                0x080009f0                __aeabi_cdrcmple
                0x08000a00                __aeabi_cdcmpeq
                0x08000a00                __aeabi_cdcmple
                0x08000a10                __aeabi_dcmpeq
                0x08000a24                __aeabi_dcmplt
                0x08000a38                __aeabi_dcmple
                0x08000a4c                __aeabi_dcmpge
                0x08000a60                __aeabi_dcmpgt
 .text          0x08000a74       0x50 D:/STM32CubeCLT/STM32CubeCLT_1.18.0/GNU-tools-for-STM32/bin/../lib/gcc/arm-none-eabi/13.3.1/thumb/v7e-m+fp/hard\libgcc.a(_arm_fixdfsi.o)
                0x08000a74                __aeabi_d2iz
                0x08000a74                __fixdfsi
 .text          0x08000ac4       0xa0 D:/STM32CubeCLT/STM32CubeCLT_1.18.0/GNU-tools-for-STM32/bin/../lib/gcc/arm-none-eabi/13.3.1/thumb/v7e-m+fp/hard\libgcc.a(_arm_truncdfsf2.o)
                0x08000ac4                __truncdfsf2
                0x08000ac4                __aeabi_d2f
 .text          0x08000b64       0x30 D:/STM32CubeCLT/STM32CubeCLT_1.18.0/GNU-tools-for-STM32/bin/../lib/gcc/arm-none-eabi/13.3.1/thumb/v7e-m+fp/hard\libgcc.a(_aeabi_uldivmod.o)
                0x08000b64                __aeabi_uldivmod
 .text          0x08000b94      0x2f8 D:/STM32CubeCLT/STM32CubeCLT_1.18.0/GNU-tools-for-STM32/bin/../lib/gcc/arm-none-eabi/13.3.1/thumb/v7e-m+fp/hard\libgcc.a(_udivmoddi4.o)
                0x08000b94                __udivmoddi4
 .text          0x08000e8c        0x4 D:/STM32CubeCLT/STM32CubeCLT_1.18.0/GNU-tools-for-STM32/bin/../lib/gcc/arm-none-eabi/13.3.1/thumb/v7e-m+fp/hard\libgcc.a(_dvmd_tls.o)
                0x08000e8c                __aeabi_idiv0
                0x08000e8c                __aeabi_ldiv0
 *(.text*)
 .text.SystemInit
                0x08000e90       0x24 cmake/stm32cubemx/CMakeFiles/STM32_Drivers.dir/__/__/Core/Src/system_stm32f4xx.c.obj
                0x08000e90                SystemInit
 .text.HAL_CAN_Init
                0x08000eb4      0x43c cmake/stm32cubemx/CMakeFiles/STM32_Drivers.dir/__/__/Drivers/STM32F4xx_HAL_Driver/Src/stm32f4xx_hal_can.c.obj
                0x08000eb4                HAL_CAN_Init
 .text.HAL_CAN_AddTxMessage
                0x080012f0      0x234 cmake/stm32cubemx/CMakeFiles/STM32_Drivers.dir/__/__/Drivers/STM32F4xx_HAL_Driver/Src/stm32f4xx_hal_can.c.obj
                0x080012f0                HAL_CAN_AddTxMessage
 .text.HAL_CAN_GetRxMessage
                0x08001524      0x25c cmake/stm32cubemx/CMakeFiles/STM32_Drivers.dir/__/__/Drivers/STM32F4xx_HAL_Driver/Src/stm32f4xx_hal_can.c.obj
                0x08001524                HAL_CAN_GetRxMessage
 .text.HAL_CAN_ActivateNotification
                0x08001780       0x64 cmake/stm32cubemx/CMakeFiles/STM32_Drivers.dir/__/__/Drivers/STM32F4xx_HAL_Driver/Src/stm32f4xx_hal_can.c.obj
                0x08001780                HAL_CAN_ActivateNotification
 .text.HAL_CAN_IRQHandler
                0x080017e4      0x36e cmake/stm32cubemx/CMakeFiles/STM32_Drivers.dir/__/__/Drivers/STM32F4xx_HAL_Driver/Src/stm32f4xx_hal_can.c.obj
                0x080017e4                HAL_CAN_IRQHandler
 .text.HAL_CAN_TxMailbox0CompleteCallback
                0x08001b52       0x14 cmake/stm32cubemx/CMakeFiles/STM32_Drivers.dir/__/__/Drivers/STM32F4xx_HAL_Driver/Src/stm32f4xx_hal_can.c.obj
                0x08001b52                HAL_CAN_TxMailbox0CompleteCallback
 .text.HAL_CAN_TxMailbox1CompleteCallback
                0x08001b66       0x14 cmake/stm32cubemx/CMakeFiles/STM32_Drivers.dir/__/__/Drivers/STM32F4xx_HAL_Driver/Src/stm32f4xx_hal_can.c.obj
                0x08001b66                HAL_CAN_TxMailbox1CompleteCallback
 .text.HAL_CAN_TxMailbox2CompleteCallback
                0x08001b7a       0x14 cmake/stm32cubemx/CMakeFiles/STM32_Drivers.dir/__/__/Drivers/STM32F4xx_HAL_Driver/Src/stm32f4xx_hal_can.c.obj
                0x08001b7a                HAL_CAN_TxMailbox2CompleteCallback
 .text.HAL_CAN_TxMailbox0AbortCallback
                0x08001b8e       0x14 cmake/stm32cubemx/CMakeFiles/STM32_Drivers.dir/__/__/Drivers/STM32F4xx_HAL_Driver/Src/stm32f4xx_hal_can.c.obj
                0x08001b8e                HAL_CAN_TxMailbox0AbortCallback
 .text.HAL_CAN_TxMailbox1AbortCallback
                0x08001ba2       0x14 cmake/stm32cubemx/CMakeFiles/STM32_Drivers.dir/__/__/Drivers/STM32F4xx_HAL_Driver/Src/stm32f4xx_hal_can.c.obj
                0x08001ba2                HAL_CAN_TxMailbox1AbortCallback
 .text.HAL_CAN_TxMailbox2AbortCallback
                0x08001bb6       0x14 cmake/stm32cubemx/CMakeFiles/STM32_Drivers.dir/__/__/Drivers/STM32F4xx_HAL_Driver/Src/stm32f4xx_hal_can.c.obj
                0x08001bb6                HAL_CAN_TxMailbox2AbortCallback
 .text.HAL_CAN_RxFifo0FullCallback
                0x08001bca       0x14 cmake/stm32cubemx/CMakeFiles/STM32_Drivers.dir/__/__/Drivers/STM32F4xx_HAL_Driver/Src/stm32f4xx_hal_can.c.obj
                0x08001bca                HAL_CAN_RxFifo0FullCallback
 .text.HAL_CAN_RxFifo1MsgPendingCallback
                0x08001bde       0x14 cmake/stm32cubemx/CMakeFiles/STM32_Drivers.dir/__/__/Drivers/STM32F4xx_HAL_Driver/Src/stm32f4xx_hal_can.c.obj
                0x08001bde                HAL_CAN_RxFifo1MsgPendingCallback
 .text.HAL_CAN_RxFifo1FullCallback
                0x08001bf2       0x14 cmake/stm32cubemx/CMakeFiles/STM32_Drivers.dir/__/__/Drivers/STM32F4xx_HAL_Driver/Src/stm32f4xx_hal_can.c.obj
                0x08001bf2                HAL_CAN_RxFifo1FullCallback
 .text.HAL_CAN_SleepCallback
                0x08001c06       0x14 cmake/stm32cubemx/CMakeFiles/STM32_Drivers.dir/__/__/Drivers/STM32F4xx_HAL_Driver/Src/stm32f4xx_hal_can.c.obj
                0x08001c06                HAL_CAN_SleepCallback
 .text.HAL_CAN_WakeUpFromRxMsgCallback
                0x08001c1a       0x14 cmake/stm32cubemx/CMakeFiles/STM32_Drivers.dir/__/__/Drivers/STM32F4xx_HAL_Driver/Src/stm32f4xx_hal_can.c.obj
                0x08001c1a                HAL_CAN_WakeUpFromRxMsgCallback
 .text.HAL_CAN_ErrorCallback
                0x08001c2e       0x14 cmake/stm32cubemx/CMakeFiles/STM32_Drivers.dir/__/__/Drivers/STM32F4xx_HAL_Driver/Src/stm32f4xx_hal_can.c.obj
                0x08001c2e                HAL_CAN_ErrorCallback
 *fill*         0x08001c42        0x2 
 .text.HAL_RCC_OscConfig
                0x08001c44      0x658 cmake/stm32cubemx/CMakeFiles/STM32_Drivers.dir/__/__/Drivers/STM32F4xx_HAL_Driver/Src/stm32f4xx_hal_rcc.c.obj
                0x08001c44                HAL_RCC_OscConfig
 .text.HAL_RCC_ClockConfig
                0x0800229c      0x31c cmake/stm32cubemx/CMakeFiles/STM32_Drivers.dir/__/__/Drivers/STM32F4xx_HAL_Driver/Src/stm32f4xx_hal_rcc.c.obj
                0x0800229c                HAL_RCC_ClockConfig
 .text.HAL_RCC_GetSysClockFreq
                0x080025b8      0x18c cmake/stm32cubemx/CMakeFiles/STM32_Drivers.dir/__/__/Drivers/STM32F4xx_HAL_Driver/Src/stm32f4xx_hal_rcc.c.obj
                0x080025b8                HAL_RCC_GetSysClockFreq
 .text.HAL_RCC_GetHCLKFreq
                0x08002744       0x18 cmake/stm32cubemx/CMakeFiles/STM32_Drivers.dir/__/__/Drivers/STM32F4xx_HAL_Driver/Src/stm32f4xx_hal_rcc.c.obj
                0x08002744                HAL_RCC_GetHCLKFreq
 .text.HAL_RCC_GetPCLK1Freq
                0x0800275c       0x28 cmake/stm32cubemx/CMakeFiles/STM32_Drivers.dir/__/__/Drivers/STM32F4xx_HAL_Driver/Src/stm32f4xx_hal_rcc.c.obj
                0x0800275c                HAL_RCC_GetPCLK1Freq
 .text.HAL_RCC_GetPCLK2Freq
                0x08002784       0x28 cmake/stm32cubemx/CMakeFiles/STM32_Drivers.dir/__/__/Drivers/STM32F4xx_HAL_Driver/Src/stm32f4xx_hal_rcc.c.obj
                0x08002784                HAL_RCC_GetPCLK2Freq
 .text.HAL_GPIO_Init
                0x080027ac      0x5c0 cmake/stm32cubemx/CMakeFiles/STM32_Drivers.dir/__/__/Drivers/STM32F4xx_HAL_Driver/Src/stm32f4xx_hal_gpio.c.obj
                0x080027ac                HAL_GPIO_Init
 .text.HAL_GPIO_WritePin
                0x08002d6c       0x58 cmake/stm32cubemx/CMakeFiles/STM32_Drivers.dir/__/__/Drivers/STM32F4xx_HAL_Driver/Src/stm32f4xx_hal_gpio.c.obj
                0x08002d6c                HAL_GPIO_WritePin
 .text.HAL_DMA_Init
                0x08002dc4      0x434 cmake/stm32cubemx/CMakeFiles/STM32_Drivers.dir/__/__/Drivers/STM32F4xx_HAL_Driver/Src/stm32f4xx_hal_dma.c.obj
                0x08002dc4                HAL_DMA_Init
 .text.HAL_DMA_Start_IT
                0x080031f8       0xcc cmake/stm32cubemx/CMakeFiles/STM32_Drivers.dir/__/__/Drivers/STM32F4xx_HAL_Driver/Src/stm32f4xx_hal_dma.c.obj
                0x080031f8                HAL_DMA_Start_IT
 .text.HAL_DMA_Abort
                0x080032c4       0xe0 cmake/stm32cubemx/CMakeFiles/STM32_Drivers.dir/__/__/Drivers/STM32F4xx_HAL_Driver/Src/stm32f4xx_hal_dma.c.obj
                0x080032c4                HAL_DMA_Abort
 .text.HAL_DMA_Abort_IT
                0x080033a4       0x44 cmake/stm32cubemx/CMakeFiles/STM32_Drivers.dir/__/__/Drivers/STM32F4xx_HAL_Driver/Src/stm32f4xx_hal_dma.c.obj
                0x080033a4                HAL_DMA_Abort_IT
 .text.HAL_DMA_IRQHandler
                0x080033e8      0x314 cmake/stm32cubemx/CMakeFiles/STM32_Drivers.dir/__/__/Drivers/STM32F4xx_HAL_Driver/Src/stm32f4xx_hal_dma.c.obj
                0x080033e8                HAL_DMA_IRQHandler
 .text.DMA_SetConfig
                0x080036fc       0x5c cmake/stm32cubemx/CMakeFiles/STM32_Drivers.dir/__/__/Drivers/STM32F4xx_HAL_Driver/Src/stm32f4xx_hal_dma.c.obj
 .text.DMA_CalcBaseAndBitshift
                0x08003758       0x6c cmake/stm32cubemx/CMakeFiles/STM32_Drivers.dir/__/__/Drivers/STM32F4xx_HAL_Driver/Src/stm32f4xx_hal_dma.c.obj
 .text.DMA_CheckFifoParam
                0x080037c4       0xf8 cmake/stm32cubemx/CMakeFiles/STM32_Drivers.dir/__/__/Drivers/STM32F4xx_HAL_Driver/Src/stm32f4xx_hal_dma.c.obj
 .text.__NVIC_SetPriorityGrouping
                0x080038bc       0x48 cmake/stm32cubemx/CMakeFiles/STM32_Drivers.dir/__/__/Drivers/STM32F4xx_HAL_Driver/Src/stm32f4xx_hal_cortex.c.obj
 .text.__NVIC_GetPriorityGrouping
                0x08003904       0x1c cmake/stm32cubemx/CMakeFiles/STM32_Drivers.dir/__/__/Drivers/STM32F4xx_HAL_Driver/Src/stm32f4xx_hal_cortex.c.obj
 .text.__NVIC_EnableIRQ
                0x08003920       0x3c cmake/stm32cubemx/CMakeFiles/STM32_Drivers.dir/__/__/Drivers/STM32F4xx_HAL_Driver/Src/stm32f4xx_hal_cortex.c.obj
 .text.__NVIC_SetPriority
                0x0800395c       0x54 cmake/stm32cubemx/CMakeFiles/STM32_Drivers.dir/__/__/Drivers/STM32F4xx_HAL_Driver/Src/stm32f4xx_hal_cortex.c.obj
 .text.NVIC_EncodePriority
                0x080039b0       0x66 cmake/stm32cubemx/CMakeFiles/STM32_Drivers.dir/__/__/Drivers/STM32F4xx_HAL_Driver/Src/stm32f4xx_hal_cortex.c.obj
 *fill*         0x08003a16        0x2 
 .text.SysTick_Config
                0x08003a18       0x44 cmake/stm32cubemx/CMakeFiles/STM32_Drivers.dir/__/__/Drivers/STM32F4xx_HAL_Driver/Src/stm32f4xx_hal_cortex.c.obj
 .text.HAL_NVIC_SetPriorityGrouping
                0x08003a5c       0x40 cmake/stm32cubemx/CMakeFiles/STM32_Drivers.dir/__/__/Drivers/STM32F4xx_HAL_Driver/Src/stm32f4xx_hal_cortex.c.obj
                0x08003a5c                HAL_NVIC_SetPriorityGrouping
 .text.HAL_NVIC_SetPriority
                0x08003a9c       0x58 cmake/stm32cubemx/CMakeFiles/STM32_Drivers.dir/__/__/Drivers/STM32F4xx_HAL_Driver/Src/stm32f4xx_hal_cortex.c.obj
                0x08003a9c                HAL_NVIC_SetPriority
 .text.HAL_NVIC_EnableIRQ
                0x08003af4       0x30 cmake/stm32cubemx/CMakeFiles/STM32_Drivers.dir/__/__/Drivers/STM32F4xx_HAL_Driver/Src/stm32f4xx_hal_cortex.c.obj
                0x08003af4                HAL_NVIC_EnableIRQ
 .text.HAL_SYSTICK_Config
                0x08003b24       0x18 cmake/stm32cubemx/CMakeFiles/STM32_Drivers.dir/__/__/Drivers/STM32F4xx_HAL_Driver/Src/stm32f4xx_hal_cortex.c.obj
                0x08003b24                HAL_SYSTICK_Config
 .text.HAL_Init
                0x08003b3c       0x44 cmake/stm32cubemx/CMakeFiles/STM32_Drivers.dir/__/__/Drivers/STM32F4xx_HAL_Driver/Src/stm32f4xx_hal.c.obj
                0x08003b3c                HAL_Init
 .text.HAL_InitTick
                0x08003b80       0x60 cmake/stm32cubemx/CMakeFiles/STM32_Drivers.dir/__/__/Drivers/STM32F4xx_HAL_Driver/Src/stm32f4xx_hal.c.obj
                0x08003b80                HAL_InitTick
 .text.HAL_IncTick
                0x08003be0       0x28 cmake/stm32cubemx/CMakeFiles/STM32_Drivers.dir/__/__/Drivers/STM32F4xx_HAL_Driver/Src/stm32f4xx_hal.c.obj
                0x08003be0                HAL_IncTick
 .text.HAL_GetTick
                0x08003c08       0x18 cmake/stm32cubemx/CMakeFiles/STM32_Drivers.dir/__/__/Drivers/STM32F4xx_HAL_Driver/Src/stm32f4xx_hal.c.obj
                0x08003c08                HAL_GetTick
 .text.HAL_SPI_Init
                0x08003c20      0x31c cmake/stm32cubemx/CMakeFiles/STM32_Drivers.dir/__/__/Drivers/STM32F4xx_HAL_Driver/Src/stm32f4xx_hal_spi.c.obj
                0x08003c20                HAL_SPI_Init
 .text.HAL_TIM_Base_Init
                0x08003f3c      0x230 cmake/stm32cubemx/CMakeFiles/STM32_Drivers.dir/__/__/Drivers/STM32F4xx_HAL_Driver/Src/stm32f4xx_hal_tim.c.obj
                0x08003f3c                HAL_TIM_Base_Init
 .text.HAL_TIM_PWM_Init
                0x0800416c      0x230 cmake/stm32cubemx/CMakeFiles/STM32_Drivers.dir/__/__/Drivers/STM32F4xx_HAL_Driver/Src/stm32f4xx_hal_tim.c.obj
                0x0800416c                HAL_TIM_PWM_Init
 .text.HAL_TIM_PWM_MspInit
                0x0800439c       0x14 cmake/stm32cubemx/CMakeFiles/STM32_Drivers.dir/__/__/Drivers/STM32F4xx_HAL_Driver/Src/stm32f4xx_hal_tim.c.obj
                0x0800439c                HAL_TIM_PWM_MspInit
 .text.HAL_TIM_IRQHandler
                0x080043b0      0x1e0 cmake/stm32cubemx/CMakeFiles/STM32_Drivers.dir/__/__/Drivers/STM32F4xx_HAL_Driver/Src/stm32f4xx_hal_tim.c.obj
                0x080043b0                HAL_TIM_IRQHandler
 .text.HAL_TIM_PWM_ConfigChannel
                0x08004590      0x3b0 cmake/stm32cubemx/CMakeFiles/STM32_Drivers.dir/__/__/Drivers/STM32F4xx_HAL_Driver/Src/stm32f4xx_hal_tim.c.obj
                0x08004590                HAL_TIM_PWM_ConfigChannel
 .text.HAL_TIM_ConfigClockSource
                0x08004940      0x700 cmake/stm32cubemx/CMakeFiles/STM32_Drivers.dir/__/__/Drivers/STM32F4xx_HAL_Driver/Src/stm32f4xx_hal_tim.c.obj
                0x08004940                HAL_TIM_ConfigClockSource
 .text.HAL_TIM_OC_DelayElapsedCallback
                0x08005040       0x14 cmake/stm32cubemx/CMakeFiles/STM32_Drivers.dir/__/__/Drivers/STM32F4xx_HAL_Driver/Src/stm32f4xx_hal_tim.c.obj
                0x08005040                HAL_TIM_OC_DelayElapsedCallback
 .text.HAL_TIM_IC_CaptureCallback
                0x08005054       0x14 cmake/stm32cubemx/CMakeFiles/STM32_Drivers.dir/__/__/Drivers/STM32F4xx_HAL_Driver/Src/stm32f4xx_hal_tim.c.obj
                0x08005054                HAL_TIM_IC_CaptureCallback
 .text.HAL_TIM_PWM_PulseFinishedCallback
                0x08005068       0x14 cmake/stm32cubemx/CMakeFiles/STM32_Drivers.dir/__/__/Drivers/STM32F4xx_HAL_Driver/Src/stm32f4xx_hal_tim.c.obj
                0x08005068                HAL_TIM_PWM_PulseFinishedCallback
 .text.HAL_TIM_TriggerCallback
                0x0800507c       0x14 cmake/stm32cubemx/CMakeFiles/STM32_Drivers.dir/__/__/Drivers/STM32F4xx_HAL_Driver/Src/stm32f4xx_hal_tim.c.obj
                0x0800507c                HAL_TIM_TriggerCallback
 .text.TIM_Base_SetConfig
                0x08005090      0x14c cmake/stm32cubemx/CMakeFiles/STM32_Drivers.dir/__/__/Drivers/STM32F4xx_HAL_Driver/Src/stm32f4xx_hal_tim.c.obj
                0x08005090                TIM_Base_SetConfig
 .text.TIM_OC1_SetConfig
                0x080051dc      0x134 cmake/stm32cubemx/CMakeFiles/STM32_Drivers.dir/__/__/Drivers/STM32F4xx_HAL_Driver/Src/stm32f4xx_hal_tim.c.obj
 .text.TIM_OC2_SetConfig
                0x08005310      0x13c cmake/stm32cubemx/CMakeFiles/STM32_Drivers.dir/__/__/Drivers/STM32F4xx_HAL_Driver/Src/stm32f4xx_hal_tim.c.obj
                0x08005310                TIM_OC2_SetConfig
 .text.TIM_OC3_SetConfig
                0x0800544c      0x13c cmake/stm32cubemx/CMakeFiles/STM32_Drivers.dir/__/__/Drivers/STM32F4xx_HAL_Driver/Src/stm32f4xx_hal_tim.c.obj
 .text.TIM_OC4_SetConfig
                0x08005588       0xc8 cmake/stm32cubemx/CMakeFiles/STM32_Drivers.dir/__/__/Drivers/STM32F4xx_HAL_Driver/Src/stm32f4xx_hal_tim.c.obj
 .text.TIM_TI1_ConfigInputStage
                0x08005650       0x5e cmake/stm32cubemx/CMakeFiles/STM32_Drivers.dir/__/__/Drivers/STM32F4xx_HAL_Driver/Src/stm32f4xx_hal_tim.c.obj
 .text.TIM_TI2_ConfigInputStage
                0x080056ae       0x60 cmake/stm32cubemx/CMakeFiles/STM32_Drivers.dir/__/__/Drivers/STM32F4xx_HAL_Driver/Src/stm32f4xx_hal_tim.c.obj
 .text.TIM_ITRx_SetConfig
                0x0800570e       0x36 cmake/stm32cubemx/CMakeFiles/STM32_Drivers.dir/__/__/Drivers/STM32F4xx_HAL_Driver/Src/stm32f4xx_hal_tim.c.obj
 .text.TIM_ETR_SetConfig
                0x08005744       0x40 cmake/stm32cubemx/CMakeFiles/STM32_Drivers.dir/__/__/Drivers/STM32F4xx_HAL_Driver/Src/stm32f4xx_hal_tim.c.obj
                0x08005744                TIM_ETR_SetConfig
 .text.HAL_TIMEx_MasterConfigSynchronization
                0x08005784      0x1bc cmake/stm32cubemx/CMakeFiles/STM32_Drivers.dir/__/__/Drivers/STM32F4xx_HAL_Driver/Src/stm32f4xx_hal_tim_ex.c.obj
                0x08005784                HAL_TIMEx_MasterConfigSynchronization
 .text.HAL_TIMEx_CommutCallback
                0x08005940       0x14 cmake/stm32cubemx/CMakeFiles/STM32_Drivers.dir/__/__/Drivers/STM32F4xx_HAL_Driver/Src/stm32f4xx_hal_tim_ex.c.obj
                0x08005940                HAL_TIMEx_CommutCallback
 .text.HAL_TIMEx_BreakCallback
                0x08005954       0x14 cmake/stm32cubemx/CMakeFiles/STM32_Drivers.dir/__/__/Drivers/STM32F4xx_HAL_Driver/Src/stm32f4xx_hal_tim_ex.c.obj
                0x08005954                HAL_TIMEx_BreakCallback
 .text.HAL_UART_Init
                0x08005968      0x1a8 cmake/stm32cubemx/CMakeFiles/STM32_Drivers.dir/__/__/Drivers/STM32F4xx_HAL_Driver/Src/stm32f4xx_hal_uart.c.obj
                0x08005968                HAL_UART_Init
 .text.HAL_UART_Transmit_DMA
                0x08005b10       0xf8 cmake/stm32cubemx/CMakeFiles/STM32_Drivers.dir/__/__/Drivers/STM32F4xx_HAL_Driver/Src/stm32f4xx_hal_uart.c.obj
                0x08005b10                HAL_UART_Transmit_DMA
 .text.HAL_UARTEx_ReceiveToIdle_DMA
                0x08005c08       0xb2 cmake/stm32cubemx/CMakeFiles/STM32_Drivers.dir/__/__/Drivers/STM32F4xx_HAL_Driver/Src/stm32f4xx_hal_uart.c.obj
                0x08005c08                HAL_UARTEx_ReceiveToIdle_DMA
 *fill*         0x08005cba        0x2 
 .text.HAL_UART_IRQHandler
                0x08005cbc      0x554 cmake/stm32cubemx/CMakeFiles/STM32_Drivers.dir/__/__/Drivers/STM32F4xx_HAL_Driver/Src/stm32f4xx_hal_uart.c.obj
                0x08005cbc                HAL_UART_IRQHandler
 .text.HAL_UART_TxCpltCallback
                0x08006210       0x14 cmake/stm32cubemx/CMakeFiles/STM32_Drivers.dir/__/__/Drivers/STM32F4xx_HAL_Driver/Src/stm32f4xx_hal_uart.c.obj
                0x08006210                HAL_UART_TxCpltCallback
 .text.HAL_UART_TxHalfCpltCallback
                0x08006224       0x14 cmake/stm32cubemx/CMakeFiles/STM32_Drivers.dir/__/__/Drivers/STM32F4xx_HAL_Driver/Src/stm32f4xx_hal_uart.c.obj
                0x08006224                HAL_UART_TxHalfCpltCallback
 .text.HAL_UART_RxCpltCallback
                0x08006238       0x14 cmake/stm32cubemx/CMakeFiles/STM32_Drivers.dir/__/__/Drivers/STM32F4xx_HAL_Driver/Src/stm32f4xx_hal_uart.c.obj
                0x08006238                HAL_UART_RxCpltCallback
 .text.HAL_UART_RxHalfCpltCallback
                0x0800624c       0x14 cmake/stm32cubemx/CMakeFiles/STM32_Drivers.dir/__/__/Drivers/STM32F4xx_HAL_Driver/Src/stm32f4xx_hal_uart.c.obj
                0x0800624c                HAL_UART_RxHalfCpltCallback
 .text.HAL_UART_ErrorCallback
                0x08006260       0x14 cmake/stm32cubemx/CMakeFiles/STM32_Drivers.dir/__/__/Drivers/STM32F4xx_HAL_Driver/Src/stm32f4xx_hal_uart.c.obj
                0x08006260                HAL_UART_ErrorCallback
 .text.UART_DMATransmitCplt
                0x08006274       0x9a cmake/stm32cubemx/CMakeFiles/STM32_Drivers.dir/__/__/Drivers/STM32F4xx_HAL_Driver/Src/stm32f4xx_hal_uart.c.obj
 .text.UART_DMATxHalfCplt
                0x0800630e       0x1c cmake/stm32cubemx/CMakeFiles/STM32_Drivers.dir/__/__/Drivers/STM32F4xx_HAL_Driver/Src/stm32f4xx_hal_uart.c.obj
 .text.UART_DMAReceiveCplt
                0x0800632a      0x12c cmake/stm32cubemx/CMakeFiles/STM32_Drivers.dir/__/__/Drivers/STM32F4xx_HAL_Driver/Src/stm32f4xx_hal_uart.c.obj
 .text.UART_DMARxHalfCplt
                0x08006456       0x3c cmake/stm32cubemx/CMakeFiles/STM32_Drivers.dir/__/__/Drivers/STM32F4xx_HAL_Driver/Src/stm32f4xx_hal_uart.c.obj
 .text.UART_DMAError
                0x08006492       0x94 cmake/stm32cubemx/CMakeFiles/STM32_Drivers.dir/__/__/Drivers/STM32F4xx_HAL_Driver/Src/stm32f4xx_hal_uart.c.obj
 *fill*         0x08006526        0x2 
 .text.UART_Start_Receive_DMA
                0x08006528      0x14c cmake/stm32cubemx/CMakeFiles/STM32_Drivers.dir/__/__/Drivers/STM32F4xx_HAL_Driver/Src/stm32f4xx_hal_uart.c.obj
                0x08006528                UART_Start_Receive_DMA
 .text.UART_EndTxTransfer
                0x08006674       0x50 cmake/stm32cubemx/CMakeFiles/STM32_Drivers.dir/__/__/Drivers/STM32F4xx_HAL_Driver/Src/stm32f4xx_hal_uart.c.obj
 .text.UART_EndRxTransfer
                0x080066c4       0xc6 cmake/stm32cubemx/CMakeFiles/STM32_Drivers.dir/__/__/Drivers/STM32F4xx_HAL_Driver/Src/stm32f4xx_hal_uart.c.obj
 .text.UART_DMAAbortOnError
                0x0800678a       0x22 cmake/stm32cubemx/CMakeFiles/STM32_Drivers.dir/__/__/Drivers/STM32F4xx_HAL_Driver/Src/stm32f4xx_hal_uart.c.obj
 .text.UART_Transmit_IT
                0x080067ac       0xa0 cmake/stm32cubemx/CMakeFiles/STM32_Drivers.dir/__/__/Drivers/STM32F4xx_HAL_Driver/Src/stm32f4xx_hal_uart.c.obj
 .text.UART_EndTransmit_IT
                0x0800684c       0x30 cmake/stm32cubemx/CMakeFiles/STM32_Drivers.dir/__/__/Drivers/STM32F4xx_HAL_Driver/Src/stm32f4xx_hal_uart.c.obj
 .text.UART_Receive_IT
                0x0800687c      0x17c cmake/stm32cubemx/CMakeFiles/STM32_Drivers.dir/__/__/Drivers/STM32F4xx_HAL_Driver/Src/stm32f4xx_hal_uart.c.obj
 .text.UART_SetConfig
                0x080069f8      0x574 cmake/stm32cubemx/CMakeFiles/STM32_Drivers.dir/__/__/Drivers/STM32F4xx_HAL_Driver/Src/stm32f4xx_hal_uart.c.obj
 .text.MX_CAN1_Init
                0x08006f6c       0x6c CMakeFiles/HW2_Speed.dir/Core/Src/can.c.obj
                0x08006f6c                MX_CAN1_Init
 .text.MX_CAN2_Init
                0x08006fd8       0x6c CMakeFiles/HW2_Speed.dir/Core/Src/can.c.obj
                0x08006fd8                MX_CAN2_Init
 .text.HAL_CAN_MspInit
                0x08007044      0x160 CMakeFiles/HW2_Speed.dir/Core/Src/can.c.obj
                0x08007044                HAL_CAN_MspInit
 .text.MX_DMA_Init
                0x080071a4       0x8c CMakeFiles/HW2_Speed.dir/Core/Src/dma.c.obj
                0x080071a4                MX_DMA_Init
 .text.MX_GPIO_Init
                0x08007230      0x2cc CMakeFiles/HW2_Speed.dir/Core/Src/gpio.c.obj
                0x08007230                MX_GPIO_Init
 .text.main     0x080074fc       0x3c CMakeFiles/HW2_Speed.dir/Core/Src/main.c.obj
                0x080074fc                main
 .text.SystemClock_Config
                0x08007538       0xd4 CMakeFiles/HW2_Speed.dir/Core/Src/main.c.obj
                0x08007538                SystemClock_Config
 .text.Error_Handler
                0x0800760c        0xc CMakeFiles/HW2_Speed.dir/Core/Src/main.c.obj
                0x0800760c                Error_Handler
 .text.assert_failed
                0x08007618       0x16 CMakeFiles/HW2_Speed.dir/Core/Src/main.c.obj
                0x08007618                assert_failed
 *fill*         0x0800762e        0x2 
 .text.MX_SPI1_Init
                0x08007630       0x6c CMakeFiles/HW2_Speed.dir/Core/Src/spi.c.obj
                0x08007630                MX_SPI1_Init
 .text.HAL_SPI_MspInit
                0x0800769c       0xd0 CMakeFiles/HW2_Speed.dir/Core/Src/spi.c.obj
                0x0800769c                HAL_SPI_MspInit
 .text.HAL_MspInit
                0x0800776c       0x50 CMakeFiles/HW2_Speed.dir/Core/Src/stm32f4xx_hal_msp.c.obj
                0x0800776c                HAL_MspInit
 .text.NMI_Handler
                0x080077bc        0x8 CMakeFiles/HW2_Speed.dir/Core/Src/stm32f4xx_it.c.obj
                0x080077bc                NMI_Handler
 .text.HardFault_Handler
                0x080077c4        0x8 CMakeFiles/HW2_Speed.dir/Core/Src/stm32f4xx_it.c.obj
                0x080077c4                HardFault_Handler
 .text.MemManage_Handler
                0x080077cc        0x8 CMakeFiles/HW2_Speed.dir/Core/Src/stm32f4xx_it.c.obj
                0x080077cc                MemManage_Handler
 .text.BusFault_Handler
                0x080077d4        0x8 CMakeFiles/HW2_Speed.dir/Core/Src/stm32f4xx_it.c.obj
                0x080077d4                BusFault_Handler
 .text.UsageFault_Handler
                0x080077dc        0x8 CMakeFiles/HW2_Speed.dir/Core/Src/stm32f4xx_it.c.obj
                0x080077dc                UsageFault_Handler
 .text.SVC_Handler
                0x080077e4        0xe CMakeFiles/HW2_Speed.dir/Core/Src/stm32f4xx_it.c.obj
                0x080077e4                SVC_Handler
 .text.DebugMon_Handler
                0x080077f2        0xe CMakeFiles/HW2_Speed.dir/Core/Src/stm32f4xx_it.c.obj
                0x080077f2                DebugMon_Handler
 .text.PendSV_Handler
                0x08007800        0xe CMakeFiles/HW2_Speed.dir/Core/Src/stm32f4xx_it.c.obj
                0x08007800                PendSV_Handler
 .text.SysTick_Handler
                0x0800780e        0xc CMakeFiles/HW2_Speed.dir/Core/Src/stm32f4xx_it.c.obj
                0x0800780e                SysTick_Handler
 *fill*         0x0800781a        0x2 
 .text.DMA1_Stream1_IRQHandler
                0x0800781c       0x14 CMakeFiles/HW2_Speed.dir/Core/Src/stm32f4xx_it.c.obj
                0x0800781c                DMA1_Stream1_IRQHandler
 .text.CAN1_RX0_IRQHandler
                0x08007830       0x14 CMakeFiles/HW2_Speed.dir/Core/Src/stm32f4xx_it.c.obj
                0x08007830                CAN1_RX0_IRQHandler
 .text.USART3_IRQHandler
                0x08007844       0x14 CMakeFiles/HW2_Speed.dir/Core/Src/stm32f4xx_it.c.obj
                0x08007844                USART3_IRQHandler
 .text.TIM6_DAC_IRQHandler
                0x08007858       0x14 CMakeFiles/HW2_Speed.dir/Core/Src/stm32f4xx_it.c.obj
                0x08007858                TIM6_DAC_IRQHandler
 .text.DMA2_Stream1_IRQHandler
                0x0800786c       0x14 CMakeFiles/HW2_Speed.dir/Core/Src/stm32f4xx_it.c.obj
                0x0800786c                DMA2_Stream1_IRQHandler
 .text.CAN2_RX1_IRQHandler
                0x08007880       0x14 CMakeFiles/HW2_Speed.dir/Core/Src/stm32f4xx_it.c.obj
                0x08007880                CAN2_RX1_IRQHandler
 .text.DMA2_Stream6_IRQHandler
                0x08007894       0x14 CMakeFiles/HW2_Speed.dir/Core/Src/stm32f4xx_it.c.obj
                0x08007894                DMA2_Stream6_IRQHandler
 .text.DMA2_Stream7_IRQHandler
                0x080078a8       0x14 CMakeFiles/HW2_Speed.dir/Core/Src/stm32f4xx_it.c.obj
                0x080078a8                DMA2_Stream7_IRQHandler
 .text.USART6_IRQHandler
                0x080078bc       0x14 CMakeFiles/HW2_Speed.dir/Core/Src/stm32f4xx_it.c.obj
                0x080078bc                USART6_IRQHandler
 .text.MX_TIM4_Init
                0x080078d0       0xec CMakeFiles/HW2_Speed.dir/Core/Src/tim.c.obj
                0x080078d0                MX_TIM4_Init
 .text.MX_TIM6_Init
                0x080079bc       0x6c CMakeFiles/HW2_Speed.dir/Core/Src/tim.c.obj
                0x080079bc                MX_TIM6_Init
 .text.MX_TIM10_Init
                0x08007a28       0x9c CMakeFiles/HW2_Speed.dir/Core/Src/tim.c.obj
                0x08007a28                MX_TIM10_Init
 .text.HAL_TIM_Base_MspInit
                0x08007ac4       0xa8 CMakeFiles/HW2_Speed.dir/Core/Src/tim.c.obj
                0x08007ac4                HAL_TIM_Base_MspInit
 .text.HAL_TIM_MspPostInit
                0x08007b6c       0xc4 CMakeFiles/HW2_Speed.dir/Core/Src/tim.c.obj
                0x08007b6c                HAL_TIM_MspPostInit
 .text.MX_USART1_UART_Init
                0x08007c30       0x54 CMakeFiles/HW2_Speed.dir/Core/Src/usart.c.obj
                0x08007c30                MX_USART1_UART_Init
 .text.MX_USART3_UART_Init
                0x08007c84       0x58 CMakeFiles/HW2_Speed.dir/Core/Src/usart.c.obj
                0x08007c84                MX_USART3_UART_Init
 .text.MX_USART6_UART_Init
                0x08007cdc       0x54 CMakeFiles/HW2_Speed.dir/Core/Src/usart.c.obj
                0x08007cdc                MX_USART6_UART_Init
 .text.HAL_UART_MspInit
                0x08007d30      0x370 CMakeFiles/HW2_Speed.dir/Core/Src/usart.c.obj
                0x08007d30                HAL_UART_MspInit
 .text._ZN9Class_PIDC2Ev
                0x080080a0       0x76 CMakeFiles/HW2_Speed.dir/Tasks/task.cpp.obj
                0x080080a0                Class_PID::Class_PID()
                0x080080a0                Class_PID::Class_PID()
 .text._ZN18Class_Motor_GM6020C2Ev
                0x08008116       0x52 CMakeFiles/HW2_Speed.dir/Tasks/task.cpp.obj
                0x08008116                Class_Motor_GM6020::Class_Motor_GM6020()
                0x08008116                Class_Motor_GM6020::Class_Motor_GM6020()
 .text._ZN16Class_SerialplotC2Ev
                0x08008168       0x34 CMakeFiles/HW2_Speed.dir/Tasks/task.cpp.obj
                0x08008168                Class_Serialplot::Class_Serialplot()
                0x08008168                Class_Serialplot::Class_Serialplot()
 *fill*         0x0800819c        0x4 
 .text.MainTask
                0x080081a0      0x110 CMakeFiles/HW2_Speed.dir/Tasks/task.cpp.obj
                0x080081a0                MainTask
 .text.HAL_TIM_PeriodElapsedCallback
                0x080082b0       0x20 CMakeFiles/HW2_Speed.dir/Tasks/task.cpp.obj
                0x080082b0                HAL_TIM_PeriodElapsedCallback
 .text._Z41__static_initialization_and_destruction_0v
                0x080082d0       0x1c CMakeFiles/HW2_Speed.dir/Tasks/task.cpp.obj
 .text._GLOBAL__sub_I_motor1
                0x080082ec        0xa CMakeFiles/HW2_Speed.dir/Tasks/task.cpp.obj
 *fill*         0x080082f6        0x2 
 .text.HAL_CAN_RxFifo0MsgPendingCallback
                0x080082f8       0x44 CMakeFiles/HW2_Speed.dir/Resources/HW_can.cpp.obj
                0x080082f8                HAL_CAN_RxFifo0MsgPendingCallback
 .text._Z14UART_Send_DataP20__UART_HandleTypeDefPht
                0x0800833c       0x24 CMakeFiles/HW2_Speed.dir/Resources/drv_uart.cpp.obj
                0x0800833c                UART_Send_Data(__UART_HandleTypeDef*, unsigned char*, unsigned short)
 .text.HAL_UARTEx_RxEventCallback
                0x08008360      0x14c CMakeFiles/HW2_Speed.dir/Resources/drv_uart.cpp.obj
                0x08008360                HAL_UARTEx_RxEventCallback
 .text._ZN16Class_Serialplot8Set_DataEhz
                0x080084ac       0x4e CMakeFiles/HW2_Speed.dir/Resources/dvc_serialplot.cpp.obj
                0x080084ac                Class_Serialplot::Set_Data(unsigned char, ...)
 .text._ZN16Class_Serialplot6OutputEv
                0x080084fa      0x286 CMakeFiles/HW2_Speed.dir/Resources/dvc_serialplot.cpp.obj
                0x080084fa                Class_Serialplot::Output()
 .text._ZN16Class_Serialplot29TIM_Add_PeriodElapsedCallbackEv
                0x08008780       0x16 CMakeFiles/HW2_Speed.dir/Resources/dvc_serialplot.cpp.obj
                0x08008780                Class_Serialplot::TIM_Add_PeriodElapsedCallback()
 .text._ZN18Class_Motor_GM602016Set_Target_OmegaEf
                0x08008796       0x22 CMakeFiles/HW2_Speed.dir/Resources/motor.cpp.obj
                0x08008796                Class_Motor_GM6020::Set_Target_Omega(float)
 .text._ZN18Class_Motor_GM602013Get_Now_OmegaEv
                0x080087b8       0x20 CMakeFiles/HW2_Speed.dir/Resources/motor.cpp.obj
                0x080087b8                Class_Motor_GM6020::Get_Now_Omega()
 .text._ZN18Class_Motor_GM602019UpdateAngleAndOmegaEPh
                0x080087d8       0xf8 CMakeFiles/HW2_Speed.dir/Resources/motor.cpp.obj
                0x080087d8                Class_Motor_GM6020::UpdateAngleAndOmega(unsigned char*)
 .text._ZN18Class_Motor_GM602018CAN_RxCpltCallbackEPh
                0x080088d0       0x1a CMakeFiles/HW2_Speed.dir/Resources/motor.cpp.obj
                0x080088d0                Class_Motor_GM6020::CAN_RxCpltCallback(unsigned char*)
 .text._ZN18Class_Motor_GM602029TIM_PID_PeriodElapsedCallbackEv
                0x080088ea       0xe2 CMakeFiles/HW2_Speed.dir/Resources/motor.cpp.obj
                0x080088ea                Class_Motor_GM6020::TIM_PID_PeriodElapsedCallback()
 .text._ZN18Class_Motor_GM602010SendOutputEv
                0x080089cc       0x7c CMakeFiles/HW2_Speed.dir/Resources/motor.cpp.obj
                0x080089cc                Class_Motor_GM6020::SendOutput()
 .text._ZN9Class_PID10Set_TargetEf
                0x08008a48       0x1e CMakeFiles/HW2_Speed.dir/Resources/pid.cpp.obj
                0x08008a48                Class_PID::Set_Target(float)
 .text._ZN9Class_PID7Set_NowEf
                0x08008a66       0x1e CMakeFiles/HW2_Speed.dir/Resources/pid.cpp.obj
                0x08008a66                Class_PID::Set_Now(float)
 .text._ZN9Class_PID7Get_OutEv
                0x08008a84       0x1e CMakeFiles/HW2_Speed.dir/Resources/pid.cpp.obj
                0x08008a84                Class_PID::Get_Out()
 .text._ZN9Class_PID8Calc_PIDEv
                0x08008aa2      0x178 CMakeFiles/HW2_Speed.dir/Resources/pid.cpp.obj
                0x08008aa2                Class_PID::Calc_PID()
 *fill*         0x08008c1a        0x2 
 .text.Reset_Handler
                0x08008c1c       0x50 CMakeFiles/HW2_Speed.dir/startup_stm32f407xx.s.obj
                0x08008c1c                Reset_Handler
 .text.Default_Handler
                0x08008c6c        0x2 CMakeFiles/HW2_Speed.dir/startup_stm32f407xx.s.obj
                0x08008c6c                RTC_Alarm_IRQHandler
                0x08008c6c                HASH_RNG_IRQHandler
                0x08008c6c                EXTI2_IRQHandler
                0x08008c6c                TIM8_CC_IRQHandler
                0x08008c6c                TIM1_CC_IRQHandler
                0x08008c6c                DMA2_Stream5_IRQHandler
                0x08008c6c                DMA1_Stream5_IRQHandler
                0x08008c6c                PVD_IRQHandler
                0x08008c6c                SDIO_IRQHandler
                0x08008c6c                TAMP_STAMP_IRQHandler
                0x08008c6c                EXTI3_IRQHandler
                0x08008c6c                TIM8_TRG_COM_TIM14_IRQHandler
                0x08008c6c                TIM1_UP_TIM10_IRQHandler
                0x08008c6c                TIM8_UP_TIM13_IRQHandler
                0x08008c6c                I2C3_ER_IRQHandler
                0x08008c6c                EXTI0_IRQHandler
                0x08008c6c                I2C2_EV_IRQHandler
                0x08008c6c                DMA1_Stream2_IRQHandler
                0x08008c6c                FPU_IRQHandler
                0x08008c6c                OTG_HS_WKUP_IRQHandler
                0x08008c6c                CAN2_SCE_IRQHandler
                0x08008c6c                DMA2_Stream2_IRQHandler
                0x08008c6c                SPI1_IRQHandler
                0x08008c6c                TIM1_BRK_TIM9_IRQHandler
                0x08008c6c                DCMI_IRQHandler
                0x08008c6c                CAN2_RX0_IRQHandler
                0x08008c6c                DMA2_Stream3_IRQHandler
                0x08008c6c                CAN1_RX1_IRQHandler
                0x08008c6c                UART5_IRQHandler
                0x08008c6c                DMA2_Stream0_IRQHandler
                0x08008c6c                TIM4_IRQHandler
                0x08008c6c                I2C1_EV_IRQHandler
                0x08008c6c                DMA1_Stream6_IRQHandler
                0x08008c6c                UART4_IRQHandler
                0x08008c6c                TIM3_IRQHandler
                0x08008c6c                RCC_IRQHandler
                0x08008c6c                TIM8_BRK_TIM12_IRQHandler
                0x08008c6c                Default_Handler
                0x08008c6c                EXTI15_10_IRQHandler
                0x08008c6c                ADC_IRQHandler
                0x08008c6c                DMA1_Stream7_IRQHandler
                0x08008c6c                TIM7_IRQHandler
                0x08008c6c                CAN2_TX_IRQHandler
                0x08008c6c                TIM5_IRQHandler
                0x08008c6c                I2C3_EV_IRQHandler
                0x08008c6c                EXTI9_5_IRQHandler
                0x08008c6c                RTC_WKUP_IRQHandler
                0x08008c6c                ETH_WKUP_IRQHandler
                0x08008c6c                SPI2_IRQHandler
                0x08008c6c                OTG_HS_EP1_IN_IRQHandler
                0x08008c6c                DMA1_Stream0_IRQHandler
                0x08008c6c                CAN1_TX_IRQHandler
                0x08008c6c                EXTI4_IRQHandler
                0x08008c6c                FSMC_IRQHandler
                0x08008c6c                ETH_IRQHandler
                0x08008c6c                OTG_HS_EP1_OUT_IRQHandler
                0x08008c6c                WWDG_IRQHandler
                0x08008c6c                TIM2_IRQHandler
                0x08008c6c                OTG_FS_WKUP_IRQHandler
                0x08008c6c                TIM1_TRG_COM_TIM11_IRQHandler
                0x08008c6c                OTG_HS_IRQHandler
                0x08008c6c                EXTI1_IRQHandler
                0x08008c6c                USART2_IRQHandler
                0x08008c6c                I2C2_ER_IRQHandler
                0x08008c6c                CAN1_SCE_IRQHandler
                0x08008c6c                FLASH_IRQHandler
                0x08008c6c                DMA2_Stream4_IRQHandler
                0x08008c6c                USART1_IRQHandler
                0x08008c6c                OTG_FS_IRQHandler
                0x08008c6c                SPI3_IRQHandler
                0x08008c6c                DMA1_Stream4_IRQHandler
                0x08008c6c                I2C1_ER_IRQHandler
                0x08008c6c                DMA1_Stream3_IRQHandler
 *fill*         0x08008c6e        0x2 
 .text.sin      0x08008c70       0xa8 D:/STM32CubeCLT/STM32CubeCLT_1.18.0/GNU-tools-for-STM32/bin/../lib/gcc/arm-none-eabi/13.3.1/../../../../arm-none-eabi/lib/thumb/v7e-m+fp/hard\libm.a(libm_a-s_sin.o)
                0x08008c70                sin
 .text.__kernel_cos
                0x08008d18      0x18c D:/STM32CubeCLT/STM32CubeCLT_1.18.0/GNU-tools-for-STM32/bin/../lib/gcc/arm-none-eabi/13.3.1/../../../../arm-none-eabi/lib/thumb/v7e-m+fp/hard\libm.a(libm_a-k_cos.o)
                0x08008d18                __kernel_cos
 *fill*         0x08008ea4        0x4 
 .text.__kernel_sin
                0x08008ea8      0x174 D:/STM32CubeCLT/STM32CubeCLT_1.18.0/GNU-tools-for-STM32/bin/../lib/gcc/arm-none-eabi/13.3.1/../../../../arm-none-eabi/lib/thumb/v7e-m+fp/hard\libm.a(libm_a-k_sin.o)
                0x08008ea8                __kernel_sin
 *fill*         0x0800901c        0x4 
 .text.__ieee754_rem_pio2
                0x08009020      0x3f8 D:/STM32CubeCLT/STM32CubeCLT_1.18.0/GNU-tools-for-STM32/bin/../lib/gcc/arm-none-eabi/13.3.1/../../../../arm-none-eabi/lib/thumb/v7e-m+fp/hard\libm.a(libm_a-e_rem_pio2.o)
                0x08009020                __ieee754_rem_pio2
 .text.fabs     0x08009418       0x10 D:/STM32CubeCLT/STM32CubeCLT_1.18.0/GNU-tools-for-STM32/bin/../lib/gcc/arm-none-eabi/13.3.1/../../../../arm-none-eabi/lib/thumb/v7e-m+fp/hard\libm.a(libm_a-s_fabs.o)
                0x08009418                fabs
 .text.scalbn   0x08009428       0xf4 D:/STM32CubeCLT/STM32CubeCLT_1.18.0/GNU-tools-for-STM32/bin/../lib/gcc/arm-none-eabi/13.3.1/../../../../arm-none-eabi/lib/thumb/v7e-m+fp/hard\libm.a(libm_a-s_scalbn.o)
                0x08009428                scalbn
 *fill*         0x0800951c        0x4 
 .text.__kernel_rem_pio2
                0x08009520      0x6a0 D:/STM32CubeCLT/STM32CubeCLT_1.18.0/GNU-tools-for-STM32/bin/../lib/gcc/arm-none-eabi/13.3.1/../../../../arm-none-eabi/lib/thumb/v7e-m+fp/hard\libm.a(libm_a-k_rem_pio2.o)
                0x08009520                __kernel_rem_pio2
 .text.floor    0x08009bc0       0xf8 D:/STM32CubeCLT/STM32CubeCLT_1.18.0/GNU-tools-for-STM32/bin/../lib/gcc/arm-none-eabi/13.3.1/../../../../arm-none-eabi/lib/thumb/v7e-m+fp/hard\libm.a(libm_a-s_floor.o)
                0x08009bc0                floor
 .text.memset   0x08009cb8       0x10 D:/STM32CubeCLT/STM32CubeCLT_1.18.0/GNU-tools-for-STM32/bin/../lib/gcc/arm-none-eabi/13.3.1/../../../../arm-none-eabi/lib/thumb/v7e-m+fp/hard\libg_nano.a(libc_a-memset.o)
                0x08009cb8                memset
 .text.__libc_init_array
                0x08009cc8       0x48 D:/STM32CubeCLT/STM32CubeCLT_1.18.0/GNU-tools-for-STM32/bin/../lib/gcc/arm-none-eabi/13.3.1/../../../../arm-none-eabi/lib/thumb/v7e-m+fp/hard\libg_nano.a(libc_a-init.o)
                0x08009cc8                __libc_init_array
 *(.glue_7)
 .glue_7        0x08009d10        0x0 linker stubs
 *(.glue_7t)
 .glue_7t       0x08009d10        0x0 linker stubs
 *(.eh_frame)
 .eh_frame      0x08009d10        0x0 D:/STM32CubeCLT/STM32CubeCLT_1.18.0/GNU-tools-for-STM32/bin/../lib/gcc/arm-none-eabi/13.3.1/thumb/v7e-m+fp/hard/crtbegin.o
 *(.init)
 .init          0x08009d10        0x4 D:/STM32CubeCLT/STM32CubeCLT_1.18.0/GNU-tools-for-STM32/bin/../lib/gcc/arm-none-eabi/13.3.1/thumb/v7e-m+fp/hard/crti.o
                0x08009d10                _init
 .init          0x08009d14        0x8 D:/STM32CubeCLT/STM32CubeCLT_1.18.0/GNU-tools-for-STM32/bin/../lib/gcc/arm-none-eabi/13.3.1/thumb/v7e-m+fp/hard/crtn.o
 *(.fini)
 .fini          0x08009d1c        0x4 D:/STM32CubeCLT/STM32CubeCLT_1.18.0/GNU-tools-for-STM32/bin/../lib/gcc/arm-none-eabi/13.3.1/thumb/v7e-m+fp/hard/crti.o
                0x08009d1c                _fini
 .fini          0x08009d20        0x8 D:/STM32CubeCLT/STM32CubeCLT_1.18.0/GNU-tools-for-STM32/bin/../lib/gcc/arm-none-eabi/13.3.1/thumb/v7e-m+fp/hard/crtn.o
                0x08009d28                        . = ALIGN (0x4)
                0x08009d28                        _etext = .

.vfp11_veneer   0x08009d28        0x0
 .vfp11_veneer  0x08009d28        0x0 linker stubs

.v4_bx          0x08009d28        0x0
 .v4_bx         0x08009d28        0x0 linker stubs

.iplt           0x08009d28        0x0
 .iplt          0x08009d28        0x0 D:/STM32CubeCLT/STM32CubeCLT_1.18.0/GNU-tools-for-STM32/bin/../lib/gcc/arm-none-eabi/13.3.1/thumb/v7e-m+fp/hard/crtbegin.o

.rodata         0x08009d28      0x5f8
                0x08009d28                        . = ALIGN (0x4)
 *(.rodata)
 .rodata        0x08009d28       0x70 cmake/stm32cubemx/CMakeFiles/STM32_Drivers.dir/__/__/Drivers/STM32F4xx_HAL_Driver/Src/stm32f4xx_hal_can.c.obj
 .rodata        0x08009d98       0x70 cmake/stm32cubemx/CMakeFiles/STM32_Drivers.dir/__/__/Drivers/STM32F4xx_HAL_Driver/Src/stm32f4xx_hal_rcc.c.obj
 .rodata        0x08009e08       0x71 cmake/stm32cubemx/CMakeFiles/STM32_Drivers.dir/__/__/Drivers/STM32F4xx_HAL_Driver/Src/stm32f4xx_hal_gpio.c.obj
 *fill*         0x08009e79        0x3 
 .rodata        0x08009e7c       0x70 cmake/stm32cubemx/CMakeFiles/STM32_Drivers.dir/__/__/Drivers/STM32F4xx_HAL_Driver/Src/stm32f4xx_hal_dma.c.obj
 .rodata        0x08009eec       0x73 cmake/stm32cubemx/CMakeFiles/STM32_Drivers.dir/__/__/Drivers/STM32F4xx_HAL_Driver/Src/stm32f4xx_hal_cortex.c.obj
 *fill*         0x08009f5f        0x1 
 .rodata        0x08009f60       0x70 cmake/stm32cubemx/CMakeFiles/STM32_Drivers.dir/__/__/Drivers/STM32F4xx_HAL_Driver/Src/stm32f4xx_hal_spi.c.obj
 .rodata        0x08009fd0       0x70 cmake/stm32cubemx/CMakeFiles/STM32_Drivers.dir/__/__/Drivers/STM32F4xx_HAL_Driver/Src/stm32f4xx_hal_tim.c.obj
 .rodata        0x0800a040       0x73 cmake/stm32cubemx/CMakeFiles/STM32_Drivers.dir/__/__/Drivers/STM32F4xx_HAL_Driver/Src/stm32f4xx_hal_tim_ex.c.obj
 *fill*         0x0800a0b3        0x1 
 .rodata        0x0800a0b4       0x71 cmake/stm32cubemx/CMakeFiles/STM32_Drivers.dir/__/__/Drivers/STM32F4xx_HAL_Driver/Src/stm32f4xx_hal_uart.c.obj
 *(.rodata*)
 *fill*         0x0800a125        0x3 
 .rodata.AHBPrescTable
                0x0800a128       0x10 cmake/stm32cubemx/CMakeFiles/STM32_Drivers.dir/__/__/Core/Src/system_stm32f4xx.c.obj
                0x0800a128                AHBPrescTable
 .rodata.APBPrescTable
                0x0800a138        0x8 cmake/stm32cubemx/CMakeFiles/STM32_Drivers.dir/__/__/Core/Src/system_stm32f4xx.c.obj
                0x0800a138                APBPrescTable
 .rodata.flagBitshiftOffset.0
                0x0800a140        0x8 cmake/stm32cubemx/CMakeFiles/STM32_Drivers.dir/__/__/Drivers/STM32F4xx_HAL_Driver/Src/stm32f4xx_hal_dma.c.obj
 .rodata.npio2_hw
                0x0800a148       0x80 D:/STM32CubeCLT/STM32CubeCLT_1.18.0/GNU-tools-for-STM32/bin/../lib/gcc/arm-none-eabi/13.3.1/../../../../arm-none-eabi/lib/thumb/v7e-m+fp/hard\libm.a(libm_a-e_rem_pio2.o)
 .rodata.two_over_pi
                0x0800a1c8      0x108 D:/STM32CubeCLT/STM32CubeCLT_1.18.0/GNU-tools-for-STM32/bin/../lib/gcc/arm-none-eabi/13.3.1/../../../../arm-none-eabi/lib/thumb/v7e-m+fp/hard\libm.a(libm_a-e_rem_pio2.o)
 .rodata.PIo2   0x0800a2d0       0x40 D:/STM32CubeCLT/STM32CubeCLT_1.18.0/GNU-tools-for-STM32/bin/../lib/gcc/arm-none-eabi/13.3.1/../../../../arm-none-eabi/lib/thumb/v7e-m+fp/hard\libm.a(libm_a-k_rem_pio2.o)
 .rodata.init_jk
                0x0800a310       0x10 D:/STM32CubeCLT/STM32CubeCLT_1.18.0/GNU-tools-for-STM32/bin/../lib/gcc/arm-none-eabi/13.3.1/../../../../arm-none-eabi/lib/thumb/v7e-m+fp/hard\libm.a(libm_a-k_rem_pio2.o)
                0x0800a320                        . = ALIGN (0x4)

.ARM.extab      0x0800a320        0x0
                0x0800a320                        . = ALIGN (0x4)
 *(.ARM.extab* .gnu.linkonce.armextab.*)
                0x0800a320                        . = ALIGN (0x4)

.ARM            0x0800a320        0x8
                0x0800a320                        . = ALIGN (0x4)
                0x0800a320                        __exidx_start = .
 *(.ARM.exidx*)
 .ARM.exidx     0x0800a320        0x8 D:/STM32CubeCLT/STM32CubeCLT_1.18.0/GNU-tools-for-STM32/bin/../lib/gcc/arm-none-eabi/13.3.1/thumb/v7e-m+fp/hard\libgcc.a(_udivmoddi4.o)
                0x0800a328                        __exidx_end = .
                0x0800a328                        . = ALIGN (0x4)

.rel.dyn        0x0800a328        0x0
 .rel.iplt      0x0800a328        0x0 D:/STM32CubeCLT/STM32CubeCLT_1.18.0/GNU-tools-for-STM32/bin/../lib/gcc/arm-none-eabi/13.3.1/thumb/v7e-m+fp/hard/crtbegin.o

.preinit_array  0x0800a328        0x0
                0x0800a328                        . = ALIGN (0x4)
                0x0800a328                        PROVIDE (__preinit_array_start = .)
 *(.preinit_array*)
                0x0800a328                        PROVIDE (__preinit_array_end = .)
                0x0800a328                        . = ALIGN (0x4)

.init_array     0x0800a328        0x8
                0x0800a328                        . = ALIGN (0x4)
                0x0800a328                        PROVIDE (__init_array_start = .)
 *(SORT_BY_NAME(.init_array.*))
 *(.init_array*)
 .init_array    0x0800a328        0x4 D:/STM32CubeCLT/STM32CubeCLT_1.18.0/GNU-tools-for-STM32/bin/../lib/gcc/arm-none-eabi/13.3.1/thumb/v7e-m+fp/hard/crtbegin.o
 .init_array    0x0800a32c        0x4 CMakeFiles/HW2_Speed.dir/Tasks/task.cpp.obj
                0x0800a330                        PROVIDE (__init_array_end = .)
                0x0800a330                        . = ALIGN (0x4)

.fini_array     0x0800a330        0x4
                0x0800a330                        . = ALIGN (0x4)
                [!provide]                        PROVIDE (__fini_array_start = .)
 *(SORT_BY_NAME(.fini_array.*))
 *(.fini_array*)
 .fini_array    0x0800a330        0x4 D:/STM32CubeCLT/STM32CubeCLT_1.18.0/GNU-tools-for-STM32/bin/../lib/gcc/arm-none-eabi/13.3.1/thumb/v7e-m+fp/hard/crtbegin.o
                [!provide]                        PROVIDE (__fini_array_end = .)
                0x0800a334                        . = ALIGN (0x4)
                0x0800a334                        _siccmram = LOADADDR (.ccmram)

.ccmram         0x10000000        0x0 load address 0x0800a334
                0x10000000                        . = ALIGN (0x4)
                0x10000000                        _sccmram = .
 *(.ccmram)
 *(.ccmram*)
                0x10000000                        . = ALIGN (0x4)
                0x10000000                        _eccmram = .
                0x0800a334                        _sidata = LOADADDR (.data)

.data           0x20000000        0xc load address 0x0800a334
                0x20000000                        . = ALIGN (0x4)
                0x20000000                        _sdata = .
 *(.data)
 *(.data*)
 .data.SystemCoreClock
                0x20000000        0x4 cmake/stm32cubemx/CMakeFiles/STM32_Drivers.dir/__/__/Core/Src/system_stm32f4xx.c.obj
                0x20000000                SystemCoreClock
 .data.uwTickPrio
                0x20000004        0x4 cmake/stm32cubemx/CMakeFiles/STM32_Drivers.dir/__/__/Drivers/STM32F4xx_HAL_Driver/Src/stm32f4xx_hal.c.obj
                0x20000004                uwTickPrio
 .data.uwTickFreq
                0x20000008        0x1 cmake/stm32cubemx/CMakeFiles/STM32_Drivers.dir/__/__/Drivers/STM32F4xx_HAL_Driver/Src/stm32f4xx_hal.c.obj
                0x20000008                uwTickFreq
 *(.RamFunc)
 *(.RamFunc*)
                0x2000000c                        . = ALIGN (0x4)
 *fill*         0x20000009        0x3 

.igot.plt       0x2000000c        0x0 load address 0x0800a340
 .igot.plt      0x2000000c        0x0 D:/STM32CubeCLT/STM32CubeCLT_1.18.0/GNU-tools-for-STM32/bin/../lib/gcc/arm-none-eabi/13.3.1/thumb/v7e-m+fp/hard/crtbegin.o

.tdata          0x2000000c        0x0 load address 0x0800a340
 *(.tdata .tdata.* .gnu.linkonce.td.*)
                0x2000000c                        . = ALIGN (0x4)
                0x2000000c                        _edata = .
                [!provide]                        PROVIDE (__data_end = .)
                [!provide]                        PROVIDE (__tdata_end = .)
                [!provide]                        PROVIDE (__tdata_start = ADDR (.tdata))
                [!provide]                        PROVIDE (__tdata_size = (__tdata_end - __tdata_start))
                [!provide]                        PROVIDE (__data_start = ADDR (.data))
                [!provide]                        PROVIDE (__data_size = (__data_end - __data_start))
                [!provide]                        PROVIDE (__tdata_source = LOADADDR (.tdata))
                [!provide]                        PROVIDE (__tdata_source_end = (LOADADDR (.tdata) + SIZEOF (.tdata)))
                [!provide]                        PROVIDE (__tdata_source_size = (__tdata_source_end - __tdata_source))
                [!provide]                        PROVIDE (__data_source = LOADADDR (.data))
                [!provide]                        PROVIDE (__data_source_end = __tdata_source_end)
                [!provide]                        PROVIDE (__data_source_size = (__data_source_end - __data_source))

.tbss           0x2000000c        0x0 load address 0x0800a340
                0x2000000c                        _sbss = .
                0x2000000c                        __bss_start__ = _sbss
 *(.tbss .tbss.*)
                0x2000000c                        . = ALIGN (0x4)
                [!provide]                        PROVIDE (__tbss_end = .)
                [!provide]                        PROVIDE (__tbss_start = ADDR (.tbss))
                [!provide]                        PROVIDE (__tbss_size = (__tbss_end - __tbss_start))
                [!provide]                        PROVIDE (__tbss_offset = (ADDR (.tbss) - ADDR (.tdata)))
                [!provide]                        PROVIDE (__tls_base = __tdata_start)
                [!provide]                        PROVIDE (__tls_end = __tbss_end)
                [!provide]                        PROVIDE (__tls_size = (__tls_end - __tls_base))
                [!provide]                        PROVIDE (__tls_align = MAX (ALIGNOF (.tdata), ALIGNOF (.tbss)))
                [!provide]                        PROVIDE (__tls_size_align = (((__tls_size + __tls_align) - 0x1) & ~ ((__tls_align - 0x1))))
                [!provide]                        PROVIDE (__arm32_tls_tcb_offset = MAX (0x8, __tls_align))
                [!provide]                        PROVIDE (__arm64_tls_tcb_offset = MAX (0x10, __tls_align))

.bss            0x20000010      0x644 load address 0x0800a340
 *(.bss)
 .bss           0x20000010       0x1c D:/STM32CubeCLT/STM32CubeCLT_1.18.0/GNU-tools-for-STM32/bin/../lib/gcc/arm-none-eabi/13.3.1/thumb/v7e-m+fp/hard/crtbegin.o
 *(.bss*)
 .bss.uwTick    0x2000002c        0x4 cmake/stm32cubemx/CMakeFiles/STM32_Drivers.dir/__/__/Drivers/STM32F4xx_HAL_Driver/Src/stm32f4xx_hal.c.obj
                0x2000002c                uwTick
 .bss.hcan1     0x20000030       0x28 CMakeFiles/HW2_Speed.dir/Core/Src/can.c.obj
                0x20000030                hcan1
 .bss.hcan2     0x20000058       0x28 CMakeFiles/HW2_Speed.dir/Core/Src/can.c.obj
                0x20000058                hcan2
 .bss.HAL_RCC_CAN1_CLK_ENABLED
                0x20000080        0x4 CMakeFiles/HW2_Speed.dir/Core/Src/can.c.obj
 .bss.hspi1     0x20000084       0x58 CMakeFiles/HW2_Speed.dir/Core/Src/spi.c.obj
                0x20000084                hspi1
 .bss.htim4     0x200000dc       0x48 CMakeFiles/HW2_Speed.dir/Core/Src/tim.c.obj
                0x200000dc                htim4
 .bss.htim6     0x20000124       0x48 CMakeFiles/HW2_Speed.dir/Core/Src/tim.c.obj
                0x20000124                htim6
 .bss.htim10    0x2000016c       0x48 CMakeFiles/HW2_Speed.dir/Core/Src/tim.c.obj
                0x2000016c                htim10
 .bss.huart1    0x200001b4       0x48 CMakeFiles/HW2_Speed.dir/Core/Src/usart.c.obj
                0x200001b4                huart1
 .bss.huart3    0x200001fc       0x48 CMakeFiles/HW2_Speed.dir/Core/Src/usart.c.obj
                0x200001fc                huart3
 .bss.huart6    0x20000244       0x48 CMakeFiles/HW2_Speed.dir/Core/Src/usart.c.obj
                0x20000244                huart6
 .bss.hdma_usart1_tx
                0x2000028c       0x60 CMakeFiles/HW2_Speed.dir/Core/Src/usart.c.obj
                0x2000028c                hdma_usart1_tx
 .bss.hdma_usart3_rx
                0x200002ec       0x60 CMakeFiles/HW2_Speed.dir/Core/Src/usart.c.obj
                0x200002ec                hdma_usart3_rx
 .bss.hdma_usart6_rx
                0x2000034c       0x60 CMakeFiles/HW2_Speed.dir/Core/Src/usart.c.obj
                0x2000034c                hdma_usart6_rx
 .bss.hdma_usart6_tx
                0x200003ac       0x60 CMakeFiles/HW2_Speed.dir/Core/Src/usart.c.obj
                0x200003ac                hdma_usart6_tx
 .bss.motor1    0x2000040c       0x88 CMakeFiles/HW2_Speed.dir/Tasks/task.cpp.obj
                0x2000040c                motor1
 .bss.g_now_omega
                0x20000494        0x4 CMakeFiles/HW2_Speed.dir/Tasks/task.cpp.obj
                0x20000494                g_now_omega
 .bss.serial_plot
                0x20000498       0x58 CMakeFiles/HW2_Speed.dir/Tasks/task.cpp.obj
                0x20000498                serial_plot
 .bss._ZZ8MainTaskE10task_count
                0x200004f0        0x4 CMakeFiles/HW2_Speed.dir/Tasks/task.cpp.obj
 .bss.UART1_Manage_Object
                0x200004f4       0x10 CMakeFiles/HW2_Speed.dir/Resources/drv_uart.cpp.obj
                0x200004f4                UART1_Manage_Object
 .bss.UART2_Manage_Object
                0x20000504       0x10 CMakeFiles/HW2_Speed.dir/Resources/drv_uart.cpp.obj
                0x20000504                UART2_Manage_Object
 .bss.UART3_Manage_Object
                0x20000514       0x10 CMakeFiles/HW2_Speed.dir/Resources/drv_uart.cpp.obj
                0x20000514                UART3_Manage_Object
 .bss.UART4_Manage_Object
                0x20000524       0x10 CMakeFiles/HW2_Speed.dir/Resources/drv_uart.cpp.obj
                0x20000524                UART4_Manage_Object
 .bss.UART5_Manage_Object
                0x20000534       0x10 CMakeFiles/HW2_Speed.dir/Resources/drv_uart.cpp.obj
                0x20000534                UART5_Manage_Object
 .bss.UART6_Manage_Object
                0x20000544       0x10 CMakeFiles/HW2_Speed.dir/Resources/drv_uart.cpp.obj
                0x20000544                UART6_Manage_Object
 .bss.UART3_Tx_Data
                0x20000554      0x100 CMakeFiles/HW2_Speed.dir/Resources/drv_uart.cpp.obj
                0x20000554                UART3_Tx_Data
 *(COMMON)
                0x20000654                        . = ALIGN (0x4)
                0x20000654                        _ebss = .
                0x20000654                        __bss_end__ = _ebss
                [!provide]                        PROVIDE (__bss_end = .)
                [!provide]                        PROVIDE (__non_tls_bss_start = ADDR (.bss))
                [!provide]                        PROVIDE (__bss_start = __tbss_start)
                [!provide]                        PROVIDE (__bss_size = (__bss_end - __bss_start))

._user_heap_stack
                0x20000654      0x604 load address 0x0800a340
                0x20000658                        . = ALIGN (0x8)
 *fill*         0x20000654        0x4 
                [!provide]                        PROVIDE (end = .)
                0x20000658                        PROVIDE (_end = .)
                0x20000858                        . = (. + _Min_Heap_Size)
 *fill*         0x20000658      0x200 
                0x20000c58                        . = (. + _Min_Stack_Size)
 *fill*         0x20000858      0x400 
                0x20000c58                        . = ALIGN (0x8)

/DISCARD/
 libc.a:*(*)
 libm.a:*(*)
 libgcc.a:*(*)
OUTPUT(D:\files\25-26Autumn\Competition\RM\homework\HW2\HW2_Speed\build\HW2_Speed.elf elf32-littlearm)
LOAD linker stubs

.ARM.attributes
                0x00000000       0x30
 .ARM.attributes
                0x00000000       0x22 D:/STM32CubeCLT/STM32CubeCLT_1.18.0/GNU-tools-for-STM32/bin/../lib/gcc/arm-none-eabi/13.3.1/thumb/v7e-m+fp/hard/crti.o
 .ARM.attributes
                0x00000022       0x34 D:/STM32CubeCLT/STM32CubeCLT_1.18.0/GNU-tools-for-STM32/bin/../lib/gcc/arm-none-eabi/13.3.1/thumb/v7e-m+fp/hard/crtbegin.o
 .ARM.attributes
                0x00000056       0x34 cmake/stm32cubemx/CMakeFiles/STM32_Drivers.dir/__/__/Core/Src/system_stm32f4xx.c.obj
 .ARM.attributes
                0x0000008a       0x34 cmake/stm32cubemx/CMakeFiles/STM32_Drivers.dir/__/__/Drivers/STM32F4xx_HAL_Driver/Src/stm32f4xx_hal_can.c.obj
 .ARM.attributes
                0x000000be       0x34 cmake/stm32cubemx/CMakeFiles/STM32_Drivers.dir/__/__/Drivers/STM32F4xx_HAL_Driver/Src/stm32f4xx_hal_rcc.c.obj
 .ARM.attributes
                0x000000f2       0x34 cmake/stm32cubemx/CMakeFiles/STM32_Drivers.dir/__/__/Drivers/STM32F4xx_HAL_Driver/Src/stm32f4xx_hal_gpio.c.obj
 .ARM.attributes
                0x00000126       0x34 cmake/stm32cubemx/CMakeFiles/STM32_Drivers.dir/__/__/Drivers/STM32F4xx_HAL_Driver/Src/stm32f4xx_hal_dma.c.obj
 .ARM.attributes
                0x0000015a       0x34 cmake/stm32cubemx/CMakeFiles/STM32_Drivers.dir/__/__/Drivers/STM32F4xx_HAL_Driver/Src/stm32f4xx_hal_cortex.c.obj
 .ARM.attributes
                0x0000018e       0x34 cmake/stm32cubemx/CMakeFiles/STM32_Drivers.dir/__/__/Drivers/STM32F4xx_HAL_Driver/Src/stm32f4xx_hal.c.obj
 .ARM.attributes
                0x000001c2       0x34 cmake/stm32cubemx/CMakeFiles/STM32_Drivers.dir/__/__/Drivers/STM32F4xx_HAL_Driver/Src/stm32f4xx_hal_spi.c.obj
 .ARM.attributes
                0x000001f6       0x34 cmake/stm32cubemx/CMakeFiles/STM32_Drivers.dir/__/__/Drivers/STM32F4xx_HAL_Driver/Src/stm32f4xx_hal_tim.c.obj
 .ARM.attributes
                0x0000022a       0x34 cmake/stm32cubemx/CMakeFiles/STM32_Drivers.dir/__/__/Drivers/STM32F4xx_HAL_Driver/Src/stm32f4xx_hal_tim_ex.c.obj
 .ARM.attributes
                0x0000025e       0x34 cmake/stm32cubemx/CMakeFiles/STM32_Drivers.dir/__/__/Drivers/STM32F4xx_HAL_Driver/Src/stm32f4xx_hal_uart.c.obj
 .ARM.attributes
                0x00000292       0x34 CMakeFiles/HW2_Speed.dir/Core/Src/can.c.obj
 .ARM.attributes
                0x000002c6       0x34 CMakeFiles/HW2_Speed.dir/Core/Src/dma.c.obj
 .ARM.attributes
                0x000002fa       0x34 CMakeFiles/HW2_Speed.dir/Core/Src/gpio.c.obj
 .ARM.attributes
                0x0000032e       0x34 CMakeFiles/HW2_Speed.dir/Core/Src/main.c.obj
 .ARM.attributes
                0x00000362       0x34 CMakeFiles/HW2_Speed.dir/Core/Src/spi.c.obj
 .ARM.attributes
                0x00000396       0x34 CMakeFiles/HW2_Speed.dir/Core/Src/stm32f4xx_hal_msp.c.obj
 .ARM.attributes
                0x000003ca       0x34 CMakeFiles/HW2_Speed.dir/Core/Src/stm32f4xx_it.c.obj
 .ARM.attributes
                0x000003fe       0x34 CMakeFiles/HW2_Speed.dir/Core/Src/tim.c.obj
 .ARM.attributes
                0x00000432       0x34 CMakeFiles/HW2_Speed.dir/Core/Src/usart.c.obj
 .ARM.attributes
                0x00000466       0x34 CMakeFiles/HW2_Speed.dir/Tasks/task.cpp.obj
 .ARM.attributes
                0x0000049a       0x34 CMakeFiles/HW2_Speed.dir/Resources/HW_can.cpp.obj
 .ARM.attributes
                0x000004ce       0x34 CMakeFiles/HW2_Speed.dir/Resources/drv_uart.cpp.obj
 .ARM.attributes
                0x00000502       0x34 CMakeFiles/HW2_Speed.dir/Resources/dvc_serialplot.cpp.obj
 .ARM.attributes
                0x00000536       0x34 CMakeFiles/HW2_Speed.dir/Resources/motor.cpp.obj
 .ARM.attributes
                0x0000056a       0x34 CMakeFiles/HW2_Speed.dir/Resources/pid.cpp.obj
 .ARM.attributes
                0x0000059e       0x21 CMakeFiles/HW2_Speed.dir/startup_stm32f407xx.s.obj
 .ARM.attributes
                0x000005bf       0x34 D:/STM32CubeCLT/STM32CubeCLT_1.18.0/GNU-tools-for-STM32/bin/../lib/gcc/arm-none-eabi/13.3.1/../../../../arm-none-eabi/lib/thumb/v7e-m+fp/hard\libm.a(libm_a-s_sin.o)
 .ARM.attributes
                0x000005f3       0x34 D:/STM32CubeCLT/STM32CubeCLT_1.18.0/GNU-tools-for-STM32/bin/../lib/gcc/arm-none-eabi/13.3.1/../../../../arm-none-eabi/lib/thumb/v7e-m+fp/hard\libm.a(libm_a-k_cos.o)
 .ARM.attributes
                0x00000627       0x34 D:/STM32CubeCLT/STM32CubeCLT_1.18.0/GNU-tools-for-STM32/bin/../lib/gcc/arm-none-eabi/13.3.1/../../../../arm-none-eabi/lib/thumb/v7e-m+fp/hard\libm.a(libm_a-k_sin.o)
 .ARM.attributes
                0x0000065b       0x34 D:/STM32CubeCLT/STM32CubeCLT_1.18.0/GNU-tools-for-STM32/bin/../lib/gcc/arm-none-eabi/13.3.1/../../../../arm-none-eabi/lib/thumb/v7e-m+fp/hard\libm.a(libm_a-e_rem_pio2.o)
 .ARM.attributes
                0x0000068f       0x34 D:/STM32CubeCLT/STM32CubeCLT_1.18.0/GNU-tools-for-STM32/bin/../lib/gcc/arm-none-eabi/13.3.1/../../../../arm-none-eabi/lib/thumb/v7e-m+fp/hard\libm.a(libm_a-s_fabs.o)
 .ARM.attributes
                0x000006c3       0x34 D:/STM32CubeCLT/STM32CubeCLT_1.18.0/GNU-tools-for-STM32/bin/../lib/gcc/arm-none-eabi/13.3.1/../../../../arm-none-eabi/lib/thumb/v7e-m+fp/hard\libm.a(libm_a-s_scalbn.o)
 .ARM.attributes
                0x000006f7       0x34 D:/STM32CubeCLT/STM32CubeCLT_1.18.0/GNU-tools-for-STM32/bin/../lib/gcc/arm-none-eabi/13.3.1/../../../../arm-none-eabi/lib/thumb/v7e-m+fp/hard\libm.a(libm_a-k_rem_pio2.o)
 .ARM.attributes
                0x0000072b       0x34 D:/STM32CubeCLT/STM32CubeCLT_1.18.0/GNU-tools-for-STM32/bin/../lib/gcc/arm-none-eabi/13.3.1/../../../../arm-none-eabi/lib/thumb/v7e-m+fp/hard\libm.a(libm_a-s_floor.o)
 .ARM.attributes
                0x0000075f       0x22 D:/STM32CubeCLT/STM32CubeCLT_1.18.0/GNU-tools-for-STM32/bin/../lib/gcc/arm-none-eabi/13.3.1/thumb/v7e-m+fp/hard\libgcc.a(_arm_addsubdf3.o)
 .ARM.attributes
                0x00000781       0x22 D:/STM32CubeCLT/STM32CubeCLT_1.18.0/GNU-tools-for-STM32/bin/../lib/gcc/arm-none-eabi/13.3.1/thumb/v7e-m+fp/hard\libgcc.a(_arm_muldivdf3.o)
 .ARM.attributes
                0x000007a3       0x22 D:/STM32CubeCLT/STM32CubeCLT_1.18.0/GNU-tools-for-STM32/bin/../lib/gcc/arm-none-eabi/13.3.1/thumb/v7e-m+fp/hard\libgcc.a(_arm_cmpdf2.o)
 .ARM.attributes
                0x000007c5       0x22 D:/STM32CubeCLT/STM32CubeCLT_1.18.0/GNU-tools-for-STM32/bin/../lib/gcc/arm-none-eabi/13.3.1/thumb/v7e-m+fp/hard\libgcc.a(_arm_fixdfsi.o)
 .ARM.attributes
                0x000007e7       0x22 D:/STM32CubeCLT/STM32CubeCLT_1.18.0/GNU-tools-for-STM32/bin/../lib/gcc/arm-none-eabi/13.3.1/thumb/v7e-m+fp/hard\libgcc.a(_arm_truncdfsf2.o)
 .ARM.attributes
                0x00000809       0x22 D:/STM32CubeCLT/STM32CubeCLT_1.18.0/GNU-tools-for-STM32/bin/../lib/gcc/arm-none-eabi/13.3.1/thumb/v7e-m+fp/hard\libgcc.a(_aeabi_uldivmod.o)
 .ARM.attributes
                0x0000082b       0x34 D:/STM32CubeCLT/STM32CubeCLT_1.18.0/GNU-tools-for-STM32/bin/../lib/gcc/arm-none-eabi/13.3.1/thumb/v7e-m+fp/hard\libgcc.a(_udivmoddi4.o)
 .ARM.attributes
                0x0000085f       0x22 D:/STM32CubeCLT/STM32CubeCLT_1.18.0/GNU-tools-for-STM32/bin/../lib/gcc/arm-none-eabi/13.3.1/thumb/v7e-m+fp/hard\libgcc.a(_dvmd_tls.o)
 .ARM.attributes
                0x00000881       0x34 D:/STM32CubeCLT/STM32CubeCLT_1.18.0/GNU-tools-for-STM32/bin/../lib/gcc/arm-none-eabi/13.3.1/../../../../arm-none-eabi/lib/thumb/v7e-m+fp/hard\libg_nano.a(libc_a-memset.o)
 .ARM.attributes
                0x000008b5       0x34 D:/STM32CubeCLT/STM32CubeCLT_1.18.0/GNU-tools-for-STM32/bin/../lib/gcc/arm-none-eabi/13.3.1/../../../../arm-none-eabi/lib/thumb/v7e-m+fp/hard\libg_nano.a(libc_a-init.o)
 .ARM.attributes
                0x000008e9       0x22 D:/STM32CubeCLT/STM32CubeCLT_1.18.0/GNU-tools-for-STM32/bin/../lib/gcc/arm-none-eabi/13.3.1/thumb/v7e-m+fp/hard/crtn.o

.comment        0x00000000       0x43
 .comment       0x00000000       0x43 cmake/stm32cubemx/CMakeFiles/STM32_Drivers.dir/__/__/Core/Src/system_stm32f4xx.c.obj
                                 0x44 (size before relaxing)
 .comment       0x00000043       0x44 cmake/stm32cubemx/CMakeFiles/STM32_Drivers.dir/__/__/Drivers/STM32F4xx_HAL_Driver/Src/stm32f4xx_hal_can.c.obj
 .comment       0x00000043       0x44 cmake/stm32cubemx/CMakeFiles/STM32_Drivers.dir/__/__/Drivers/STM32F4xx_HAL_Driver/Src/stm32f4xx_hal_rcc.c.obj
 .comment       0x00000043       0x44 cmake/stm32cubemx/CMakeFiles/STM32_Drivers.dir/__/__/Drivers/STM32F4xx_HAL_Driver/Src/stm32f4xx_hal_gpio.c.obj
 .comment       0x00000043       0x44 cmake/stm32cubemx/CMakeFiles/STM32_Drivers.dir/__/__/Drivers/STM32F4xx_HAL_Driver/Src/stm32f4xx_hal_dma.c.obj
 .comment       0x00000043       0x44 cmake/stm32cubemx/CMakeFiles/STM32_Drivers.dir/__/__/Drivers/STM32F4xx_HAL_Driver/Src/stm32f4xx_hal_cortex.c.obj
 .comment       0x00000043       0x44 cmake/stm32cubemx/CMakeFiles/STM32_Drivers.dir/__/__/Drivers/STM32F4xx_HAL_Driver/Src/stm32f4xx_hal.c.obj
 .comment       0x00000043       0x44 cmake/stm32cubemx/CMakeFiles/STM32_Drivers.dir/__/__/Drivers/STM32F4xx_HAL_Driver/Src/stm32f4xx_hal_spi.c.obj
 .comment       0x00000043       0x44 cmake/stm32cubemx/CMakeFiles/STM32_Drivers.dir/__/__/Drivers/STM32F4xx_HAL_Driver/Src/stm32f4xx_hal_tim.c.obj
 .comment       0x00000043       0x44 cmake/stm32cubemx/CMakeFiles/STM32_Drivers.dir/__/__/Drivers/STM32F4xx_HAL_Driver/Src/stm32f4xx_hal_tim_ex.c.obj
 .comment       0x00000043       0x44 cmake/stm32cubemx/CMakeFiles/STM32_Drivers.dir/__/__/Drivers/STM32F4xx_HAL_Driver/Src/stm32f4xx_hal_uart.c.obj
 .comment       0x00000043       0x44 CMakeFiles/HW2_Speed.dir/Core/Src/can.c.obj
 .comment       0x00000043       0x44 CMakeFiles/HW2_Speed.dir/Core/Src/dma.c.obj
 .comment       0x00000043       0x44 CMakeFiles/HW2_Speed.dir/Core/Src/gpio.c.obj
 .comment       0x00000043       0x44 CMakeFiles/HW2_Speed.dir/Core/Src/main.c.obj
 .comment       0x00000043       0x44 CMakeFiles/HW2_Speed.dir/Core/Src/spi.c.obj
 .comment       0x00000043       0x44 CMakeFiles/HW2_Speed.dir/Core/Src/stm32f4xx_hal_msp.c.obj
 .comment       0x00000043       0x44 CMakeFiles/HW2_Speed.dir/Core/Src/stm32f4xx_it.c.obj
 .comment       0x00000043       0x44 CMakeFiles/HW2_Speed.dir/Core/Src/tim.c.obj
 .comment       0x00000043       0x44 CMakeFiles/HW2_Speed.dir/Core/Src/usart.c.obj
 .comment       0x00000043       0x44 CMakeFiles/HW2_Speed.dir/Tasks/task.cpp.obj
 .comment       0x00000043       0x44 CMakeFiles/HW2_Speed.dir/Resources/HW_can.cpp.obj
 .comment       0x00000043       0x44 CMakeFiles/HW2_Speed.dir/Resources/drv_uart.cpp.obj
 .comment       0x00000043       0x44 CMakeFiles/HW2_Speed.dir/Resources/dvc_serialplot.cpp.obj
 .comment       0x00000043       0x44 CMakeFiles/HW2_Speed.dir/Resources/motor.cpp.obj
 .comment       0x00000043       0x44 CMakeFiles/HW2_Speed.dir/Resources/pid.cpp.obj
 .comment       0x00000043       0x44 D:/STM32CubeCLT/STM32CubeCLT_1.18.0/GNU-tools-for-STM32/bin/../lib/gcc/arm-none-eabi/13.3.1/../../../../arm-none-eabi/lib/thumb/v7e-m+fp/hard\libg_nano.a(libc_a-memset.o)
 .comment       0x00000043       0x44 D:/STM32CubeCLT/STM32CubeCLT_1.18.0/GNU-tools-for-STM32/bin/../lib/gcc/arm-none-eabi/13.3.1/../../../../arm-none-eabi/lib/thumb/v7e-m+fp/hard\libg_nano.a(libc_a-init.o)

.debug_info     0x00000000    0x1a8ce
 .debug_info    0x00000000      0x512 cmake/stm32cubemx/CMakeFiles/STM32_Drivers.dir/__/__/Core/Src/system_stm32f4xx.c.obj
 .debug_info    0x00000512      0xf65 cmake/stm32cubemx/CMakeFiles/STM32_Drivers.dir/__/__/Drivers/STM32F4xx_HAL_Driver/Src/stm32f4xx_hal_can.c.obj
 .debug_info    0x00001477      0x8e0 cmake/stm32cubemx/CMakeFiles/STM32_Drivers.dir/__/__/Drivers/STM32F4xx_HAL_Driver/Src/stm32f4xx_hal_rcc.c.obj
 .debug_info    0x00001d57      0x6dc cmake/stm32cubemx/CMakeFiles/STM32_Drivers.dir/__/__/Drivers/STM32F4xx_HAL_Driver/Src/stm32f4xx_hal_gpio.c.obj
 .debug_info    0x00002433      0x904 cmake/stm32cubemx/CMakeFiles/STM32_Drivers.dir/__/__/Drivers/STM32F4xx_HAL_Driver/Src/stm32f4xx_hal_dma.c.obj
 .debug_info    0x00002d37      0xdc1 cmake/stm32cubemx/CMakeFiles/STM32_Drivers.dir/__/__/Drivers/STM32F4xx_HAL_Driver/Src/stm32f4xx_hal_cortex.c.obj
 .debug_info    0x00003af8      0x97e cmake/stm32cubemx/CMakeFiles/STM32_Drivers.dir/__/__/Drivers/STM32F4xx_HAL_Driver/Src/stm32f4xx_hal.c.obj
 .debug_info    0x00004476     0x153b cmake/stm32cubemx/CMakeFiles/STM32_Drivers.dir/__/__/Drivers/STM32F4xx_HAL_Driver/Src/stm32f4xx_hal_spi.c.obj
 .debug_info    0x000059b1     0x2a0f cmake/stm32cubemx/CMakeFiles/STM32_Drivers.dir/__/__/Drivers/STM32F4xx_HAL_Driver/Src/stm32f4xx_hal_tim.c.obj
 .debug_info    0x000083c0     0x153b cmake/stm32cubemx/CMakeFiles/STM32_Drivers.dir/__/__/Drivers/STM32F4xx_HAL_Driver/Src/stm32f4xx_hal_tim_ex.c.obj
 .debug_info    0x000098fb     0x2f64 cmake/stm32cubemx/CMakeFiles/STM32_Drivers.dir/__/__/Drivers/STM32F4xx_HAL_Driver/Src/stm32f4xx_hal_uart.c.obj
 .debug_info    0x0000c85f      0xb40 CMakeFiles/HW2_Speed.dir/Core/Src/can.c.obj
 .debug_info    0x0000d39f      0x4c6 CMakeFiles/HW2_Speed.dir/Core/Src/dma.c.obj
 .debug_info    0x0000d865      0x495 CMakeFiles/HW2_Speed.dir/Core/Src/gpio.c.obj
 .debug_info    0x0000dcfa      0x52f CMakeFiles/HW2_Speed.dir/Core/Src/main.c.obj
 .debug_info    0x0000e229      0x969 CMakeFiles/HW2_Speed.dir/Core/Src/spi.c.obj
 .debug_info    0x0000eb92      0x269 CMakeFiles/HW2_Speed.dir/Core/Src/stm32f4xx_hal_msp.c.obj
 .debug_info    0x0000edfb      0xe36 CMakeFiles/HW2_Speed.dir/Core/Src/stm32f4xx_it.c.obj
 .debug_info    0x0000fc31      0xf16 CMakeFiles/HW2_Speed.dir/Core/Src/tim.c.obj
 .debug_info    0x00010b47      0xcd2 CMakeFiles/HW2_Speed.dir/Core/Src/usart.c.obj
 .debug_info    0x00011819     0x2daa CMakeFiles/HW2_Speed.dir/Tasks/task.cpp.obj
 .debug_info    0x000145c3     0x2253 CMakeFiles/HW2_Speed.dir/Resources/HW_can.cpp.obj
 .debug_info    0x00016816      0x995 CMakeFiles/HW2_Speed.dir/Resources/drv_uart.cpp.obj
 .debug_info    0x000171ab     0x224a CMakeFiles/HW2_Speed.dir/Resources/dvc_serialplot.cpp.obj
 .debug_info    0x000193f5      0xdd4 CMakeFiles/HW2_Speed.dir/Resources/motor.cpp.obj
 .debug_info    0x0001a1c9      0x4ea CMakeFiles/HW2_Speed.dir/Resources/pid.cpp.obj
 .debug_info    0x0001a6b3       0x30 CMakeFiles/HW2_Speed.dir/startup_stm32f407xx.s.obj
 .debug_info    0x0001a6e3       0xe0 D:/STM32CubeCLT/STM32CubeCLT_1.18.0/GNU-tools-for-STM32/bin/../lib/gcc/arm-none-eabi/13.3.1/../../../../arm-none-eabi/lib/thumb/v7e-m+fp/hard\libg_nano.a(libc_a-memset.o)
 .debug_info    0x0001a7c3      0x10b D:/STM32CubeCLT/STM32CubeCLT_1.18.0/GNU-tools-for-STM32/bin/../lib/gcc/arm-none-eabi/13.3.1/../../../../arm-none-eabi/lib/thumb/v7e-m+fp/hard\libg_nano.a(libc_a-init.o)

.debug_abbrev   0x00000000     0x3f21
 .debug_abbrev  0x00000000      0x11a cmake/stm32cubemx/CMakeFiles/STM32_Drivers.dir/__/__/Core/Src/system_stm32f4xx.c.obj
 .debug_abbrev  0x0000011a      0x273 cmake/stm32cubemx/CMakeFiles/STM32_Drivers.dir/__/__/Drivers/STM32F4xx_HAL_Driver/Src/stm32f4xx_hal_can.c.obj
 .debug_abbrev  0x0000038d      0x2cc cmake/stm32cubemx/CMakeFiles/STM32_Drivers.dir/__/__/Drivers/STM32F4xx_HAL_Driver/Src/stm32f4xx_hal_rcc.c.obj
 .debug_abbrev  0x00000659      0x1f1 cmake/stm32cubemx/CMakeFiles/STM32_Drivers.dir/__/__/Drivers/STM32F4xx_HAL_Driver/Src/stm32f4xx_hal_gpio.c.obj
 .debug_abbrev  0x0000084a      0x279 cmake/stm32cubemx/CMakeFiles/STM32_Drivers.dir/__/__/Drivers/STM32F4xx_HAL_Driver/Src/stm32f4xx_hal_dma.c.obj
 .debug_abbrev  0x00000ac3      0x339 cmake/stm32cubemx/CMakeFiles/STM32_Drivers.dir/__/__/Drivers/STM32F4xx_HAL_Driver/Src/stm32f4xx_hal_cortex.c.obj
 .debug_abbrev  0x00000dfc      0x21b cmake/stm32cubemx/CMakeFiles/STM32_Drivers.dir/__/__/Drivers/STM32F4xx_HAL_Driver/Src/stm32f4xx_hal.c.obj
 .debug_abbrev  0x00001017      0x28f cmake/stm32cubemx/CMakeFiles/STM32_Drivers.dir/__/__/Drivers/STM32F4xx_HAL_Driver/Src/stm32f4xx_hal_spi.c.obj
 .debug_abbrev  0x000012a6      0x275 cmake/stm32cubemx/CMakeFiles/STM32_Drivers.dir/__/__/Drivers/STM32F4xx_HAL_Driver/Src/stm32f4xx_hal_tim.c.obj
 .debug_abbrev  0x0000151b      0x27f cmake/stm32cubemx/CMakeFiles/STM32_Drivers.dir/__/__/Drivers/STM32F4xx_HAL_Driver/Src/stm32f4xx_hal_tim_ex.c.obj
 .debug_abbrev  0x0000179a      0x323 cmake/stm32cubemx/CMakeFiles/STM32_Drivers.dir/__/__/Drivers/STM32F4xx_HAL_Driver/Src/stm32f4xx_hal_uart.c.obj
 .debug_abbrev  0x00001abd      0x225 CMakeFiles/HW2_Speed.dir/Core/Src/can.c.obj
 .debug_abbrev  0x00001ce2      0x11b CMakeFiles/HW2_Speed.dir/Core/Src/dma.c.obj
 .debug_abbrev  0x00001dfd      0x152 CMakeFiles/HW2_Speed.dir/Core/Src/gpio.c.obj
 .debug_abbrev  0x00001f4f      0x1f2 CMakeFiles/HW2_Speed.dir/Core/Src/main.c.obj
 .debug_abbrev  0x00002141      0x1fa CMakeFiles/HW2_Speed.dir/Core/Src/spi.c.obj
 .debug_abbrev  0x0000233b       0xd8 CMakeFiles/HW2_Speed.dir/Core/Src/stm32f4xx_hal_msp.c.obj
 .debug_abbrev  0x00002413      0x1fa CMakeFiles/HW2_Speed.dir/Core/Src/stm32f4xx_it.c.obj
 .debug_abbrev  0x0000260d      0x22c CMakeFiles/HW2_Speed.dir/Core/Src/tim.c.obj
 .debug_abbrev  0x00002839      0x25d CMakeFiles/HW2_Speed.dir/Core/Src/usart.c.obj
 .debug_abbrev  0x00002a96      0x4f0 CMakeFiles/HW2_Speed.dir/Tasks/task.cpp.obj
 .debug_abbrev  0x00002f86      0x3d2 CMakeFiles/HW2_Speed.dir/Resources/HW_can.cpp.obj
 .debug_abbrev  0x00003358      0x203 CMakeFiles/HW2_Speed.dir/Resources/drv_uart.cpp.obj
 .debug_abbrev  0x0000355b      0x3ec CMakeFiles/HW2_Speed.dir/Resources/dvc_serialplot.cpp.obj
 .debug_abbrev  0x00003947      0x328 CMakeFiles/HW2_Speed.dir/Resources/motor.cpp.obj
 .debug_abbrev  0x00003c6f      0x127 CMakeFiles/HW2_Speed.dir/Resources/pid.cpp.obj
 .debug_abbrev  0x00003d96       0x24 CMakeFiles/HW2_Speed.dir/startup_stm32f407xx.s.obj
 .debug_abbrev  0x00003dba       0x9e D:/STM32CubeCLT/STM32CubeCLT_1.18.0/GNU-tools-for-STM32/bin/../lib/gcc/arm-none-eabi/13.3.1/../../../../arm-none-eabi/lib/thumb/v7e-m+fp/hard\libg_nano.a(libc_a-memset.o)
 .debug_abbrev  0x00003e58       0xc9 D:/STM32CubeCLT/STM32CubeCLT_1.18.0/GNU-tools-for-STM32/bin/../lib/gcc/arm-none-eabi/13.3.1/../../../../arm-none-eabi/lib/thumb/v7e-m+fp/hard\libg_nano.a(libc_a-init.o)

.debug_aranges  0x00000000     0x12b0
 .debug_aranges
                0x00000000       0x28 cmake/stm32cubemx/CMakeFiles/STM32_Drivers.dir/__/__/Core/Src/system_stm32f4xx.c.obj
 .debug_aranges
                0x00000028      0x138 cmake/stm32cubemx/CMakeFiles/STM32_Drivers.dir/__/__/Drivers/STM32F4xx_HAL_Driver/Src/stm32f4xx_hal_can.c.obj
 .debug_aranges
                0x00000160       0x88 cmake/stm32cubemx/CMakeFiles/STM32_Drivers.dir/__/__/Drivers/STM32F4xx_HAL_Driver/Src/stm32f4xx_hal_rcc.c.obj
 .debug_aranges
                0x000001e8       0x58 cmake/stm32cubemx/CMakeFiles/STM32_Drivers.dir/__/__/Drivers/STM32F4xx_HAL_Driver/Src/stm32f4xx_hal_gpio.c.obj
 .debug_aranges
                0x00000240       0x90 cmake/stm32cubemx/CMakeFiles/STM32_Drivers.dir/__/__/Drivers/STM32F4xx_HAL_Driver/Src/stm32f4xx_hal_dma.c.obj
 .debug_aranges
                0x000002d0      0x130 cmake/stm32cubemx/CMakeFiles/STM32_Drivers.dir/__/__/Drivers/STM32F4xx_HAL_Driver/Src/stm32f4xx_hal_cortex.c.obj
 .debug_aranges
                0x00000400       0xf0 cmake/stm32cubemx/CMakeFiles/STM32_Drivers.dir/__/__/Drivers/STM32F4xx_HAL_Driver/Src/stm32f4xx_hal.c.obj
 .debug_aranges
                0x000004f0      0x1d0 cmake/stm32cubemx/CMakeFiles/STM32_Drivers.dir/__/__/Drivers/STM32F4xx_HAL_Driver/Src/stm32f4xx_hal_spi.c.obj
 .debug_aranges
                0x000006c0      0x3d0 cmake/stm32cubemx/CMakeFiles/STM32_Drivers.dir/__/__/Drivers/STM32F4xx_HAL_Driver/Src/stm32f4xx_hal_tim.c.obj
 .debug_aranges
                0x00000a90      0x168 cmake/stm32cubemx/CMakeFiles/STM32_Drivers.dir/__/__/Drivers/STM32F4xx_HAL_Driver/Src/stm32f4xx_hal_tim_ex.c.obj
 .debug_aranges
                0x00000bf8      0x208 cmake/stm32cubemx/CMakeFiles/STM32_Drivers.dir/__/__/Drivers/STM32F4xx_HAL_Driver/Src/stm32f4xx_hal_uart.c.obj
 .debug_aranges
                0x00000e00       0x38 CMakeFiles/HW2_Speed.dir/Core/Src/can.c.obj
 .debug_aranges
                0x00000e38       0x20 CMakeFiles/HW2_Speed.dir/Core/Src/dma.c.obj
 .debug_aranges
                0x00000e58       0x20 CMakeFiles/HW2_Speed.dir/Core/Src/gpio.c.obj
 .debug_aranges
                0x00000e78       0x38 CMakeFiles/HW2_Speed.dir/Core/Src/main.c.obj
 .debug_aranges
                0x00000eb0       0x30 CMakeFiles/HW2_Speed.dir/Core/Src/spi.c.obj
 .debug_aranges
                0x00000ee0       0x20 CMakeFiles/HW2_Speed.dir/Core/Src/stm32f4xx_hal_msp.c.obj
 .debug_aranges
                0x00000f00       0xa8 CMakeFiles/HW2_Speed.dir/Core/Src/stm32f4xx_it.c.obj
 .debug_aranges
                0x00000fa8       0x48 CMakeFiles/HW2_Speed.dir/Core/Src/tim.c.obj
 .debug_aranges
                0x00000ff0       0x40 CMakeFiles/HW2_Speed.dir/Core/Src/usart.c.obj
 .debug_aranges
                0x00001030       0x60 CMakeFiles/HW2_Speed.dir/Tasks/task.cpp.obj
 .debug_aranges
                0x00001090       0x30 CMakeFiles/HW2_Speed.dir/Resources/HW_can.cpp.obj
 .debug_aranges
                0x000010c0       0x38 CMakeFiles/HW2_Speed.dir/Resources/drv_uart.cpp.obj
 .debug_aranges
                0x000010f8       0x68 CMakeFiles/HW2_Speed.dir/Resources/dvc_serialplot.cpp.obj
 .debug_aranges
                0x00001160       0x70 CMakeFiles/HW2_Speed.dir/Resources/motor.cpp.obj
 .debug_aranges
                0x000011d0       0x78 CMakeFiles/HW2_Speed.dir/Resources/pid.cpp.obj
 .debug_aranges
                0x00001248       0x28 CMakeFiles/HW2_Speed.dir/startup_stm32f407xx.s.obj
 .debug_aranges
                0x00001270       0x20 D:/STM32CubeCLT/STM32CubeCLT_1.18.0/GNU-tools-for-STM32/bin/../lib/gcc/arm-none-eabi/13.3.1/../../../../arm-none-eabi/lib/thumb/v7e-m+fp/hard\libg_nano.a(libc_a-memset.o)
 .debug_aranges
                0x00001290       0x20 D:/STM32CubeCLT/STM32CubeCLT_1.18.0/GNU-tools-for-STM32/bin/../lib/gcc/arm-none-eabi/13.3.1/../../../../arm-none-eabi/lib/thumb/v7e-m+fp/hard\libg_nano.a(libc_a-init.o)

.debug_rnglists
                0x00000000      0xe6b
 .debug_rnglists
                0x00000000       0x1a cmake/stm32cubemx/CMakeFiles/STM32_Drivers.dir/__/__/Core/Src/system_stm32f4xx.c.obj
 .debug_rnglists
                0x0000001a       0xef cmake/stm32cubemx/CMakeFiles/STM32_Drivers.dir/__/__/Drivers/STM32F4xx_HAL_Driver/Src/stm32f4xx_hal_can.c.obj
 .debug_rnglists
                0x00000109       0x66 cmake/stm32cubemx/CMakeFiles/STM32_Drivers.dir/__/__/Drivers/STM32F4xx_HAL_Driver/Src/stm32f4xx_hal_rcc.c.obj
 .debug_rnglists
                0x0000016f       0x3f cmake/stm32cubemx/CMakeFiles/STM32_Drivers.dir/__/__/Drivers/STM32F4xx_HAL_Driver/Src/stm32f4xx_hal_gpio.c.obj
 .debug_rnglists
                0x000001ae       0x71 cmake/stm32cubemx/CMakeFiles/STM32_Drivers.dir/__/__/Drivers/STM32F4xx_HAL_Driver/Src/stm32f4xx_hal_dma.c.obj
 .debug_rnglists
                0x0000021f       0xe0 cmake/stm32cubemx/CMakeFiles/STM32_Drivers.dir/__/__/Drivers/STM32F4xx_HAL_Driver/Src/stm32f4xx_hal_cortex.c.obj
 .debug_rnglists
                0x000002ff       0xaf cmake/stm32cubemx/CMakeFiles/STM32_Drivers.dir/__/__/Drivers/STM32F4xx_HAL_Driver/Src/stm32f4xx_hal.c.obj
 .debug_rnglists
                0x000003ae      0x170 cmake/stm32cubemx/CMakeFiles/STM32_Drivers.dir/__/__/Drivers/STM32F4xx_HAL_Driver/Src/stm32f4xx_hal_spi.c.obj
 .debug_rnglists
                0x0000051e      0x321 cmake/stm32cubemx/CMakeFiles/STM32_Drivers.dir/__/__/Drivers/STM32F4xx_HAL_Driver/Src/stm32f4xx_hal_tim.c.obj
 .debug_rnglists
                0x0000083f      0x129 cmake/stm32cubemx/CMakeFiles/STM32_Drivers.dir/__/__/Drivers/STM32F4xx_HAL_Driver/Src/stm32f4xx_hal_tim_ex.c.obj
 .debug_rnglists
                0x00000968      0x1c0 cmake/stm32cubemx/CMakeFiles/STM32_Drivers.dir/__/__/Drivers/STM32F4xx_HAL_Driver/Src/stm32f4xx_hal_uart.c.obj
 .debug_rnglists
                0x00000b28       0x27 CMakeFiles/HW2_Speed.dir/Core/Src/can.c.obj
 .debug_rnglists
                0x00000b4f       0x14 CMakeFiles/HW2_Speed.dir/Core/Src/dma.c.obj
 .debug_rnglists
                0x00000b63       0x14 CMakeFiles/HW2_Speed.dir/Core/Src/gpio.c.obj
 .debug_rnglists
                0x00000b77       0x26 CMakeFiles/HW2_Speed.dir/Core/Src/main.c.obj
 .debug_rnglists
                0x00000b9d       0x20 CMakeFiles/HW2_Speed.dir/Core/Src/spi.c.obj
 .debug_rnglists
                0x00000bbd       0x13 CMakeFiles/HW2_Speed.dir/Core/Src/stm32f4xx_hal_msp.c.obj
 .debug_rnglists
                0x00000bd0       0x79 CMakeFiles/HW2_Speed.dir/Core/Src/stm32f4xx_it.c.obj
 .debug_rnglists
                0x00000c49       0x35 CMakeFiles/HW2_Speed.dir/Core/Src/tim.c.obj
 .debug_rnglists
                0x00000c7e       0x2d CMakeFiles/HW2_Speed.dir/Core/Src/usart.c.obj
 .debug_rnglists
                0x00000cab       0x46 CMakeFiles/HW2_Speed.dir/Tasks/task.cpp.obj
 .debug_rnglists
                0x00000cf1       0x1f CMakeFiles/HW2_Speed.dir/Resources/HW_can.cpp.obj
 .debug_rnglists
                0x00000d10       0x27 CMakeFiles/HW2_Speed.dir/Resources/drv_uart.cpp.obj
 .debug_rnglists
                0x00000d37       0x4d CMakeFiles/HW2_Speed.dir/Resources/dvc_serialplot.cpp.obj
 .debug_rnglists
                0x00000d84       0x52 CMakeFiles/HW2_Speed.dir/Resources/motor.cpp.obj
 .debug_rnglists
                0x00000dd6       0x56 CMakeFiles/HW2_Speed.dir/Resources/pid.cpp.obj
 .debug_rnglists
                0x00000e2c       0x19 CMakeFiles/HW2_Speed.dir/startup_stm32f407xx.s.obj
 .debug_rnglists
                0x00000e45       0x13 D:/STM32CubeCLT/STM32CubeCLT_1.18.0/GNU-tools-for-STM32/bin/../lib/gcc/arm-none-eabi/13.3.1/../../../../arm-none-eabi/lib/thumb/v7e-m+fp/hard\libg_nano.a(libc_a-memset.o)
 .debug_rnglists
                0x00000e58       0x13 D:/STM32CubeCLT/STM32CubeCLT_1.18.0/GNU-tools-for-STM32/bin/../lib/gcc/arm-none-eabi/13.3.1/../../../../arm-none-eabi/lib/thumb/v7e-m+fp/hard\libg_nano.a(libc_a-init.o)

.debug_macro    0x00000000    0x271d4
 .debug_macro   0x00000000      0x1e2 cmake/stm32cubemx/CMakeFiles/STM32_Drivers.dir/__/__/Core/Src/system_stm32f4xx.c.obj
 .debug_macro   0x000001e2      0xade cmake/stm32cubemx/CMakeFiles/STM32_Drivers.dir/__/__/Core/Src/system_stm32f4xx.c.obj
 .debug_macro   0x00000cc0       0x2e cmake/stm32cubemx/CMakeFiles/STM32_Drivers.dir/__/__/Core/Src/system_stm32f4xx.c.obj
 .debug_macro   0x00000cee       0x2f cmake/stm32cubemx/CMakeFiles/STM32_Drivers.dir/__/__/Core/Src/system_stm32f4xx.c.obj
 .debug_macro   0x00000d1d       0x22 cmake/stm32cubemx/CMakeFiles/STM32_Drivers.dir/__/__/Core/Src/system_stm32f4xx.c.obj
 .debug_macro   0x00000d3f       0x8e cmake/stm32cubemx/CMakeFiles/STM32_Drivers.dir/__/__/Core/Src/system_stm32f4xx.c.obj
 .debug_macro   0x00000dcd       0x51 cmake/stm32cubemx/CMakeFiles/STM32_Drivers.dir/__/__/Core/Src/system_stm32f4xx.c.obj
 .debug_macro   0x00000e1e      0x103 cmake/stm32cubemx/CMakeFiles/STM32_Drivers.dir/__/__/Core/Src/system_stm32f4xx.c.obj
 .debug_macro   0x00000f21       0x6a cmake/stm32cubemx/CMakeFiles/STM32_Drivers.dir/__/__/Core/Src/system_stm32f4xx.c.obj
 .debug_macro   0x00000f8b      0x1df cmake/stm32cubemx/CMakeFiles/STM32_Drivers.dir/__/__/Core/Src/system_stm32f4xx.c.obj
 .debug_macro   0x0000116a       0x1c cmake/stm32cubemx/CMakeFiles/STM32_Drivers.dir/__/__/Core/Src/system_stm32f4xx.c.obj
 .debug_macro   0x00001186       0x22 cmake/stm32cubemx/CMakeFiles/STM32_Drivers.dir/__/__/Core/Src/system_stm32f4xx.c.obj
 .debug_macro   0x000011a8       0xfb cmake/stm32cubemx/CMakeFiles/STM32_Drivers.dir/__/__/Core/Src/system_stm32f4xx.c.obj
 .debug_macro   0x000012a3     0x1011 cmake/stm32cubemx/CMakeFiles/STM32_Drivers.dir/__/__/Core/Src/system_stm32f4xx.c.obj
 .debug_macro   0x000022b4      0x11f cmake/stm32cubemx/CMakeFiles/STM32_Drivers.dir/__/__/Core/Src/system_stm32f4xx.c.obj