Archive member included to satisfy reference by file (symbol)

c:/users/xiaom/.eide/tools/gcc_arm/bin/../lib/gcc/arm-none-eabi/10.2.1/thumb/v7e-m+fp/hard\libgcc.a(_arm_muldf3.o)
                              CMakeFiles/HW2_Speed.dir/Resources/motor.cpp.obj (__aeabi_dmul)
c:/users/xiaom/.eide/tools/gcc_arm/bin/../lib/gcc/arm-none-eabi/10.2.1/thumb/v7e-m+fp/hard\libgcc.a(_arm_addsubdf3.o)
                              CMakeFiles/HW2_Speed.dir/Resources/motor.cpp.obj (__aeabi_f2d)
c:/users/xiaom/.eide/tools/gcc_arm/bin/../lib/gcc/arm-none-eabi/10.2.1/thumb/v7e-m+fp/hard\libgcc.a(_arm_truncdfsf2.o)
                              CMakeFiles/HW2_Speed.dir/Resources/motor.cpp.obj (__aeabi_d2f)
c:/users/xiaom/.eide/tools/gcc_arm/bin/../lib/gcc/arm-none-eabi/10.2.1/thumb/v7e-m+fp/hard\libgcc.a(_aeabi_uldivmod.o)
                              cmake/stm32cubemx/CMakeFiles/STM32_Drivers.dir/__/__/Drivers/STM32F4xx_HAL_Driver/Src/stm32f4xx_hal_rcc.c.obj (__aeabi_uldivmod)
c:/users/xiaom/.eide/tools/gcc_arm/bin/../lib/gcc/arm-none-eabi/10.2.1/thumb/v7e-m+fp/hard\libgcc.a(_udivmoddi4.o)
                              c:/users/xiaom/.eide/tools/gcc_arm/bin/../lib/gcc/arm-none-eabi/10.2.1/thumb/v7e-m+fp/hard\libgcc.a(_aeabi_uldivmod.o) (__udivmoddi4)
c:/users/xiaom/.eide/tools/gcc_arm/bin/../lib/gcc/arm-none-eabi/10.2.1/thumb/v7e-m+fp/hard\libgcc.a(_dvmd_tls.o)
                              c:/users/xiaom/.eide/tools/gcc_arm/bin/../lib/gcc/arm-none-eabi/10.2.1/thumb/v7e-m+fp/hard\libgcc.a(_aeabi_uldivmod.o) (__aeabi_ldiv0)
c:/users/xiaom/.eide/tools/gcc_arm/bin/../lib/gcc/arm-none-eabi/10.2.1/../../../../arm-none-eabi/lib/thumb/v7e-m+fp/hard\libg_nano.a(lib_a-errno.o)
                              CMakeFiles/HW2_Speed.dir/Core/Src/syscalls.c.obj (__errno)
c:/users/xiaom/.eide/tools/gcc_arm/bin/../lib/gcc/arm-none-eabi/10.2.1/../../../../arm-none-eabi/lib/thumb/v7e-m+fp/hard\libg_nano.a(lib_a-exit.o)
                              c:/users/xiaom/.eide/tools/gcc_arm/bin/../lib/gcc/arm-none-eabi/10.2.1/../../../../arm-none-eabi/lib/thumb/v7e-m+fp/hard/crt0.o (exit)
c:/users/xiaom/.eide/tools/gcc_arm/bin/../lib/gcc/arm-none-eabi/10.2.1/../../../../arm-none-eabi/lib/thumb/v7e-m+fp/hard\libg_nano.a(lib_a-impure.o)
                              c:/users/xiaom/.eide/tools/gcc_arm/bin/../lib/gcc/arm-none-eabi/10.2.1/../../../../arm-none-eabi/lib/thumb/v7e-m+fp/hard\libg_nano.a(lib_a-exit.o) (_global_impure_ptr)
c:/users/xiaom/.eide/tools/gcc_arm/bin/../lib/gcc/arm-none-eabi/10.2.1/../../../../arm-none-eabi/lib/thumb/v7e-m+fp/hard\libg_nano.a(lib_a-init.o)
                              c:/users/xiaom/.eide/tools/gcc_arm/bin/../lib/gcc/arm-none-eabi/10.2.1/../../../../arm-none-eabi/lib/thumb/v7e-m+fp/hard/crt0.o (__libc_init_array)
c:/users/xiaom/.eide/tools/gcc_arm/bin/../lib/gcc/arm-none-eabi/10.2.1/../../../../arm-none-eabi/lib/thumb/v7e-m+fp/hard\libg_nano.a(lib_a-memset.o)
                              c:/users/xiaom/.eide/tools/gcc_arm/bin/../lib/gcc/arm-none-eabi/10.2.1/../../../../arm-none-eabi/lib/thumb/v7e-m+fp/hard/crt0.o (memset)

Discarded input sections

 .text          0x00000000        0x0 c:/users/xiaom/.eide/tools/gcc_arm/bin/../lib/gcc/arm-none-eabi/10.2.1/thumb/v7e-m+fp/hard/crti.o
 .data          0x00000000        0x0 c:/users/xiaom/.eide/tools/gcc_arm/bin/../lib/gcc/arm-none-eabi/10.2.1/thumb/v7e-m+fp/hard/crti.o
 .bss           0x00000000        0x0 c:/users/xiaom/.eide/tools/gcc_arm/bin/../lib/gcc/arm-none-eabi/10.2.1/thumb/v7e-m+fp/hard/crti.o
 .data          0x00000000        0x4 c:/users/xiaom/.eide/tools/gcc_arm/bin/../lib/gcc/arm-none-eabi/10.2.1/thumb/v7e-m+fp/hard/crtbegin.o
 .rodata        0x00000000       0x24 c:/users/xiaom/.eide/tools/gcc_arm/bin/../lib/gcc/arm-none-eabi/10.2.1/thumb/v7e-m+fp/hard/crtbegin.o
 .text          0x00000000       0x7c c:/users/xiaom/.eide/tools/gcc_arm/bin/../lib/gcc/arm-none-eabi/10.2.1/../../../../arm-none-eabi/lib/thumb/v7e-m+fp/hard/crt0.o
 .data          0x00000000        0x0 c:/users/xiaom/.eide/tools/gcc_arm/bin/../lib/gcc/arm-none-eabi/10.2.1/../../../../arm-none-eabi/lib/thumb/v7e-m+fp/hard/crt0.o
 .bss           0x00000000        0x0 c:/users/xiaom/.eide/tools/gcc_arm/bin/../lib/gcc/arm-none-eabi/10.2.1/../../../../arm-none-eabi/lib/thumb/v7e-m+fp/hard/crt0.o
 .ARM.extab     0x00000000        0x0 c:/users/xiaom/.eide/tools/gcc_arm/bin/../lib/gcc/arm-none-eabi/10.2.1/../../../../arm-none-eabi/lib/thumb/v7e-m+fp/hard/crt0.o
 .ARM.exidx     0x00000000       0x10 c:/users/xiaom/.eide/tools/gcc_arm/bin/../lib/gcc/arm-none-eabi/10.2.1/../../../../arm-none-eabi/lib/thumb/v7e-m+fp/hard/crt0.o
 .ARM.attributes
                0x00000000       0x1c c:/users/xiaom/.eide/tools/gcc_arm/bin/../lib/gcc/arm-none-eabi/10.2.1/../../../../arm-none-eabi/lib/thumb/v7e-m+fp/hard/crt0.o
 .group         0x00000000        0xc cmake/stm32cubemx/CMakeFiles/STM32_Drivers.dir/__/__/Core/Src/system_stm32f4xx.c.obj
[...]
Memory Configuration

Name             Origin             Length             Attributes
RAM              0x20000000         0x00020000         xrw
CCMRAM           0x10000000         0x00010000         xrw
FLASH            0x08000000         0x00100000         xr
*default*        0x00000000         0xffffffff

Linker script and memory map

LOAD c:/users/xiaom/.eide/tools/gcc_arm/bin/../lib/gcc/arm-none-eabi/10.2.1/thumb/v7e-m+fp/hard/crti.o
LOAD c:/users/xiaom/.eide/tools/gcc_arm/bin/../lib/gcc/arm-none-eabi/10.2.1/thumb/v7e-m+fp/hard/crtbegin.o
LOAD c:/users/xiaom/.eide/tools/gcc_arm/bin/../lib/gcc/arm-none-eabi/10.2.1/../../../../arm-none-eabi/lib/thumb/v7e-m+fp/hard/crt0.o
LOAD cmake/stm32cubemx/CMakeFiles/STM32_Drivers.dir/__/__/Core/Src/system_stm32f4xx.c.obj
LOAD cmake/stm32cubemx/CMakeFiles/STM32_Drivers.dir/__/__/Drivers/STM32F4xx_HAL_Driver/Src/stm32f4xx_hal_can.c.obj
LOAD cmake/stm32cubemx/CMakeFiles/STM32_Drivers.dir/__/__/Drivers/STM32F4xx_HAL_Driver/Src/stm32f4xx_hal_rcc.c.obj
LOAD cmake/stm32cubemx/CMakeFiles/STM32_Drivers.dir/__/__/Drivers/STM32F4xx_HAL_Driver/Src/stm32f4xx_hal_rcc_ex.c.obj
LOAD cmake/stm32cubemx/CMakeFiles/STM32_Drivers.dir/__/__/Drivers/STM32F4xx_HAL_Driver/Src/stm32f4xx_hal_flash.c.obj
LOAD cmake/stm32cubemx/CMakeFiles/STM32_Drivers.dir/__/__/Drivers/STM32F4xx_HAL_Driver/Src/stm32f4xx_hal_flash_ex.c.obj
LOAD cmake/stm32cubemx/CMakeFiles/STM32_Drivers.dir/__/__/Drivers/STM32F4xx_HAL_Driver/Src/stm32f4xx_hal_flash_ramfunc.c.obj
LOAD cmake/stm32cubemx/CMakeFiles/STM32_Drivers.dir/__/__/Drivers/STM32F4xx_HAL_Driver/Src/stm32f4xx_hal_gpio.c.obj
LOAD cmake/stm32cubemx/CMakeFiles/STM32_Drivers.dir/__/__/Drivers/STM32F4xx_HAL_Driver/Src/stm32f4xx_hal_dma_ex.c.obj
LOAD cmake/stm32cubemx/CMakeFiles/STM32_Drivers.dir/__/__/Drivers/STM32F4xx_HAL_Driver/Src/stm32f4xx_hal_dma.c.obj
LOAD cmake/stm32cubemx/CMakeFiles/STM32_Drivers.dir/__/__/Drivers/STM32F4xx_HAL_Driver/Src/stm32f4xx_hal_pwr.c.obj
LOAD cmake/stm32cubemx/CMakeFiles/STM32_Drivers.dir/__/__/Drivers/STM32F4xx_HAL_Driver/Src/stm32f4xx_hal_pwr_ex.c.obj
LOAD cmake/stm32cubemx/CMakeFiles/STM32_Drivers.dir/__/__/Drivers/STM32F4xx_HAL_Driver/Src/stm32f4xx_hal_cortex.c.obj
LOAD cmake/stm32cubemx/CMakeFiles/STM32_Drivers.dir/__/__/Drivers/STM32F4xx_HAL_Driver/Src/stm32f4xx_hal.c.obj
LOAD cmake/stm32cubemx/CMakeFiles/STM32_Drivers.dir/__/__/Drivers/STM32F4xx_HAL_Driver/Src/stm32f4xx_hal_exti.c.obj
LOAD cmake/stm32cubemx/CMakeFiles/STM32_Drivers.dir/__/__/Drivers/STM32F4xx_HAL_Driver/Src/stm32f4xx_hal_spi.c.obj
LOAD cmake/stm32cubemx/CMakeFiles/STM32_Drivers.dir/__/__/Drivers/STM32F4xx_HAL_Driver/Src/stm32f4xx_hal_tim.c.obj
LOAD cmake/stm32cubemx/CMakeFiles/STM32_Drivers.dir/__/__/Drivers/STM32F4xx_HAL_Driver/Src/stm32f4xx_hal_tim_ex.c.obj
LOAD cmake/stm32cubemx/CMakeFiles/STM32_Drivers.dir/__/__/Drivers/STM32F4xx_HAL_Driver/Src/stm32f4xx_hal_uart.c.obj
LOAD CMakeFiles/HW2_Speed.dir/Core/Src/can.c.obj
LOAD CMakeFiles/HW2_Speed.dir/Core/Src/dma.c.obj
LOAD CMakeFiles/HW2_Speed.dir/Core/Src/gpio.c.obj
LOAD CMakeFiles/HW2_Speed.dir/Core/Src/main.c.obj
LOAD CMakeFiles/HW2_Speed.dir/Core/Src/spi.c.obj
LOAD CMakeFiles/HW2_Speed.dir/Core/Src/stm32f4xx_hal_msp.c.obj
LOAD CMakeFiles/HW2_Speed.dir/Core/Src/stm32f4xx_it.c.obj
LOAD CMakeFiles/HW2_Speed.dir/Core/Src/syscalls.c.obj
LOAD CMakeFiles/HW2_Speed.dir/Core/Src/sysmem.c.obj
LOAD CMakeFiles/HW2_Speed.dir/Core/Src/tim.c.obj
LOAD CMakeFiles/HW2_Speed.dir/Core/Src/usart.c.obj
LOAD CMakeFiles/HW2_Speed.dir/Tasks/task.cpp.obj
LOAD CMakeFiles/HW2_Speed.dir/Resources/HW_can.cpp.obj
LOAD CMakeFiles/HW2_Speed.dir/Resources/motor.cpp.obj
LOAD CMakeFiles/HW2_Speed.dir/Resources/pid.cpp.obj
LOAD CMakeFiles/HW2_Speed.dir/startup_stm32f407xx.s.obj
LOAD libdrivers.a
LOAD c:/users/xiaom/.eide/tools/gcc_arm/bin/../lib/gcc/arm-none-eabi/10.2.1/../../../../arm-none-eabi/lib/thumb/v7e-m+fp/hard\libstdc++_nano.a
LOAD c:/users/xiaom/.eide/tools/gcc_arm/bin/../lib/gcc/arm-none-eabi/10.2.1/../../../../arm-none-eabi/lib/thumb/v7e-m+fp/hard\libm.a
START GROUP
LOAD c:/users/xiaom/.eide/tools/gcc_arm/bin/../lib/gcc/arm-none-eabi/10.2.1/thumb/v7e-m+fp/hard\libgcc.a
LOAD c:/users/xiaom/.eide/tools/gcc_arm/bin/../lib/gcc/arm-none-eabi/10.2.1/../../../../arm-none-eabi/lib/thumb/v7e-m+fp/hard\libg_nano.a
LOAD c:/users/xiaom/.eide/tools/gcc_arm/bin/../lib/gcc/arm-none-eabi/10.2.1/../../../../arm-none-eabi/lib/thumb/v7e-m+fp/hard\libc_nano.a
END GROUP
START GROUP
LOAD c:/users/xiaom/.eide/tools/gcc_arm/bin/../lib/gcc/arm-none-eabi/10.2.1/thumb/v7e-m+fp/hard\libgcc.a
LOAD c:/users/xiaom/.eide/tools/gcc_arm/bin/../lib/gcc/arm-none-eabi/10.2.1/../../../../arm-none-eabi/lib/thumb/v7e-m+fp/hard\libc_nano.a
END GROUP
LOAD c:/users/xiaom/.eide/tools/gcc_arm/bin/../lib/gcc/arm-none-eabi/10.2.1/thumb/v7e-m+fp/hard/crtend.o
LOAD c:/users/xiaom/.eide/tools/gcc_arm/bin/../lib/gcc/arm-none-eabi/10.2.1/thumb/v7e-m+fp/hard/crtn.o
                0x20020000                _estack = (ORIGIN (RAM) + LENGTH (RAM))
                0x00000200                _Min_Heap_Size = 0x200
                0x00000400                _Min_Stack_Size = 0x400

.isr_vector     0x08000000      0x188
                0x08000000                . = ALIGN (0x4)
 *(.isr_vector)
 .isr_vector    0x08000000      0x188 CMakeFiles/HW2_Speed.dir/startup_stm32f407xx.s.obj
                0x08000000                g_pfnVectors
                0x08000188                . = ALIGN (0x4)

.text           0x08000188     0x7c38
                0x08000188                . = ALIGN (0x4)
 *(.text)
 .text          0x08000188       0x40 c:/users/xiaom/.eide/tools/gcc_arm/bin/../lib/gcc/arm-none-eabi/10.2.1/thumb/v7e-m+fp/hard/crtbegin.o
 .text          0x080001c8      0x254 c:/users/xiaom/.eide/tools/gcc_arm/bin/../lib/gcc/arm-none-eabi/10.2.1/thumb/v7e-m+fp/hard\libgcc.a(_arm_muldf3.o)
                0x080001c8                __muldf3
                0x080001c8                __aeabi_dmul
 .text          0x0800041c      0x378 c:/users/xiaom/.eide/tools/gcc_arm/bin/../lib/gcc/arm-none-eabi/10.2.1/thumb/v7e-m+fp/hard\libgcc.a(_arm_addsubdf3.o)
                0x0800041c                __aeabi_drsub
                0x08000424                __aeabi_dsub
                0x08000424                __subdf3
                0x08000428                __aeabi_dadd
                0x08000428                __adddf3
                0x080006a0                __floatunsidf
                0x080006a0                __aeabi_ui2d
                0x080006c0                __floatsidf
                0x080006c0                __aeabi_i2d
                0x080006e4                __aeabi_f2d
                0x080006e4                __extendsfdf2
                0x08000728                __floatundidf
                0x08000728                __aeabi_ul2d
                0x08000738                __floatdidf
                0x08000738                __aeabi_l2d
 .text          0x08000794       0xa0 c:/users/xiaom/.eide/tools/gcc_arm/bin/../lib/gcc/arm-none-eabi/10.2.1/thumb/v7e-m+fp/hard\libgcc.a(_arm_truncdfsf2.o)
                0x08000794                __truncdfsf2
                0x08000794                __aeabi_d2f
 .text          0x08000834       0x30 c:/users/xiaom/.eide/tools/gcc_arm/bin/../lib/gcc/arm-none-eabi/10.2.1/thumb/v7e-m+fp/hard\libgcc.a(_aeabi_uldivmod.o)
                0x08000834                __aeabi_uldivmod
 .text          0x08000864      0x2d0 c:/users/xiaom/.eide/tools/gcc_arm/bin/../lib/gcc/arm-none-eabi/10.2.1/thumb/v7e-m+fp/hard\libgcc.a(_udivmoddi4.o)
                0x08000864                __udivmoddi4
 .text          0x08000b34        0x4 c:/users/xiaom/.eide/tools/gcc_arm/bin/../lib/gcc/arm-none-eabi/10.2.1/thumb/v7e-m+fp/hard\libgcc.a(_dvmd_tls.o)
                0x08000b34                __aeabi_idiv0
                0x08000b34                __aeabi_ldiv0
 *(.text*)
 .text.SystemInit
                0x08000b38       0x24 cmake/stm32cubemx/CMakeFiles/STM32_Drivers.dir/__/__/Core/Src/system_stm32f4xx.c.obj
                0x08000b38                SystemInit
 .text.HAL_CAN_Init
                0x08000b5c      0x43c cmake/stm32cubemx/CMakeFiles/STM32_Drivers.dir/__/__/Drivers/STM32F4xx_HAL_Driver/Src/stm32f4xx_hal_can.c.obj
                0x08000b5c                HAL_CAN_Init
 .text.HAL_CAN_AddTxMessage
                0x08000f98      0x234 cmake/stm32cubemx/CMakeFiles/STM32_Drivers.dir/__/__/Drivers/STM32F4xx_HAL_Driver/Src/stm32f4xx_hal_can.c.obj
                0x08000f98                HAL_CAN_AddTxMessage
 .text.HAL_CAN_GetRxMessage
                0x080011cc      0x25c cmake/stm32cubemx/CMakeFiles/STM32_Drivers.dir/__/__/Drivers/STM32F4xx_HAL_Driver/Src/stm32f4xx_hal_can.c.obj
                0x080011cc                HAL_CAN_GetRxMessage
 .text.HAL_CAN_ActivateNotification
                0x08001428       0x64 cmake/stm32cubemx/CMakeFiles/STM32_Drivers.dir/__/__/Drivers/STM32F4xx_HAL_Driver/Src/stm32f4xx_hal_can.c.obj
                0x08001428                HAL_CAN_ActivateNotification
 .text.HAL_CAN_IRQHandler
                0x0800148c      0x36e cmake/stm32cubemx/CMakeFiles/STM32_Drivers.dir/__/__/Drivers/STM32F4xx_HAL_Driver/Src/stm32f4xx_hal_can.c.obj
                0x0800148c                HAL_CAN_IRQHandler
 .text.HAL_CAN_TxMailbox0CompleteCallback
                0x080017fa       0x14 cmake/stm32cubemx/CMakeFiles/STM32_Drivers.dir/__/__/Drivers/STM32F4xx_HAL_Driver/Src/stm32f4xx_hal_can.c.obj
                0x080017fa                HAL_CAN_TxMailbox0CompleteCallback
 .text.HAL_CAN_TxMailbox1CompleteCallback
                0x0800180e       0x14 cmake/stm32cubemx/CMakeFiles/STM32_Drivers.dir/__/__/Drivers/STM32F4xx_HAL_Driver/Src/stm32f4xx_hal_can.c.obj
                0x0800180e                HAL_CAN_TxMailbox1CompleteCallback
 .text.HAL_CAN_TxMailbox2CompleteCallback
                0x08001822       0x14 cmake/stm32cubemx/CMakeFiles/STM32_Drivers.dir/__/__/Drivers/STM32F4xx_HAL_Driver/Src/stm32f4xx_hal_can.c.obj
                0x08001822                HAL_CAN_TxMailbox2CompleteCallback
 .text.HAL_CAN_TxMailbox0AbortCallback
                0x08001836       0x14 cmake/stm32cubemx/CMakeFiles/STM32_Drivers.dir/__/__/Drivers/STM32F4xx_HAL_Driver/Src/stm32f4xx_hal_can.c.obj
                0x08001836                HAL_CAN_TxMailbox0AbortCallback
 .text.HAL_CAN_TxMailbox1AbortCallback
                0x0800184a       0x14 cmake/stm32cubemx/CMakeFiles/STM32_Drivers.dir/__/__/Drivers/STM32F4xx_HAL_Driver/Src/stm32f4xx_hal_can.c.obj
                0x0800184a                HAL_CAN_TxMailbox1AbortCallback
 .text.HAL_CAN_TxMailbox2AbortCallback
                0x0800185e       0x14 cmake/stm32cubemx/CMakeFiles/STM32_Drivers.dir/__/__/Drivers/STM32F4xx_HAL_Driver/Src/stm32f4xx_hal_can.c.obj
                0x0800185e                HAL_CAN_TxMailbox2AbortCallback
 .text.HAL_CAN_RxFifo0FullCallback
                0x08001872       0x14 cmake/stm32cubemx/CMakeFiles/STM32_Drivers.dir/__/__/Drivers/STM32F4xx_HAL_Driver/Src/stm32f4xx_hal_can.c.obj
                0x08001872                HAL_CAN_RxFifo0FullCallback
 .text.HAL_CAN_RxFifo1MsgPendingCallback
                0x08001886       0x14 cmake/stm32cubemx/CMakeFiles/STM32_Drivers.dir/__/__/Drivers/STM32F4xx_HAL_Driver/Src/stm32f4xx_hal_can.c.obj
                0x08001886                HAL_CAN_RxFifo1MsgPendingCallback
 .text.HAL_CAN_RxFifo1FullCallback
                0x0800189a       0x14 cmake/stm32cubemx/CMakeFiles/STM32_Drivers.dir/__/__/Drivers/STM32F4xx_HAL_Driver/Src/stm32f4xx_hal_can.c.obj
                0x0800189a                HAL_CAN_RxFifo1FullCallback
 .text.HAL_CAN_SleepCallback
                0x080018ae       0x14 cmake/stm32cubemx/CMakeFiles/STM32_Drivers.dir/__/__/Drivers/STM32F4xx_HAL_Driver/Src/stm32f4xx_hal_can.c.obj
                0x080018ae                HAL_CAN_SleepCallback
 .text.HAL_CAN_WakeUpFromRxMsgCallback
                0x080018c2       0x14 cmake/stm32cubemx/CMakeFiles/STM32_Drivers.dir/__/__/Drivers/STM32F4xx_HAL_Driver/Src/stm32f4xx_hal_can.c.obj
                0x080018c2                HAL_CAN_WakeUpFromRxMsgCallback
 .text.HAL_CAN_ErrorCallback
                0x080018d6       0x14 cmake/stm32cubemx/CMakeFiles/STM32_Drivers.dir/__/__/Drivers/STM32F4xx_HAL_Driver/Src/stm32f4xx_hal_can.c.obj
                0x080018d6                HAL_CAN_ErrorCallback
 *fill*         0x080018ea        0x2 
 .text.HAL_RCC_OscConfig
                0x080018ec      0x658 cmake/stm32cubemx/CMakeFiles/STM32_Drivers.dir/__/__/Drivers/STM32F4xx_HAL_Driver/Src/stm32f4xx_hal_rcc.c.obj
                0x080018ec                HAL_RCC_OscConfig
 .text.HAL_RCC_ClockConfig
                0x08001f44      0x31c cmake/stm32cubemx/CMakeFiles/STM32_Drivers.dir/__/__/Drivers/STM32F4xx_HAL_Driver/Src/stm32f4xx_hal_rcc.c.obj
                0x08001f44                HAL_RCC_ClockConfig
 .text.HAL_RCC_GetSysClockFreq
                0x08002260      0x18c cmake/stm32cubemx/CMakeFiles/STM32_Drivers.dir/__/__/Drivers/STM32F4xx_HAL_Driver/Src/stm32f4xx_hal_rcc.c.obj
                0x08002260                HAL_RCC_GetSysClockFreq
 .text.HAL_RCC_GetHCLKFreq
                0x080023ec       0x18 cmake/stm32cubemx/CMakeFiles/STM32_Drivers.dir/__/__/Drivers/STM32F4xx_HAL_Driver/Src/stm32f4xx_hal_rcc.c.obj
                0x080023ec                HAL_RCC_GetHCLKFreq
 .text.HAL_RCC_GetPCLK1Freq
                0x08002404       0x28 cmake/stm32cubemx/CMakeFiles/STM32_Drivers.dir/__/__/Drivers/STM32F4xx_HAL_Driver/Src/stm32f4xx_hal_rcc.c.obj
                0x08002404                HAL_RCC_GetPCLK1Freq
 .text.HAL_RCC_GetPCLK2Freq
                0x0800242c       0x28 cmake/stm32cubemx/CMakeFiles/STM32_Drivers.dir/__/__/Drivers/STM32F4xx_HAL_Driver/Src/stm32f4xx_hal_rcc.c.obj
                0x0800242c                HAL_RCC_GetPCLK2Freq
 .text.HAL_GPIO_Init
                0x08002454      0x5c4 cmake/stm32cubemx/CMakeFiles/STM32_Drivers.dir/__/__/Drivers/STM32F4xx_HAL_Driver/Src/stm32f4xx_hal_gpio.c.obj
                0x08002454                HAL_GPIO_Init
 .text.HAL_GPIO_WritePin
                0x08002a18       0x64 cmake/stm32cubemx/CMakeFiles/STM32_Drivers.dir/__/__/Drivers/STM32F4xx_HAL_Driver/Src/stm32f4xx_hal_gpio.c.obj
                0x08002a18                HAL_GPIO_WritePin
 .text.HAL_DMA_Init
                0x08002a7c      0x434 cmake/stm32cubemx/CMakeFiles/STM32_Drivers.dir/__/__/Drivers/STM32F4xx_HAL_Driver/Src/stm32f4xx_hal_dma.c.obj
                0x08002a7c                HAL_DMA_Init
 .text.HAL_DMA_Abort
                0x08002eb0       0xe0 cmake/stm32cubemx/CMakeFiles/STM32_Drivers.dir/__/__/Drivers/STM32F4xx_HAL_Driver/Src/stm32f4xx_hal_dma.c.obj
                0x08002eb0                HAL_DMA_Abort
 .text.HAL_DMA_Abort_IT
                0x08002f90       0x44 cmake/stm32cubemx/CMakeFiles/STM32_Drivers.dir/__/__/Drivers/STM32F4xx_HAL_Driver/Src/stm32f4xx_hal_dma.c.obj
                0x08002f90                HAL_DMA_Abort_IT
 .text.HAL_DMA_IRQHandler
                0x08002fd4      0x314 cmake/stm32cubemx/CMakeFiles/STM32_Drivers.dir/__/__/Drivers/STM32F4xx_HAL_Driver/Src/stm32f4xx_hal_dma.c.obj
                0x08002fd4                HAL_DMA_IRQHandler
 .text.DMA_CalcBaseAndBitshift
                0x080032e8       0x6c cmake/stm32cubemx/CMakeFiles/STM32_Drivers.dir/__/__/Drivers/STM32F4xx_HAL_Driver/Src/stm32f4xx_hal_dma.c.obj
 .text.DMA_CheckFifoParam
                0x08003354       0xf8 cmake/stm32cubemx/CMakeFiles/STM32_Drivers.dir/__/__/Drivers/STM32F4xx_HAL_Driver/Src/stm32f4xx_hal_dma.c.obj
 .text.__NVIC_SetPriorityGrouping
                0x0800344c       0x48 cmake/stm32cubemx/CMakeFiles/STM32_Drivers.dir/__/__/Drivers/STM32F4xx_HAL_Driver/Src/stm32f4xx_hal_cortex.c.obj
 .text.__NVIC_GetPriorityGrouping
                0x08003494       0x1c cmake/stm32cubemx/CMakeFiles/STM32_Drivers.dir/__/__/Drivers/STM32F4xx_HAL_Driver/Src/stm32f4xx_hal_cortex.c.obj
 .text.__NVIC_EnableIRQ
                0x080034b0       0x3c cmake/stm32cubemx/CMakeFiles/STM32_Drivers.dir/__/__/Drivers/STM32F4xx_HAL_Driver/Src/stm32f4xx_hal_cortex.c.obj
 .text.__NVIC_SetPriority
                0x080034ec       0x54 cmake/stm32cubemx/CMakeFiles/STM32_Drivers.dir/__/__/Drivers/STM32F4xx_HAL_Driver/Src/stm32f4xx_hal_cortex.c.obj
 .text.NVIC_EncodePriority
                0x08003540       0x66 cmake/stm32cubemx/CMakeFiles/STM32_Drivers.dir/__/__/Drivers/STM32F4xx_HAL_Driver/Src/stm32f4xx_hal_cortex.c.obj
 *fill*         0x080035a6        0x2 
 .text.SysTick_Config
                0x080035a8       0x44 cmake/stm32cubemx/CMakeFiles/STM32_Drivers.dir/__/__/Drivers/STM32F4xx_HAL_Driver/Src/stm32f4xx_hal_cortex.c.obj
 .text.HAL_NVIC_SetPriorityGrouping
                0x080035ec       0x40 cmake/stm32cubemx/CMakeFiles/STM32_Drivers.dir/__/__/Drivers/STM32F4xx_HAL_Driver/Src/stm32f4xx_hal_cortex.c.obj
                0x080035ec                HAL_NVIC_SetPriorityGrouping
 .text.HAL_NVIC_SetPriority
                0x0800362c       0x58 cmake/stm32cubemx/CMakeFiles/STM32_Drivers.dir/__/__/Drivers/STM32F4xx_HAL_Driver/Src/stm32f4xx_hal_cortex.c.obj
                0x0800362c                HAL_NVIC_SetPriority
 .text.HAL_NVIC_EnableIRQ
                0x08003684       0x30 cmake/stm32cubemx/CMakeFiles/STM32_Drivers.dir/__/__/Drivers/STM32F4xx_HAL_Driver/Src/stm32f4xx_hal_cortex.c.obj
                0x08003684                HAL_NVIC_EnableIRQ
 .text.HAL_SYSTICK_Config
                0x080036b4       0x18 cmake/stm32cubemx/CMakeFiles/STM32_Drivers.dir/__/__/Drivers/STM32F4xx_HAL_Driver/Src/stm32f4xx_hal_cortex.c.obj
                0x080036b4                HAL_SYSTICK_Config
 .text.HAL_Init
                0x080036cc       0x44 cmake/stm32cubemx/CMakeFiles/STM32_Drivers.dir/__/__/Drivers/STM32F4xx_HAL_Driver/Src/stm32f4xx_hal.c.obj
                0x080036cc                HAL_Init
 .text.HAL_InitTick
                0x08003710       0x60 cmake/stm32cubemx/CMakeFiles/STM32_Drivers.dir/__/__/Drivers/STM32F4xx_HAL_Driver/Src/stm32f4xx_hal.c.obj
                0x08003710                HAL_InitTick
 .text.HAL_IncTick
                0x08003770       0x28 cmake/stm32cubemx/CMakeFiles/STM32_Drivers.dir/__/__/Drivers/STM32F4xx_HAL_Driver/Src/stm32f4xx_hal.c.obj
                0x08003770                HAL_IncTick
 .text.HAL_GetTick
                0x08003798       0x18 cmake/stm32cubemx/CMakeFiles/STM32_Drivers.dir/__/__/Drivers/STM32F4xx_HAL_Driver/Src/stm32f4xx_hal.c.obj
                0x08003798                HAL_GetTick
 .text.HAL_SPI_Init
                0x080037b0      0x31c cmake/stm32cubemx/CMakeFiles/STM32_Drivers.dir/__/__/Drivers/STM32F4xx_HAL_Driver/Src/stm32f4xx_hal_spi.c.obj
                0x080037b0                HAL_SPI_Init
 .text.HAL_TIM_Base_Init
                0x08003acc      0x230 cmake/stm32cubemx/CMakeFiles/STM32_Drivers.dir/__/__/Drivers/STM32F4xx_HAL_Driver/Src/stm32f4xx_hal_tim.c.obj
                0x08003acc                HAL_TIM_Base_Init
 .text.HAL_TIM_PWM_Init
                0x08003cfc      0x230 cmake/stm32cubemx/CMakeFiles/STM32_Drivers.dir/__/__/Drivers/STM32F4xx_HAL_Driver/Src/stm32f4xx_hal_tim.c.obj
                0x08003cfc                HAL_TIM_PWM_Init
 .text.HAL_TIM_PWM_MspInit
                0x08003f2c       0x14 cmake/stm32cubemx/CMakeFiles/STM32_Drivers.dir/__/__/Drivers/STM32F4xx_HAL_Driver/Src/stm32f4xx_hal_tim.c.obj
                0x08003f2c                HAL_TIM_PWM_MspInit
 .text.HAL_TIM_IRQHandler
                0x08003f40      0x1e0 cmake/stm32cubemx/CMakeFiles/STM32_Drivers.dir/__/__/Drivers/STM32F4xx_HAL_Driver/Src/stm32f4xx_hal_tim.c.obj
                0x08003f40                HAL_TIM_IRQHandler
 .text.HAL_TIM_PWM_ConfigChannel
                0x08004120      0x3b0 cmake/stm32cubemx/CMakeFiles/STM32_Drivers.dir/__/__/Drivers/STM32F4xx_HAL_Driver/Src/stm32f4xx_hal_tim.c.obj
                0x08004120                HAL_TIM_PWM_ConfigChannel
 .text.HAL_TIM_ConfigClockSource
                0x080044d0      0x700 cmake/stm32cubemx/CMakeFiles/STM32_Drivers.dir/__/__/Drivers/STM32F4xx_HAL_Driver/Src/stm32f4xx_hal_tim.c.obj
                0x080044d0                HAL_TIM_ConfigClockSource
 .text.HAL_TIM_OC_DelayElapsedCallback
                0x08004bd0       0x14 cmake/stm32cubemx/CMakeFiles/STM32_Drivers.dir/__/__/Drivers/STM32F4xx_HAL_Driver/Src/stm32f4xx_hal_tim.c.obj
                0x08004bd0                HAL_TIM_OC_DelayElapsedCallback
 .text.HAL_TIM_IC_CaptureCallback
                0x08004be4       0x14 cmake/stm32cubemx/CMakeFiles/STM32_Drivers.dir/__/__/Drivers/STM32F4xx_HAL_Driver/Src/stm32f4xx_hal_tim.c.obj
                0x08004be4                HAL_TIM_IC_CaptureCallback
 .text.HAL_TIM_PWM_PulseFinishedCallback
                0x08004bf8       0x14 cmake/stm32cubemx/CMakeFiles/STM32_Drivers.dir/__/__/Drivers/STM32F4xx_HAL_Driver/Src/stm32f4xx_hal_tim.c.obj
                0x08004bf8                HAL_TIM_PWM_PulseFinishedCallback
 .text.HAL_TIM_TriggerCallback
                0x08004c0c       0x14 cmake/stm32cubemx/CMakeFiles/STM32_Drivers.dir/__/__/Drivers/STM32F4xx_HAL_Driver/Src/stm32f4xx_hal_tim.c.obj
                0x08004c0c                HAL_TIM_TriggerCallback
 .text.TIM_Base_SetConfig
                0x08004c20      0x14c cmake/stm32cubemx/CMakeFiles/STM32_Drivers.dir/__/__/Drivers/STM32F4xx_HAL_Driver/Src/stm32f4xx_hal_tim.c.obj
                0x08004c20                TIM_Base_SetConfig
 .text.TIM_OC1_SetConfig
                0x08004d6c      0x134 cmake/stm32cubemx/CMakeFiles/STM32_Drivers.dir/__/__/Drivers/STM32F4xx_HAL_Driver/Src/stm32f4xx_hal_tim.c.obj
 .text.TIM_OC2_SetConfig
                0x08004ea0      0x13c cmake/stm32cubemx/CMakeFiles/STM32_Drivers.dir/__/__/Drivers/STM32F4xx_HAL_Driver/Src/stm32f4xx_hal_tim.c.obj
                0x08004ea0                TIM_OC2_SetConfig
 .text.TIM_OC3_SetConfig
                0x08004fdc      0x13c cmake/stm32cubemx/CMakeFiles/STM32_Drivers.dir/__/__/Drivers/STM32F4xx_HAL_Driver/Src/stm32f4xx_hal_tim.c.obj
 .text.TIM_OC4_SetConfig
                0x08005118       0xc8 cmake/stm32cubemx/CMakeFiles/STM32_Drivers.dir/__/__/Drivers/STM32F4xx_HAL_Driver/Src/stm32f4xx_hal_tim.c.obj
 .text.TIM_TI1_ConfigInputStage
                0x080051e0       0x5e cmake/stm32cubemx/CMakeFiles/STM32_Drivers.dir/__/__/Drivers/STM32F4xx_HAL_Driver/Src/stm32f4xx_hal_tim.c.obj
 .text.TIM_TI2_ConfigInputStage
                0x0800523e       0x60 cmake/stm32cubemx/CMakeFiles/STM32_Drivers.dir/__/__/Drivers/STM32F4xx_HAL_Driver/Src/stm32f4xx_hal_tim.c.obj
 .text.TIM_ITRx_SetConfig
                0x0800529e       0x36 cmake/stm32cubemx/CMakeFiles/STM32_Drivers.dir/__/__/Drivers/STM32F4xx_HAL_Driver/Src/stm32f4xx_hal_tim.c.obj
 .text.TIM_ETR_SetConfig
                0x080052d4       0x40 cmake/stm32cubemx/CMakeFiles/STM32_Drivers.dir/__/__/Drivers/STM32F4xx_HAL_Driver/Src/stm32f4xx_hal_tim.c.obj
                0x080052d4                TIM_ETR_SetConfig
 .text.HAL_TIMEx_MasterConfigSynchronization
                0x08005314      0x1bc cmake/stm32cubemx/CMakeFiles/STM32_Drivers.dir/__/__/Drivers/STM32F4xx_HAL_Driver/Src/stm32f4xx_hal_tim_ex.c.obj
                0x08005314                HAL_TIMEx_MasterConfigSynchronization
 .text.HAL_TIMEx_CommutCallback
                0x080054d0       0x14 cmake/stm32cubemx/CMakeFiles/STM32_Drivers.dir/__/__/Drivers/STM32F4xx_HAL_Driver/Src/stm32f4xx_hal_tim_ex.c.obj
                0x080054d0                HAL_TIMEx_CommutCallback
 .text.HAL_TIMEx_BreakCallback
                0x080054e4       0x14 cmake/stm32cubemx/CMakeFiles/STM32_Drivers.dir/__/__/Drivers/STM32F4xx_HAL_Driver/Src/stm32f4xx_hal_tim_ex.c.obj
                0x080054e4                HAL_TIMEx_BreakCallback
 .text.HAL_UART_Init
                0x080054f8      0x1a8 cmake/stm32cubemx/CMakeFiles/STM32_Drivers.dir/__/__/Drivers/STM32F4xx_HAL_Driver/Src/stm32f4xx_hal_uart.c.obj
                0x080054f8                HAL_UART_Init
 .text.HAL_UART_IRQHandler
                0x080056a0      0x554 cmake/stm32cubemx/CMakeFiles/STM32_Drivers.dir/__/__/Drivers/STM32F4xx_HAL_Driver/Src/stm32f4xx_hal_uart.c.obj
                0x080056a0                HAL_UART_IRQHandler
 .text.HAL_UART_TxCpltCallback
                0x08005bf4       0x14 cmake/stm32cubemx/CMakeFiles/STM32_Drivers.dir/__/__/Drivers/STM32F4xx_HAL_Driver/Src/stm32f4xx_hal_uart.c.obj
                0x08005bf4                HAL_UART_TxCpltCallback
 .text.HAL_UART_RxCpltCallback
                0x08005c08       0x14 cmake/stm32cubemx/CMakeFiles/STM32_Drivers.dir/__/__/Drivers/STM32F4xx_HAL_Driver/Src/stm32f4xx_hal_uart.c.obj
                0x08005c08                HAL_UART_RxCpltCallback
 .text.HAL_UART_ErrorCallback
                0x08005c1c       0x14 cmake/stm32cubemx/CMakeFiles/STM32_Drivers.dir/__/__/Drivers/STM32F4xx_HAL_Driver/Src/stm32f4xx_hal_uart.c.obj
                0x08005c1c                HAL_UART_ErrorCallback
 .text.HAL_UARTEx_RxEventCallback
                0x08005c30       0x18 cmake/stm32cubemx/CMakeFiles/STM32_Drivers.dir/__/__/Drivers/STM32F4xx_HAL_Driver/Src/stm32f4xx_hal_uart.c.obj
                0x08005c30                HAL_UARTEx_RxEventCallback
 .text.UART_EndRxTransfer
                0x08005c48       0xc6 cmake/stm32cubemx/CMakeFiles/STM32_Drivers.dir/__/__/Drivers/STM32F4xx_HAL_Driver/Src/stm32f4xx_hal_uart.c.obj
 .text.UART_DMAAbortOnError
                0x08005d0e       0x22 cmake/stm32cubemx/CMakeFiles/STM32_Drivers.dir/__/__/Drivers/STM32F4xx_HAL_Driver/Src/stm32f4xx_hal_uart.c.obj
 .text.UART_Transmit_IT
                0x08005d30       0xa0 cmake/stm32cubemx/CMakeFiles/STM32_Drivers.dir/__/__/Drivers/STM32F4xx_HAL_Driver/Src/stm32f4xx_hal_uart.c.obj
 .text.UART_EndTransmit_IT
                0x08005dd0       0x30 cmake/stm32cubemx/CMakeFiles/STM32_Drivers.dir/__/__/Drivers/STM32F4xx_HAL_Driver/Src/stm32f4xx_hal_uart.c.obj
 .text.UART_Receive_IT
                0x08005e00      0x17c cmake/stm32cubemx/CMakeFiles/STM32_Drivers.dir/__/__/Drivers/STM32F4xx_HAL_Driver/Src/stm32f4xx_hal_uart.c.obj
 .text.UART_SetConfig
                0x08005f7c      0x574 cmake/stm32cubemx/CMakeFiles/STM32_Drivers.dir/__/__/Drivers/STM32F4xx_HAL_Driver/Src/stm32f4xx_hal_uart.c.obj
 .text.MX_CAN1_Init
                0x080064f0       0x6c CMakeFiles/HW2_Speed.dir/Core/Src/can.c.obj
                0x080064f0                MX_CAN1_Init
 .text.MX_CAN2_Init
                0x0800655c       0x6c CMakeFiles/HW2_Speed.dir/Core/Src/can.c.obj
                0x0800655c                MX_CAN2_Init
 .text.HAL_CAN_MspInit
                0x080065c8      0x160 CMakeFiles/HW2_Speed.dir/Core/Src/can.c.obj
                0x080065c8                HAL_CAN_MspInit
 .text.MX_DMA_Init
                0x08006728       0x8c CMakeFiles/HW2_Speed.dir/Core/Src/dma.c.obj
                0x08006728                MX_DMA_Init
 .text.MX_GPIO_Init
                0x080067b4      0x2cc CMakeFiles/HW2_Speed.dir/Core/Src/gpio.c.obj
                0x080067b4                MX_GPIO_Init
 .text.main     0x08006a80       0x3a CMakeFiles/HW2_Speed.dir/Core/Src/main.c.obj
                0x08006a80                main
 *fill*         0x08006aba        0x2 
 .text.SystemClock_Config
                0x08006abc       0xd4 CMakeFiles/HW2_Speed.dir/Core/Src/main.c.obj
                0x08006abc                SystemClock_Config
 .text.Error_Handler
                0x08006b90        0xa CMakeFiles/HW2_Speed.dir/Core/Src/main.c.obj
                0x08006b90                Error_Handler
 .text.assert_failed
                0x08006b9a       0x16 CMakeFiles/HW2_Speed.dir/Core/Src/main.c.obj
                0x08006b9a                assert_failed
 .text.MX_SPI1_Init
                0x08006bb0       0x6c CMakeFiles/HW2_Speed.dir/Core/Src/spi.c.obj
                0x08006bb0                MX_SPI1_Init
 .text.HAL_SPI_MspInit
                0x08006c1c       0xd0 CMakeFiles/HW2_Speed.dir/Core/Src/spi.c.obj
                0x08006c1c                HAL_SPI_MspInit
 .text.HAL_MspInit
                0x08006cec       0x50 CMakeFiles/HW2_Speed.dir/Core/Src/stm32f4xx_hal_msp.c.obj
                0x08006cec                HAL_MspInit
 .text.NMI_Handler
                0x08006d3c        0x6 CMakeFiles/HW2_Speed.dir/Core/Src/stm32f4xx_it.c.obj
                0x08006d3c                NMI_Handler
 .text.HardFault_Handler
                0x08006d42        0x6 CMakeFiles/HW2_Speed.dir/Core/Src/stm32f4xx_it.c.obj
                0x08006d42                HardFault_Handler
 .text.MemManage_Handler
                0x08006d48        0x6 CMakeFiles/HW2_Speed.dir/Core/Src/stm32f4xx_it.c.obj
                0x08006d48                MemManage_Handler
 .text.BusFault_Handler
                0x08006d4e        0x6 CMakeFiles/HW2_Speed.dir/Core/Src/stm32f4xx_it.c.obj
                0x08006d4e                BusFault_Handler
 .text.UsageFault_Handler
                0x08006d54        0x6 CMakeFiles/HW2_Speed.dir/Core/Src/stm32f4xx_it.c.obj
                0x08006d54                UsageFault_Handler
 .text.SVC_Handler
                0x08006d5a        0xe CMakeFiles/HW2_Speed.dir/Core/Src/stm32f4xx_it.c.obj
                0x08006d5a                SVC_Handler
 .text.DebugMon_Handler
                0x08006d68        0xe CMakeFiles/HW2_Speed.dir/Core/Src/stm32f4xx_it.c.obj
                0x08006d68                DebugMon_Handler
 .text.PendSV_Handler
                0x08006d76        0xe CMakeFiles/HW2_Speed.dir/Core/Src/stm32f4xx_it.c.obj
                0x08006d76                PendSV_Handler
 .text.SysTick_Handler
                0x08006d84        0xc CMakeFiles/HW2_Speed.dir/Core/Src/stm32f4xx_it.c.obj
                0x08006d84                SysTick_Handler
 .text.DMA1_Stream1_IRQHandler
                0x08006d90       0x14 CMakeFiles/HW2_Speed.dir/Core/Src/stm32f4xx_it.c.obj
                0x08006d90                DMA1_Stream1_IRQHandler
 .text.CAN1_RX0_IRQHandler
                0x08006da4       0x14 CMakeFiles/HW2_Speed.dir/Core/Src/stm32f4xx_it.c.obj
                0x08006da4                CAN1_RX0_IRQHandler
 .text.USART3_IRQHandler
                0x08006db8       0x14 CMakeFiles/HW2_Speed.dir/Core/Src/stm32f4xx_it.c.obj
                0x08006db8                USART3_IRQHandler
 .text.TIM6_DAC_IRQHandler
                0x08006dcc       0x14 CMakeFiles/HW2_Speed.dir/Core/Src/stm32f4xx_it.c.obj
                0x08006dcc                TIM6_DAC_IRQHandler
 .text.DMA2_Stream1_IRQHandler
                0x08006de0       0x14 CMakeFiles/HW2_Speed.dir/Core/Src/stm32f4xx_it.c.obj
                0x08006de0                DMA2_Stream1_IRQHandler
 .text.CAN2_RX1_IRQHandler
                0x08006df4       0x14 CMakeFiles/HW2_Speed.dir/Core/Src/stm32f4xx_it.c.obj
                0x08006df4                CAN2_RX1_IRQHandler
 .text.DMA2_Stream6_IRQHandler
                0x08006e08       0x14 CMakeFiles/HW2_Speed.dir/Core/Src/stm32f4xx_it.c.obj
                0x08006e08                DMA2_Stream6_IRQHandler
 .text.DMA2_Stream7_IRQHandler
                0x08006e1c       0x14 CMakeFiles/HW2_Speed.dir/Core/Src/stm32f4xx_it.c.obj
                0x08006e1c                DMA2_Stream7_IRQHandler
 .text.USART6_IRQHandler
                0x08006e30       0x14 CMakeFiles/HW2_Speed.dir/Core/Src/stm32f4xx_it.c.obj
                0x08006e30                USART6_IRQHandler
 .text.MX_TIM4_Init
                0x08006e44       0xec CMakeFiles/HW2_Speed.dir/Core/Src/tim.c.obj
                0x08006e44                MX_TIM4_Init
 .text.MX_TIM6_Init
                0x08006f30       0x6c CMakeFiles/HW2_Speed.dir/Core/Src/tim.c.obj
                0x08006f30                MX_TIM6_Init
 .text.MX_TIM10_Init
                0x08006f9c       0x9c CMakeFiles/HW2_Speed.dir/Core/Src/tim.c.obj
                0x08006f9c                MX_TIM10_Init
 .text.HAL_TIM_Base_MspInit
                0x08007038       0xa8 CMakeFiles/HW2_Speed.dir/Core/Src/tim.c.obj
                0x08007038                HAL_TIM_Base_MspInit
 .text.HAL_TIM_MspPostInit
                0x080070e0       0xc4 CMakeFiles/HW2_Speed.dir/Core/Src/tim.c.obj
                0x080070e0                HAL_TIM_MspPostInit
 .text.MX_USART1_UART_Init
                0x080071a4       0x54 CMakeFiles/HW2_Speed.dir/Core/Src/usart.c.obj
                0x080071a4                MX_USART1_UART_Init
 .text.MX_USART3_UART_Init
                0x080071f8       0x58 CMakeFiles/HW2_Speed.dir/Core/Src/usart.c.obj
                0x080071f8                MX_USART3_UART_Init
 .text.MX_USART6_UART_Init
                0x08007250       0x54 CMakeFiles/HW2_Speed.dir/Core/Src/usart.c.obj
                0x08007250                MX_USART6_UART_Init
 .text.HAL_UART_MspInit
                0x080072a4      0x370 CMakeFiles/HW2_Speed.dir/Core/Src/usart.c.obj
                0x080072a4                HAL_UART_MspInit
 .text._ZN9Class_PIDC2Ev
                0x08007614       0x76 CMakeFiles/HW2_Speed.dir/Tasks/task.cpp.obj
                0x08007614                Class_PID::Class_PID()
                0x08007614                Class_PID::Class_PID()
 .text._ZN18Class_Motor_GM6020C2Ev
                0x0800768a       0x52 CMakeFiles/HW2_Speed.dir/Tasks/task.cpp.obj
                0x0800768a                Class_Motor_GM6020::Class_Motor_GM6020()
                0x0800768a                Class_Motor_GM6020::Class_Motor_GM6020()
 .text.MainTask
                0x080076dc       0xdc CMakeFiles/HW2_Speed.dir/Tasks/task.cpp.obj
                0x080076dc                MainTask
 .text.HAL_TIM_PeriodElapsedCallback
                0x080077b8       0x20 CMakeFiles/HW2_Speed.dir/Tasks/task.cpp.obj
                0x080077b8                HAL_TIM_PeriodElapsedCallback
 .text._Z41__static_initialization_and_destruction_0ii
                0x080077d8       0x2c CMakeFiles/HW2_Speed.dir/Tasks/task.cpp.obj
 .text._GLOBAL__sub_I_motor1
                0x08007804       0x10 CMakeFiles/HW2_Speed.dir/Tasks/task.cpp.obj
 .text.HAL_CAN_RxFifo0MsgPendingCallback
                0x08007814       0x44 CMakeFiles/HW2_Speed.dir/Resources/HW_can.cpp.obj
                0x08007814                HAL_CAN_RxFifo0MsgPendingCallback
 .text._ZN18Class_Motor_GM602016Set_Target_AngleEf
                0x08007858       0x20 CMakeFiles/HW2_Speed.dir/Resources/motor.cpp.obj
                0x08007858                Class_Motor_GM6020::Set_Target_Angle(float)
 .text._ZN18Class_Motor_GM602013Get_Now_AngleEv
                0x08007878       0x1e CMakeFiles/HW2_Speed.dir/Resources/motor.cpp.obj
                0x08007878                Class_Motor_GM6020::Get_Now_Angle()
 .text._ZN18Class_Motor_GM602013Get_Now_OmegaEv
                0x08007896       0x20 CMakeFiles/HW2_Speed.dir/Resources/motor.cpp.obj
                0x08007896                Class_Motor_GM6020::Get_Now_Omega()
 *fill*         0x080078b6        0x2 
 .text._ZN18Class_Motor_GM602019UpdateAngleAndOmegaEPh
                0x080078b8       0xf8 CMakeFiles/HW2_Speed.dir/Resources/motor.cpp.obj
                0x080078b8                Class_Motor_GM6020::UpdateAngleAndOmega(unsigned char*)
 .text._ZN18Class_Motor_GM602018CAN_RxCpltCallbackEPh
                0x080079b0       0x1a CMakeFiles/HW2_Speed.dir/Resources/motor.cpp.obj
                0x080079b0                Class_Motor_GM6020::CAN_RxCpltCallback(unsigned char*)
 .text._ZN18Class_Motor_GM602029TIM_PID_PeriodElapsedCallbackEv
                0x080079ca       0xe2 CMakeFiles/HW2_Speed.dir/Resources/motor.cpp.obj
                0x080079ca                Class_Motor_GM6020::TIM_PID_PeriodElapsedCallback()
 .text._ZN18Class_Motor_GM602010SendOutputEv
                0x08007aac       0x7e CMakeFiles/HW2_Speed.dir/Resources/motor.cpp.obj
                0x08007aac                Class_Motor_GM6020::SendOutput()
 .text._ZN9Class_PID10Set_TargetEf
                0x08007b2a       0x1e CMakeFiles/HW2_Speed.dir/Resources/pid.cpp.obj
                0x08007b2a                Class_PID::Set_Target(float)
 .text._ZN9Class_PID7Set_NowEf
                0x08007b48       0x1e CMakeFiles/HW2_Speed.dir/Resources/pid.cpp.obj
                0x08007b48                Class_PID::Set_Now(float)
 .text._ZN9Class_PID7Get_OutEv
                0x08007b66       0x1e CMakeFiles/HW2_Speed.dir/Resources/pid.cpp.obj
                0x08007b66                Class_PID::Get_Out()
 .text._ZN9Class_PID8Calc_PIDEv
                0x08007b84      0x178 CMakeFiles/HW2_Speed.dir/Resources/pid.cpp.obj
                0x08007b84                Class_PID::Calc_PID()
 .text.Reset_Handler
                0x08007cfc       0x50 CMakeFiles/HW2_Speed.dir/startup_stm32f407xx.s.obj
                0x08007cfc                Reset_Handler
 .text.Default_Handler
                0x08007d4c        0x2 CMakeFiles/HW2_Speed.dir/startup_stm32f407xx.s.obj
                0x08007d4c                RTC_Alarm_IRQHandler
                0x08007d4c                HASH_RNG_IRQHandler
                0x08007d4c                EXTI2_IRQHandler
                0x08007d4c                TIM8_CC_IRQHandler
                0x08007d4c                TIM1_CC_IRQHandler
                0x08007d4c                DMA2_Stream5_IRQHandler
                0x08007d4c                DMA1_Stream5_IRQHandler
                0x08007d4c                PVD_IRQHandler
                0x08007d4c                SDIO_IRQHandler
                0x08007d4c                TAMP_STAMP_IRQHandler
                0x08007d4c                EXTI3_IRQHandler
                0x08007d4c                TIM8_TRG_COM_TIM14_IRQHandler
                0x08007d4c                TIM1_UP_TIM10_IRQHandler
                0x08007d4c                TIM8_UP_TIM13_IRQHandler
                0x08007d4c                I2C3_ER_IRQHandler
                0x08007d4c                EXTI0_IRQHandler
                0x08007d4c                I2C2_EV_IRQHandler
                0x08007d4c                DMA1_Stream2_IRQHandler
                0x08007d4c                FPU_IRQHandler
                0x08007d4c                OTG_HS_WKUP_IRQHandler
                0x08007d4c                CAN2_SCE_IRQHandler
                0x08007d4c                DMA2_Stream2_IRQHandler
                0x08007d4c                SPI1_IRQHandler
                0x08007d4c                TIM1_BRK_TIM9_IRQHandler
                0x08007d4c                DCMI_IRQHandler
                0x08007d4c                CAN2_RX0_IRQHandler
                0x08007d4c                DMA2_Stream3_IRQHandler
                0x08007d4c                CAN1_RX1_IRQHandler
                0x08007d4c                UART5_IRQHandler
                0x08007d4c                DMA2_Stream0_IRQHandler
                0x08007d4c                TIM4_IRQHandler
                0x08007d4c                I2C1_EV_IRQHandler
                0x08007d4c                DMA1_Stream6_IRQHandler
                0x08007d4c                UART4_IRQHandler
                0x08007d4c                TIM3_IRQHandler
                0x08007d4c                RCC_IRQHandler
                0x08007d4c                TIM8_BRK_TIM12_IRQHandler
                0x08007d4c                Default_Handler
                0x08007d4c                EXTI15_10_IRQHandler
                0x08007d4c                ADC_IRQHandler
                0x08007d4c                DMA1_Stream7_IRQHandler
                0x08007d4c                TIM7_IRQHandler
                0x08007d4c                CAN2_TX_IRQHandler
                0x08007d4c                TIM5_IRQHandler
                0x08007d4c                I2C3_EV_IRQHandler
                0x08007d4c                EXTI9_5_IRQHandler
                0x08007d4c                RTC_WKUP_IRQHandler
                0x08007d4c                ETH_WKUP_IRQHandler
                0x08007d4c                SPI2_IRQHandler
                0x08007d4c                OTG_HS_EP1_IN_IRQHandler
                0x08007d4c                DMA1_Stream0_IRQHandler
                0x08007d4c                CAN1_TX_IRQHandler
                0x08007d4c                EXTI4_IRQHandler
                0x08007d4c                FSMC_IRQHandler
                0x08007d4c                ETH_IRQHandler
                0x08007d4c                OTG_HS_EP1_OUT_IRQHandler
                0x08007d4c                WWDG_IRQHandler
                0x08007d4c                TIM2_IRQHandler
                0x08007d4c                OTG_FS_WKUP_IRQHandler
                0x08007d4c                TIM1_TRG_COM_TIM11_IRQHandler
                0x08007d4c                OTG_HS_IRQHandler
                0x08007d4c                EXTI1_IRQHandler
                0x08007d4c                USART2_IRQHandler
                0x08007d4c                I2C2_ER_IRQHandler
                0x08007d4c                CAN1_SCE_IRQHandler
                0x08007d4c                FLASH_IRQHandler
                0x08007d4c                DMA2_Stream4_IRQHandler
                0x08007d4c                USART1_IRQHandler
                0x08007d4c                OTG_FS_IRQHandler
                0x08007d4c                SPI3_IRQHandler
                0x08007d4c                DMA1_Stream4_IRQHandler
                0x08007d4c                I2C1_ER_IRQHandler
                0x08007d4c                DMA1_Stream3_IRQHandler
 *fill*         0x08007d4e        0x2 
 .text.__libc_init_array
                0x08007d50       0x48 c:/users/xiaom/.eide/tools/gcc_arm/bin/../lib/gcc/arm-none-eabi/10.2.1/../../../../arm-none-eabi/lib/thumb/v7e-m+fp/hard\libg_nano.a(lib_a-init.o)
                0x08007d50                __libc_init_array
 .text.memset   0x08007d98       0x10 c:/users/xiaom/.eide/tools/gcc_arm/bin/../lib/gcc/arm-none-eabi/10.2.1/../../../../arm-none-eabi/lib/thumb/v7e-m+fp/hard\libg_nano.a(lib_a-memset.o)
                0x08007d98                memset
 *(.glue_7)
 .glue_7        0x08007da8        0x0 linker stubs
 *(.glue_7t)
 .glue_7t       0x08007da8        0x0 linker stubs
 *(.eh_frame)
 .eh_frame      0x08007da8        0x0 c:/users/xiaom/.eide/tools/gcc_arm/bin/../lib/gcc/arm-none-eabi/10.2.1/thumb/v7e-m+fp/hard/crtbegin.o
 *(.init)
 .init          0x08007da8        0x4 c:/users/xiaom/.eide/tools/gcc_arm/bin/../lib/gcc/arm-none-eabi/10.2.1/thumb/v7e-m+fp/hard/crti.o
                0x08007da8                _init
 .init          0x08007dac        0x8 c:/users/xiaom/.eide/tools/gcc_arm/bin/../lib/gcc/arm-none-eabi/10.2.1/thumb/v7e-m+fp/hard/crtn.o
 *(.fini)
 .fini          0x08007db4        0x4 c:/users/xiaom/.eide/tools/gcc_arm/bin/../lib/gcc/arm-none-eabi/10.2.1/thumb/v7e-m+fp/hard/crti.o
                0x08007db4                _fini
 .fini          0x08007db8        0x8 c:/users/xiaom/.eide/tools/gcc_arm/bin/../lib/gcc/arm-none-eabi/10.2.1/thumb/v7e-m+fp/hard/crtn.o
                0x08007dc0                . = ALIGN (0x4)
                0x08007dc0                _etext = .

.vfp11_veneer   0x08007dc0        0x0
 .vfp11_veneer  0x08007dc0        0x0 linker stubs

.v4_bx          0x08007dc0        0x0
 .v4_bx         0x08007dc0        0x0 linker stubs

.iplt           0x08007dc0        0x0
 .iplt          0x08007dc0        0x0 c:/users/xiaom/.eide/tools/gcc_arm/bin/../lib/gcc/arm-none-eabi/10.2.1/thumb/v7e-m+fp/hard/crtbegin.o

.rodata         0x08007dc0      0x420
                0x08007dc0                . = ALIGN (0x4)
 *(.rodata)
 .rodata        0x08007dc0       0x70 cmake/stm32cubemx/CMakeFiles/STM32_Drivers.dir/__/__/Drivers/STM32F4xx_HAL_Driver/Src/stm32f4xx_hal_can.c.obj
 .rodata        0x08007e30       0x70 cmake/stm32cubemx/CMakeFiles/STM32_Drivers.dir/__/__/Drivers/STM32F4xx_HAL_Driver/Src/stm32f4xx_hal_rcc.c.obj
 .rodata        0x08007ea0       0x71 cmake/stm32cubemx/CMakeFiles/STM32_Drivers.dir/__/__/Drivers/STM32F4xx_HAL_Driver/Src/stm32f4xx_hal_gpio.c.obj
 *fill*         0x08007f11        0x3 
 .rodata        0x08007f14       0x70 cmake/stm32cubemx/CMakeFiles/STM32_Drivers.dir/__/__/Drivers/STM32F4xx_HAL_Driver/Src/stm32f4xx_hal_dma.c.obj
 .rodata        0x08007f84       0x73 cmake/stm32cubemx/CMakeFiles/STM32_Drivers.dir/__/__/Drivers/STM32F4xx_HAL_Driver/Src/stm32f4xx_hal_cortex.c.obj
 *fill*         0x08007ff7        0x1 
 .rodata        0x08007ff8       0x70 cmake/stm32cubemx/CMakeFiles/STM32_Drivers.dir/__/__/Drivers/STM32F4xx_HAL_Driver/Src/stm32f4xx_hal_spi.c.obj
 .rodata        0x08008068       0x70 cmake/stm32cubemx/CMakeFiles/STM32_Drivers.dir/__/__/Drivers/STM32F4xx_HAL_Driver/Src/stm32f4xx_hal_tim.c.obj
 .rodata        0x080080d8       0x73 cmake/stm32cubemx/CMakeFiles/STM32_Drivers.dir/__/__/Drivers/STM32F4xx_HAL_Driver/Src/stm32f4xx_hal_tim_ex.c.obj
 *fill*         0x0800814b        0x1 
 .rodata        0x0800814c       0x71 cmake/stm32cubemx/CMakeFiles/STM32_Drivers.dir/__/__/Drivers/STM32F4xx_HAL_Driver/Src/stm32f4xx_hal_uart.c.obj
 *(.rodata*)
 *fill*         0x080081bd        0x3 
 .rodata.AHBPrescTable
                0x080081c0       0x10 cmake/stm32cubemx/CMakeFiles/STM32_Drivers.dir/__/__/Core/Src/system_stm32f4xx.c.obj
                0x080081c0                AHBPrescTable
 .rodata.APBPrescTable
                0x080081d0        0x8 cmake/stm32cubemx/CMakeFiles/STM32_Drivers.dir/__/__/Core/Src/system_stm32f4xx.c.obj
                0x080081d0                APBPrescTable
 .rodata.flagBitshiftOffset.0
                0x080081d8        0x8 cmake/stm32cubemx/CMakeFiles/STM32_Drivers.dir/__/__/Drivers/STM32F4xx_HAL_Driver/Src/stm32f4xx_hal_dma.c.obj
                0x080081e0                . = ALIGN (0x4)

.ARM.extab      0x080081e0        0x0
                0x080081e0                . = ALIGN (0x4)
 *(.ARM.extab* .gnu.linkonce.armextab.*)
                0x080081e0                . = ALIGN (0x4)

.ARM            0x080081e0        0x8
                0x080081e0                . = ALIGN (0x4)
                0x080081e0                __exidx_start = .
 *(.ARM.exidx*)
 .ARM.exidx     0x080081e0        0x8 c:/users/xiaom/.eide/tools/gcc_arm/bin/../lib/gcc/arm-none-eabi/10.2.1/thumb/v7e-m+fp/hard\libgcc.a(_udivmoddi4.o)
                0x080081e8                __exidx_end = .
                0x080081e8                . = ALIGN (0x4)

.rel.dyn        0x080081e8        0x0
 .rel.iplt      0x080081e8        0x0 c:/users/xiaom/.eide/tools/gcc_arm/bin/../lib/gcc/arm-none-eabi/10.2.1/thumb/v7e-m+fp/hard/crtbegin.o

.preinit_array  0x080081e8        0x0
                0x080081e8                . = ALIGN (0x4)
                0x080081e8                PROVIDE (__preinit_array_start = .)
 *(.preinit_array*)
                0x080081e8                PROVIDE (__preinit_array_end = .)
                0x080081e8                . = ALIGN (0x4)

.init_array     0x080081e8        0x8
                0x080081e8                . = ALIGN (0x4)
                0x080081e8                PROVIDE (__init_array_start = .)
 *(SORT_BY_NAME(.init_array.*))
 *(.init_array*)
 .init_array    0x080081e8        0x4 c:/users/xiaom/.eide/tools/gcc_arm/bin/../lib/gcc/arm-none-eabi/10.2.1/thumb/v7e-m+fp/hard/crtbegin.o
 .init_array    0x080081ec        0x4 CMakeFiles/HW2_Speed.dir/Tasks/task.cpp.obj
                0x080081f0                PROVIDE (__init_array_end = .)
                0x080081f0                . = ALIGN (0x4)

.fini_array     0x080081f0        0x4
                0x080081f0                . = ALIGN (0x4)
                [!provide]                PROVIDE (__fini_array_start = .)
 *(SORT_BY_NAME(.fini_array.*))
 *(.fini_array*)
 .fini_array    0x080081f0        0x4 c:/users/xiaom/.eide/tools/gcc_arm/bin/../lib/gcc/arm-none-eabi/10.2.1/thumb/v7e-m+fp/hard/crtbegin.o
                [!provide]                PROVIDE (__fini_array_end = .)
                0x080081f4                . = ALIGN (0x4)
                0x080081f4                _siccmram = LOADADDR (.ccmram)

.ccmram         0x10000000        0x0 load address 0x080081f4
                0x10000000                . = ALIGN (0x4)
                0x10000000                _sccmram = .
 *(.ccmram)
 *(.ccmram*)
                0x10000000                . = ALIGN (0x4)
                0x10000000                _eccmram = .
                0x080081f4                _sidata = LOADADDR (.data)

.data           0x20000000        0xc load address 0x080081f4
                0x20000000                . = ALIGN (0x4)
                0x20000000                _sdata = .
 *(.data)
 *(.data*)
 .data.SystemCoreClock
                0x20000000        0x4 cmake/stm32cubemx/CMakeFiles/STM32_Drivers.dir/__/__/Core/Src/system_stm32f4xx.c.obj
                0x20000000                SystemCoreClock
 .data.uwTickPrio
                0x20000004        0x4 cmake/stm32cubemx/CMakeFiles/STM32_Drivers.dir/__/__/Drivers/STM32F4xx_HAL_Driver/Src/stm32f4xx_hal.c.obj
                0x20000004                uwTickPrio
 .data.uwTickFreq
                0x20000008        0x1 cmake/stm32cubemx/CMakeFiles/STM32_Drivers.dir/__/__/Drivers/STM32F4xx_HAL_Driver/Src/stm32f4xx_hal.c.obj
                0x20000008                uwTickFreq
 *(.RamFunc)
 *(.RamFunc*)
                0x2000000c                . = ALIGN (0x4)
 *fill*         0x20000009        0x3 

.igot.plt       0x2000000c        0x0 load address 0x08008200
 .igot.plt      0x2000000c        0x0 c:/users/xiaom/.eide/tools/gcc_arm/bin/../lib/gcc/arm-none-eabi/10.2.1/thumb/v7e-m+fp/hard/crtbegin.o

.tdata          0x2000000c        0x0 load address 0x08008200
 *(.tdata .tdata.* .gnu.linkonce.td.*)
                0x2000000c                . = ALIGN (0x4)
                0x2000000c                _edata = .
                [!provide]                PROVIDE (__data_end = .)
                [!provide]                PROVIDE (__tdata_end = .)
                [!provide]                PROVIDE (__tdata_start = ADDR (.tdata))
                [!provide]                PROVIDE (__tdata_size = (__tdata_end - __tdata_start))
                [!provide]                PROVIDE (__data_start = ADDR (.data))
                [!provide]                PROVIDE (__data_size = (__data_end - __data_start))
                [!provide]                PROVIDE (__tdata_source = LOADADDR (.tdata))
                [!provide]                PROVIDE (__tdata_source_end = (LOADADDR (.tdata) + SIZEOF (.tdata)))
                [!provide]                PROVIDE (__tdata_source_size = (__tdata_source_end - __tdata_source))
                [!provide]                PROVIDE (__data_source = LOADADDR (.data))
                [!provide]                PROVIDE (__data_source_end = __tdata_source_end)
                [!provide]                PROVIDE (__data_source_size = (__data_source_end - __data_source))

.tbss           0x2000000c        0x0 load address 0x08008200
                0x2000000c                _sbss = .
                0x2000000c                __bss_start__ = _sbss
 *(.tbss .tbss.*)
                0x2000000c                . = ALIGN (0x4)
                [!provide]                PROVIDE (__tbss_end = .)
                [!provide]                PROVIDE (__tbss_start = ADDR (.tbss))
                [!provide]                PROVIDE (__tbss_size = (__tbss_end - __tbss_start))
                [!provide]                PROVIDE (__tbss_offset = (ADDR (.tbss) - ADDR (.tdata)))
                [!provide]                PROVIDE (__tls_base = __tdata_start)
                [!provide]                PROVIDE (__tls_end = __tbss_end)
                [!provide]                PROVIDE (__tls_size = (__tls_end - __tls_base))
                [!provide]                PROVIDE (__tls_align = MAX (ALIGNOF (.tdata), ALIGNOF (.tbss)))
                [!provide]                PROVIDE (__tls_size_align = (((__tls_size + __tls_align) - 0x1) & ~ ((__tls_align - 0x1))))
                [!provide]                PROVIDE (__arm32_tls_tcb_offset = MAX (0x8, __tls_align))
                [!provide]                PROVIDE (__arm64_tls_tcb_offset = MAX (0x10, __tls_align))

.bss            0x2000000c      0x48c load address 0x08008200
 *(.bss)
 .bss           0x2000000c       0x1c c:/users/xiaom/.eide/tools/gcc_arm/bin/../lib/gcc/arm-none-eabi/10.2.1/thumb/v7e-m+fp/hard/crtbegin.o
 *(.bss*)
 .bss.uwTick    0x20000028        0x4 cmake/stm32cubemx/CMakeFiles/STM32_Drivers.dir/__/__/Drivers/STM32F4xx_HAL_Driver/Src/stm32f4xx_hal.c.obj
                0x20000028                uwTick
 .bss.hcan1     0x2000002c       0x28 CMakeFiles/HW2_Speed.dir/Core/Src/can.c.obj
                0x2000002c                hcan1
 .bss.hcan2     0x20000054       0x28 CMakeFiles/HW2_Speed.dir/Core/Src/can.c.obj
                0x20000054                hcan2
 .bss.HAL_RCC_CAN1_CLK_ENABLED
                0x2000007c        0x4 CMakeFiles/HW2_Speed.dir/Core/Src/can.c.obj
 .bss.hspi1     0x20000080       0x58 CMakeFiles/HW2_Speed.dir/Core/Src/spi.c.obj
                0x20000080                hspi1
 .bss.htim4     0x200000d8       0x48 CMakeFiles/HW2_Speed.dir/Core/Src/tim.c.obj
                0x200000d8                htim4
 .bss.htim6     0x20000120       0x48 CMakeFiles/HW2_Speed.dir/Core/Src/tim.c.obj
                0x20000120                htim6
 .bss.htim10    0x20000168       0x48 CMakeFiles/HW2_Speed.dir/Core/Src/tim.c.obj
                0x20000168                htim10
 .bss.huart1    0x200001b0       0x48 CMakeFiles/HW2_Speed.dir/Core/Src/usart.c.obj
                0x200001b0                huart1
 .bss.huart3    0x200001f8       0x48 CMakeFiles/HW2_Speed.dir/Core/Src/usart.c.obj
                0x200001f8                huart3
 .bss.huart6    0x20000240       0x48 CMakeFiles/HW2_Speed.dir/Core/Src/usart.c.obj
                0x20000240                huart6
 .bss.hdma_usart1_tx
                0x20000288       0x60 CMakeFiles/HW2_Speed.dir/Core/Src/usart.c.obj
                0x20000288                hdma_usart1_tx
 .bss.hdma_usart3_rx
                0x200002e8       0x60 CMakeFiles/HW2_Speed.dir/Core/Src/usart.c.obj
                0x200002e8                hdma_usart3_rx
 .bss.hdma_usart6_rx
                0x20000348       0x60 CMakeFiles/HW2_Speed.dir/Core/Src/usart.c.obj
                0x20000348                hdma_usart6_rx
 .bss.hdma_usart6_tx
                0x200003a8       0x60 CMakeFiles/HW2_Speed.dir/Core/Src/usart.c.obj
                0x200003a8                hdma_usart6_tx
 .bss.motor1    0x20000408       0x88 CMakeFiles/HW2_Speed.dir/Tasks/task.cpp.obj
                0x20000408                motor1
 .bss.g_now_angle
                0x20000490        0x4 CMakeFiles/HW2_Speed.dir/Tasks/task.cpp.obj
                0x20000490                g_now_angle
 .bss.g_now_omega
                0x20000494        0x4 CMakeFiles/HW2_Speed.dir/Tasks/task.cpp.obj
                0x20000494                g_now_omega
 *(COMMON)
                0x20000498                . = ALIGN (0x4)
                0x20000498                _ebss = .
                0x20000498                __bss_end__ = _ebss
                [!provide]                PROVIDE (__bss_end = .)
                [!provide]                PROVIDE (__non_tls_bss_start = ADDR (.bss))
                [!provide]                PROVIDE (__bss_start = __tbss_start)
                [!provide]                PROVIDE (__bss_size = (__bss_end - __bss_start))

._user_heap_stack
                0x20000498      0x600 load address 0x08008200
                0x20000498                . = ALIGN (0x8)
                [!provide]                PROVIDE (end = .)
                0x20000498                PROVIDE (_end = .)
                0x20000698                . = (. + _Min_Heap_Size)
 *fill*         0x20000498      0x200 
                0x20000a98                . = (. + _Min_Stack_Size)
 *fill*         0x20000698      0x400 
                0x20000a98                . = ALIGN (0x8)

/DISCARD/
 libc.a:*(*)
 libm.a:*(*)
 libgcc.a:*(*)
OUTPUT(D:\files\25-26Autumn\Competition\RM\homework\HW2\HW2_Angle\build\HW2_Speed.elf elf32-littlearm)
LOAD linker stubs

.ARM.attributes
                0x00000000       0x30
 .ARM.attributes
                0x00000000       0x1e c:/users/xiaom/.eide/tools/gcc_arm/bin/../lib/gcc/arm-none-eabi/10.2.1/thumb/v7e-m+fp/hard/crti.o
 .ARM.attributes
                0x0000001e       0x34 c:/users/xiaom/.eide/tools/gcc_arm/bin/../lib/gcc/arm-none-eabi/10.2.1/thumb/v7e-m+fp/hard/crtbegin.o
 .ARM.attributes
                0x00000052       0x34 cmake/stm32cubemx/CMakeFiles/STM32_Drivers.dir/__/__/Core/Src/system_stm32f4xx.c.obj
 .ARM.attributes
                0x00000086       0x34 cmake/stm32cubemx/CMakeFiles/STM32_Drivers.dir/__/__/Drivers/STM32F4xx_HAL_Driver/Src/stm32f4xx_hal_can.c.obj
 .ARM.attributes
                0x000000ba       0x34 cmake/stm32cubemx/CMakeFiles/STM32_Drivers.dir/__/__/Drivers/STM32F4xx_HAL_Driver/Src/stm32f4xx_hal_rcc.c.obj
 .ARM.attributes
                0x000000ee       0x34 cmake/stm32cubemx/CMakeFiles/STM32_Drivers.dir/__/__/Drivers/STM32F4xx_HAL_Driver/Src/stm32f4xx_hal_gpio.c.obj
 .ARM.attributes
                0x00000122       0x34 cmake/stm32cubemx/CMakeFiles/STM32_Drivers.dir/__/__/Drivers/STM32F4xx_HAL_Driver/Src/stm32f4xx_hal_dma.c.obj
 .ARM.attributes
                0x00000156       0x34 cmake/stm32cubemx/CMakeFiles/STM32_Drivers.dir/__/__/Drivers/STM32F4xx_HAL_Driver/Src/stm32f4xx_hal_cortex.c.obj
 .ARM.attributes
                0x0000018a       0x34 cmake/stm32cubemx/CMakeFiles/STM32_Drivers.dir/__/__/Drivers/STM32F4xx_HAL_Driver/Src/stm32f4xx_hal.c.obj
 .ARM.attributes
                0x000001be       0x34 cmake/stm32cubemx/CMakeFiles/STM32_Drivers.dir/__/__/Drivers/STM32F4xx_HAL_Driver/Src/stm32f4xx_hal_spi.c.obj
 .ARM.attributes
                0x000001f2       0x34 cmake/stm32cubemx/CMakeFiles/STM32_Drivers.dir/__/__/Drivers/STM32F4xx_HAL_Driver/Src/stm32f4xx_hal_tim.c.obj
 .ARM.attributes
                0x00000226       0x34 cmake/stm32cubemx/CMakeFiles/STM32_Drivers.dir/__/__/Drivers/STM32F4xx_HAL_Driver/Src/stm32f4xx_hal_tim_ex.c.obj
 .ARM.attributes
                0x0000025a       0x34 cmake/stm32cubemx/CMakeFiles/STM32_Drivers.dir/__/__/Drivers/STM32F4xx_HAL_Driver/Src/stm32f4xx_hal_uart.c.obj
 .ARM.attributes
                0x0000028e       0x34 CMakeFiles/HW2_Speed.dir/Core/Src/can.c.obj
 .ARM.attributes
                0x000002c2       0x34 CMakeFiles/HW2_Speed.dir/Core/Src/dma.c.obj
 .ARM.attributes
                0x000002f6       0x34 CMakeFiles/HW2_Speed.dir/Core/Src/gpio.c.obj
 .ARM.attributes
                0x0000032a       0x34 CMakeFiles/HW2_Speed.dir/Core/Src/main.c.obj
 .ARM.attributes
                0x0000035e       0x34 CMakeFiles/HW2_Speed.dir/Core/Src/spi.c.obj
 .ARM.attributes
                0x00000392       0x34 CMakeFiles/HW2_Speed.dir/Core/Src/stm32f4xx_hal_msp.c.obj
 .ARM.attributes
                0x000003c6       0x34 CMakeFiles/HW2_Speed.dir/Core/Src/stm32f4xx_it.c.obj
 .ARM.attributes
                0x000003fa       0x34 CMakeFiles/HW2_Speed.dir/Core/Src/tim.c.obj
 .ARM.attributes
                0x0000042e       0x34 CMakeFiles/HW2_Speed.dir/Core/Src/usart.c.obj
 .ARM.attributes
                0x00000462       0x34 CMakeFiles/HW2_Speed.dir/Tasks/task.cpp.obj
 .ARM.attributes
                0x00000496       0x34 CMakeFiles/HW2_Speed.dir/Resources/HW_can.cpp.obj
 .ARM.attributes
                0x000004ca       0x34 CMakeFiles/HW2_Speed.dir/Resources/motor.cpp.obj
 .ARM.attributes
                0x000004fe       0x34 CMakeFiles/HW2_Speed.dir/Resources/pid.cpp.obj
 .ARM.attributes
                0x00000532       0x21 CMakeFiles/HW2_Speed.dir/startup_stm32f407xx.s.obj
 .ARM.attributes
                0x00000553       0x1e c:/users/xiaom/.eide/tools/gcc_arm/bin/../lib/gcc/arm-none-eabi/10.2.1/thumb/v7e-m+fp/hard\libgcc.a(_arm_muldf3.o)
 .ARM.attributes
                0x00000571       0x1e c:/users/xiaom/.eide/tools/gcc_arm/bin/../lib/gcc/arm-none-eabi/10.2.1/thumb/v7e-m+fp/hard\libgcc.a(_arm_addsubdf3.o)
 .ARM.attributes
                0x0000058f       0x1e c:/users/xiaom/.eide/tools/gcc_arm/bin/../lib/gcc/arm-none-eabi/10.2.1/thumb/v7e-m+fp/hard\libgcc.a(_arm_truncdfsf2.o)
 .ARM.attributes
                0x000005ad       0x1e c:/users/xiaom/.eide/tools/gcc_arm/bin/../lib/gcc/arm-none-eabi/10.2.1/thumb/v7e-m+fp/hard\libgcc.a(_aeabi_uldivmod.o)
 .ARM.attributes
                0x000005cb       0x34 c:/users/xiaom/.eide/tools/gcc_arm/bin/../lib/gcc/arm-none-eabi/10.2.1/thumb/v7e-m+fp/hard\libgcc.a(_udivmoddi4.o)
 .ARM.attributes
                0x000005ff       0x1e c:/users/xiaom/.eide/tools/gcc_arm/bin/../lib/gcc/arm-none-eabi/10.2.1/thumb/v7e-m+fp/hard\libgcc.a(_dvmd_tls.o)
 .ARM.attributes
                0x0000061d       0x34 c:/users/xiaom/.eide/tools/gcc_arm/bin/../lib/gcc/arm-none-eabi/10.2.1/../../../../arm-none-eabi/lib/thumb/v7e-m+fp/hard\libg_nano.a(lib_a-init.o)
 .ARM.attributes
                0x00000651       0x34 c:/users/xiaom/.eide/tools/gcc_arm/bin/../lib/gcc/arm-none-eabi/10.2.1/../../../../arm-none-eabi/lib/thumb/v7e-m+fp/hard\libg_nano.a(lib_a-memset.o)
 .ARM.attributes
                0x00000685       0x1e c:/users/xiaom/.eide/tools/gcc_arm/bin/../lib/gcc/arm-none-eabi/10.2.1/thumb/v7e-m+fp/hard/crtn.o

.comment        0x00000000       0x4d
 .comment       0x00000000       0x4d cmake/stm32cubemx/CMakeFiles/STM32_Drivers.dir/__/__/Core/Src/system_stm32f4xx.c.obj
                                 0x4e (size before relaxing)
 .comment       0x0000004d       0x4e cmake/stm32cubemx/CMakeFiles/STM32_Drivers.dir/__/__/Drivers/STM32F4xx_HAL_Driver/Src/stm32f4xx_hal_can.c.obj
 .comment       0x0000004d       0x4e cmake/stm32cubemx/CMakeFiles/STM32_Drivers.dir/__/__/Drivers/STM32F4xx_HAL_Driver/Src/stm32f4xx_hal_rcc.c.obj
 .comment       0x0000004d       0x4e cmake/stm32cubemx/CMakeFiles/STM32_Drivers.dir/__/__/Drivers/STM32F4xx_HAL_Driver/Src/stm32f4xx_hal_gpio.c.obj
 .comment       0x0000004d       0x4e cmake/stm32cubemx/CMakeFiles/STM32_Drivers.dir/__/__/Drivers/STM32F4xx_HAL_Driver/Src/stm32f4xx_hal_dma.c.obj
 .comment       0x0000004d       0x4e cmake/stm32cubemx/CMakeFiles/STM32_Drivers.dir/__/__/Drivers/STM32F4xx_HAL_Driver/Src/stm32f4xx_hal_cortex.c.obj
 .comment       0x0000004d       0x4e cmake/stm32cubemx/CMakeFiles/STM32_Drivers.dir/__/__/Drivers/STM32F4xx_HAL_Driver/Src/stm32f4xx_hal.c.obj
 .comment       0x0000004d       0x4e cmake/stm32cubemx/CMakeFiles/STM32_Drivers.dir/__/__/Drivers/STM32F4xx_HAL_Driver/Src/stm32f4xx_hal_spi.c.obj
 .comment       0x0000004d       0x4e cmake/stm32cubemx/CMakeFiles/STM32_Drivers.dir/__/__/Drivers/STM32F4xx_HAL_Driver/Src/stm32f4xx_hal_tim.c.obj
 .comment       0x0000004d       0x4e cmake/stm32cubemx/CMakeFiles/STM32_Drivers.dir/__/__/Drivers/STM32F4xx_HAL_Driver/Src/stm32f4xx_hal_tim_ex.c.obj
 .comment       0x0000004d       0x4e cmake/stm32cubemx/CMakeFiles/STM32_Drivers.dir/__/__/Drivers/STM32F4xx_HAL_Driver/Src/stm32f4xx_hal_uart.c.obj
 .comment       0x0000004d       0x4e CMakeFiles/HW2_Speed.dir/Core/Src/can.c.obj
 .comment       0x0000004d       0x4e CMakeFiles/HW2_Speed.dir/Core/Src/dma.c.obj
 .comment       0x0000004d       0x4e CMakeFiles/HW2_Speed.dir/Core/Src/gpio.c.obj
 .comment       0x0000004d       0x4e CMakeFiles/HW2_Speed.dir/Core/Src/main.c.obj
 .comment       0x0000004d       0x4e CMakeFiles/HW2_Speed.dir/Core/Src/spi.c.obj
 .comment       0x0000004d       0x4e CMakeFiles/HW2_Speed.dir/Core/Src/stm32f4xx_hal_msp.c.obj
 .comment       0x0000004d       0x4e CMakeFiles/HW2_Speed.dir/Core/Src/stm32f4xx_it.c.obj
 .comment       0x0000004d       0x4e CMakeFiles/HW2_Speed.dir/Core/Src/tim.c.obj
 .comment       0x0000004d       0x4e CMakeFiles/HW2_Speed.dir/Core/Src/usart.c.obj
 .comment       0x0000004d       0x4e CMakeFiles/HW2_Speed.dir/Tasks/task.cpp.obj
 .comment       0x0000004d       0x4e CMakeFiles/HW2_Speed.dir/Resources/HW_can.cpp.obj
 .comment       0x0000004d       0x4e CMakeFiles/HW2_Speed.dir/Resources/motor.cpp.obj
 .comment       0x0000004d       0x4e CMakeFiles/HW2_Speed.dir/Resources/pid.cpp.obj

.debug_info     0x00000000    0x1550d
 .debug_info    0x00000000      0x523 cmake/stm32cubemx/CMakeFiles/STM32_Drivers.dir/__/__/Core/Src/system_stm32f4xx.c.obj
 .debug_info    0x00000523     0x1001 cmake/stm32cubemx/CMakeFiles/STM32_Drivers.dir/__/__/Drivers/STM32F4xx_HAL_Driver/Src/stm32f4xx_hal_can.c.obj
 .debug_info    0x00001524      0x937 cmake/stm32cubemx/CMakeFiles/STM32_Drivers.dir/__/__/Drivers/STM32F4xx_HAL_Driver/Src/stm32f4xx_hal_rcc.c.obj
 .debug_info    0x00001e5b      0x76a cmake/stm32cubemx/CMakeFiles/STM32_Drivers.dir/__/__/Drivers/STM32F4xx_HAL_Driver/Src/stm32f4xx_hal_gpio.c.obj
 .debug_info    0x000025c5      0x943 cmake/stm32cubemx/CMakeFiles/STM32_Drivers.dir/__/__/Drivers/STM32F4xx_HAL_Driver/Src/stm32f4xx_hal_dma.c.obj
 .debug_info    0x00002f08      0xe7b cmake/stm32cubemx/CMakeFiles/STM32_Drivers.dir/__/__/Drivers/STM32F4xx_HAL_Driver/Src/stm32f4xx_hal_cortex.c.obj
 .debug_info    0x00003d83      0x941 cmake/stm32cubemx/CMakeFiles/STM32_Drivers.dir/__/__/Drivers/STM32F4xx_HAL_Driver/Src/stm32f4xx_hal.c.obj
 .debug_info    0x000046c4     0x1609 cmake/stm32cubemx/CMakeFiles/STM32_Drivers.dir/__/__/Drivers/STM32F4xx_HAL_Driver/Src/stm32f4xx_hal_spi.c.obj
 .debug_info    0x00005ccd     0x2ba6 cmake/stm32cubemx/CMakeFiles/STM32_Drivers.dir/__/__/Drivers/STM32F4xx_HAL_Driver/Src/stm32f4xx_hal_tim.c.obj
 .debug_info    0x00008873     0x14f3 cmake/stm32cubemx/CMakeFiles/STM32_Drivers.dir/__/__/Drivers/STM32F4xx_HAL_Driver/Src/stm32f4xx_hal_tim_ex.c.obj
 .debug_info    0x00009d66     0x30c0 cmake/stm32cubemx/CMakeFiles/STM32_Drivers.dir/__/__/Drivers/STM32F4xx_HAL_Driver/Src/stm32f4xx_hal_uart.c.obj
 .debug_info    0x0000ce26      0xb0d CMakeFiles/HW2_Speed.dir/Core/Src/can.c.obj
 .debug_info    0x0000d933      0x4cd CMakeFiles/HW2_Speed.dir/Core/Src/dma.c.obj
 .debug_info    0x0000de00      0x4b7 CMakeFiles/HW2_Speed.dir/Core/Src/gpio.c.obj
 .debug_info    0x0000e2b7      0x4ed CMakeFiles/HW2_Speed.dir/Core/Src/main.c.obj
 .debug_info    0x0000e7a4      0x9ae CMakeFiles/HW2_Speed.dir/Core/Src/spi.c.obj
 .debug_info    0x0000f152      0x2a8 CMakeFiles/HW2_Speed.dir/Core/Src/stm32f4xx_hal_msp.c.obj
 .debug_info    0x0000f3fa      0xe73 CMakeFiles/HW2_Speed.dir/Core/Src/stm32f4xx_it.c.obj
 .debug_info    0x0001026d      0xe73 CMakeFiles/HW2_Speed.dir/Core/Src/tim.c.obj
 .debug_info    0x000110e0      0xcb1 CMakeFiles/HW2_Speed.dir/Core/Src/usart.c.obj
 .debug_info    0x00011d91     0x153e CMakeFiles/HW2_Speed.dir/Tasks/task.cpp.obj
 .debug_info    0x000132cf      0xc74 CMakeFiles/HW2_Speed.dir/Resources/HW_can.cpp.obj
 .debug_info    0x00013f43     0x1062 CMakeFiles/HW2_Speed.dir/Resources/motor.cpp.obj
 .debug_info    0x00014fa5      0x546 CMakeFiles/HW2_Speed.dir/Resources/pid.cpp.obj
 .debug_info    0x000154eb       0x22 CMakeFiles/HW2_Speed.dir/startup_stm32f407xx.s.obj

.debug_abbrev   0x00000000     0x3147
 .debug_abbrev  0x00000000      0x116 cmake/stm32cubemx/CMakeFiles/STM32_Drivers.dir/__/__/Core/Src/system_stm32f4xx.c.obj
 .debug_abbrev  0x00000116      0x237 cmake/stm32cubemx/CMakeFiles/STM32_Drivers.dir/__/__/Drivers/STM32F4xx_HAL_Driver/Src/stm32f4xx_hal_can.c.obj
 .debug_abbrev  0x0000034d      0x262 cmake/stm32cubemx/CMakeFiles/STM32_Drivers.dir/__/__/Drivers/STM32F4xx_HAL_Driver/Src/stm32f4xx_hal_rcc.c.obj
 .debug_abbrev  0x000005af      0x1c4 cmake/stm32cubemx/CMakeFiles/STM32_Drivers.dir/__/__/Drivers/STM32F4xx_HAL_Driver/Src/stm32f4xx_hal_gpio.c.obj
 .debug_abbrev  0x00000773      0x246 cmake/stm32cubemx/CMakeFiles/STM32_Drivers.dir/__/__/Drivers/STM32F4xx_HAL_Driver/Src/stm32f4xx_hal_dma.c.obj
 .debug_abbrev  0x000009b9      0x30d cmake/stm32cubemx/CMakeFiles/STM32_Drivers.dir/__/__/Drivers/STM32F4xx_HAL_Driver/Src/stm32f4xx_hal_cortex.c.obj
 .debug_abbrev  0x00000cc6      0x1da cmake/stm32cubemx/CMakeFiles/STM32_Drivers.dir/__/__/Drivers/STM32F4xx_HAL_Driver/Src/stm32f4xx_hal.c.obj
 .debug_abbrev  0x00000ea0      0x23a cmake/stm32cubemx/CMakeFiles/STM32_Drivers.dir/__/__/Drivers/STM32F4xx_HAL_Driver/Src/stm32f4xx_hal_spi.c.obj
 .debug_abbrev  0x000010da      0x238 cmake/stm32cubemx/CMakeFiles/STM32_Drivers.dir/__/__/Drivers/STM32F4xx_HAL_Driver/Src/stm32f4xx_hal_tim.c.obj
 .debug_abbrev  0x00001312      0x240 cmake/stm32cubemx/CMakeFiles/STM32_Drivers.dir/__/__/Drivers/STM32F4xx_HAL_Driver/Src/stm32f4xx_hal_tim_ex.c.obj
 .debug_abbrev  0x00001552      0x2b3 cmake/stm32cubemx/CMakeFiles/STM32_Drivers.dir/__/__/Drivers/STM32F4xx_HAL_Driver/Src/stm32f4xx_hal_uart.c.obj
 .debug_abbrev  0x00001805      0x1b3 CMakeFiles/HW2_Speed.dir/Core/Src/can.c.obj
 .debug_abbrev  0x000019b8       0xf9 CMakeFiles/HW2_Speed.dir/Core/Src/dma.c.obj
 .debug_abbrev  0x00001ab1      0x121 CMakeFiles/HW2_Speed.dir/Core/Src/gpio.c.obj
 .debug_abbrev  0x00001bd2      0x197 CMakeFiles/HW2_Speed.dir/Core/Src/main.c.obj
 .debug_abbrev  0x00001d69      0x1a8 CMakeFiles/HW2_Speed.dir/Core/Src/spi.c.obj
 .debug_abbrev  0x00001f11       0xd4 CMakeFiles/HW2_Speed.dir/Core/Src/stm32f4xx_hal_msp.c.obj
 .debug_abbrev  0x00001fe5      0x1bf CMakeFiles/HW2_Speed.dir/Core/Src/stm32f4xx_it.c.obj
 .debug_abbrev  0x000021a4      0x1bd CMakeFiles/HW2_Speed.dir/Core/Src/tim.c.obj
 .debug_abbrev  0x00002361      0x1f1 CMakeFiles/HW2_Speed.dir/Core/Src/usart.c.obj
 .debug_abbrev  0x00002552      0x479 CMakeFiles/HW2_Speed.dir/Tasks/task.cpp.obj
 .debug_abbrev  0x000029cb      0x292 CMakeFiles/HW2_Speed.dir/Resources/HW_can.cpp.obj
 .debug_abbrev  0x00002c5d      0x3bd CMakeFiles/HW2_Speed.dir/Resources/motor.cpp.obj
 .debug_abbrev  0x0000301a      0x11b CMakeFiles/HW2_Speed.dir/Resources/pid.cpp.obj
 .debug_abbrev  0x00003135       0x12 CMakeFiles/HW2_Speed.dir/startup_stm32f407xx.s.obj

.debug_aranges  0x00000000     0x11c0
 .debug_aranges
                0x00000000       0x28 cmake/stm32cubemx/CMakeFiles/STM32_Drivers.dir/__/__/Core/Src/system_stm32f4xx.c.obj
 .debug_aranges
                0x00000028      0x138 cmake/stm32cubemx/CMakeFiles/STM32_Drivers.dir/__/__/Drivers/STM32F4xx_HAL_Driver/Src/stm32f4xx_hal_can.c.obj
 .debug_aranges
                0x00000160       0x88 cmake/stm32cubemx/CMakeFiles/STM32_Drivers.dir/__/__/Drivers/STM32F4xx_HAL_Driver/Src/stm32f4xx_hal_rcc.c.obj
 .debug_aranges
                0x000001e8       0x58 cmake/stm32cubemx/CMakeFiles/STM32_Drivers.dir/__/__/Drivers/STM32F4xx_HAL_Driver/Src/stm32f4xx_hal_gpio.c.obj
 .debug_aranges
                0x00000240       0x90 cmake/stm32cubemx/CMakeFiles/STM32_Drivers.dir/__/__/Drivers/STM32F4xx_HAL_Driver/Src/stm32f4xx_hal_dma.c.obj
 .debug_aranges
                0x000002d0      0x130 cmake/stm32cubemx/CMakeFiles/STM32_Drivers.dir/__/__/Drivers/STM32F4xx_HAL_Driver/Src/stm32f4xx_hal_cortex.c.obj
 .debug_aranges
                0x00000400       0xf0 cmake/stm32cubemx/CMakeFiles/STM32_Drivers.dir/__/__/Drivers/STM32F4xx_HAL_Driver/Src/stm32f4xx_hal.c.obj
 .debug_aranges
                0x000004f0      0x1d0 cmake/stm32cubemx/CMakeFiles/STM32_Drivers.dir/__/__/Drivers/STM32F4xx_HAL_Driver/Src/stm32f4xx_hal_spi.c.obj
 .debug_aranges
                0x000006c0      0x3d0 cmake/stm32cubemx/CMakeFiles/STM32_Drivers.dir/__/__/Drivers/STM32F4xx_HAL_Driver/Src/stm32f4xx_hal_tim.c.obj
 .debug_aranges
                0x00000a90      0x168 cmake/stm32cubemx/CMakeFiles/STM32_Drivers.dir/__/__/Drivers/STM32F4xx_HAL_Driver/Src/stm32f4xx_hal_tim_ex.c.obj
 .debug_aranges
                0x00000bf8      0x208 cmake/stm32cubemx/CMakeFiles/STM32_Drivers.dir/__/__/Drivers/STM32F4xx_HAL_Driver/Src/stm32f4xx_hal_uart.c.obj
 .debug_aranges
                0x00000e00       0x38 CMakeFiles/HW2_Speed.dir/Core/Src/can.c.obj
 .debug_aranges
                0x00000e38       0x20 CMakeFiles/HW2_Speed.dir/Core/Src/dma.c.obj
 .debug_aranges
                0x00000e58       0x20 CMakeFiles/HW2_Speed.dir/Core/Src/gpio.c.obj
 .debug_aranges
                0x00000e78       0x38 CMakeFiles/HW2_Speed.dir/Core/Src/main.c.obj
 .debug_aranges
                0x00000eb0       0x30 CMakeFiles/HW2_Speed.dir/Core/Src/spi.c.obj
 .debug_aranges
                0x00000ee0       0x20 CMakeFiles/HW2_Speed.dir/Core/Src/stm32f4xx_hal_msp.c.obj
 .debug_aranges
                0x00000f00       0xa8 CMakeFiles/HW2_Speed.dir/Core/Src/stm32f4xx_it.c.obj
 .debug_aranges
                0x00000fa8       0x48 CMakeFiles/HW2_Speed.dir/Core/Src/tim.c.obj
 .debug_aranges
                0x00000ff0       0x40 CMakeFiles/HW2_Speed.dir/Core/Src/usart.c.obj
 .debug_aranges
                0x00001030       0x50 CMakeFiles/HW2_Speed.dir/Tasks/task.cpp.obj
 .debug_aranges
                0x00001080       0x30 CMakeFiles/HW2_Speed.dir/Resources/HW_can.cpp.obj
 .debug_aranges
                0x000010b0       0x70 CMakeFiles/HW2_Speed.dir/Resources/motor.cpp.obj
 .debug_aranges
                0x00001120       0x78 CMakeFiles/HW2_Speed.dir/Resources/pid.cpp.obj
 .debug_aranges
                0x00001198       0x28 CMakeFiles/HW2_Speed.dir/startup_stm32f407xx.s.obj

.debug_ranges   0x00000000     0x1068
 .debug_ranges  0x00000000       0x18 cmake/stm32cubemx/CMakeFiles/STM32_Drivers.dir/__/__/Core/Src/system_stm32f4xx.c.obj
 .debug_ranges  0x00000018      0x128 cmake/stm32cubemx/CMakeFiles/STM32_Drivers.dir/__/__/Drivers/STM32F4xx_HAL_Driver/Src/stm32f4xx_hal_can.c.obj
 .debug_ranges  0x00000140       0x78 cmake/stm32cubemx/CMakeFiles/STM32_Drivers.dir/__/__/Drivers/STM32F4xx_HAL_Driver/Src/stm32f4xx_hal_rcc.c.obj
 .debug_ranges  0x000001b8       0x48 cmake/stm32cubemx/CMakeFiles/STM32_Drivers.dir/__/__/Drivers/STM32F4xx_HAL_Driver/Src/stm32f4xx_hal_gpio.c.obj
 .debug_ranges  0x00000200       0x80 cmake/stm32cubemx/CMakeFiles/STM32_Drivers.dir/__/__/Drivers/STM32F4xx_HAL_Driver/Src/stm32f4xx_hal_dma.c.obj
 .debug_ranges  0x00000280      0x120 cmake/stm32cubemx/CMakeFiles/STM32_Drivers.dir/__/__/Drivers/STM32F4xx_HAL_Driver/Src/stm32f4xx_hal_cortex.c.obj
 .debug_ranges  0x000003a0       0xe0 cmake/stm32cubemx/CMakeFiles/STM32_Drivers.dir/__/__/Drivers/STM32F4xx_HAL_Driver/Src/stm32f4xx_hal.c.obj
 .debug_ranges  0x00000480      0x1c0 cmake/stm32cubemx/CMakeFiles/STM32_Drivers.dir/__/__/Drivers/STM32F4xx_HAL_Driver/Src/stm32f4xx_hal_spi.c.obj
 .debug_ranges  0x00000640      0x3c0 cmake/stm32cubemx/CMakeFiles/STM32_Drivers.dir/__/__/Drivers/STM32F4xx_HAL_Driver/Src/stm32f4xx_hal_tim.c.obj
 .debug_ranges  0x00000a00      0x158 cmake/stm32cubemx/CMakeFiles/STM32_Drivers.dir/__/__/Drivers/STM32F4xx_HAL_Driver/Src/stm32f4xx_hal_tim_ex.c.obj
 .debug_ranges  0x00000b58      0x228 cmake/stm32cubemx/CMakeFiles/STM32_Drivers.dir/__/__/Drivers/STM32F4xx_HAL_Driver/Src/stm32f4xx_hal_uart.c.obj
 .debug_ranges  0x00000d80       0x28 CMakeFiles/HW2_Speed.dir/Core/Src/can.c.obj
 .debug_ranges  0x00000da8       0x10 CMakeFiles/HW2_Speed.dir/Core/Src/dma.c.obj
 .debug_ranges  0x00000db8       0x10 CMakeFiles/HW2_Speed.dir/Core/Src/gpio.c.obj
 .debug_ranges  0x00000dc8       0x28 CMakeFiles/HW2_Speed.dir/Core/Src/main.c.obj
 .debug_ranges  0x00000df0       0x20 CMakeFiles/HW2_Speed.dir/Core/Src/spi.c.obj
 .debug_ranges  0x00000e10       0x10 CMakeFiles/HW2_Speed.dir/Core/Src/stm32f4xx_hal_msp.c.obj
 .debug_ranges  0x00000e20       0x98 CMakeFiles/HW2_Speed.dir/Core/Src/stm32f4xx_it.c.obj
 .debug_ranges  0x00000eb8       0x38 CMakeFiles/HW2_Speed.dir/Core/Src/tim.c.obj
 .debug_ranges  0x00000ef0       0x30 CMakeFiles/HW2_Speed.dir/Core/Src/usart.c.obj
 .debug_ranges  0x00000f20       0x40 CMakeFiles/HW2_Speed.dir/Tasks/task.cpp.obj
 .debug_ranges  0x00000f60       0x20 CMakeFiles/HW2_Speed.dir/Resources/HW_can.cpp.obj
 .debug_ranges  0x00000f80       0x60 CMakeFiles/HW2_Speed.dir/Resources/motor.cpp.obj
 .debug_ranges  0x00000fe0       0x68 CMakeFiles/HW2_Speed.dir/Resources/pid.cpp.obj
 .debug_ranges  0x00001048       0x20 CMakeFiles/HW2_Speed.dir/startup_stm32f407xx.s.obj

.debug_macro    0x00000000    0x26368
 .debug_macro   0x00000000      0x1e2 cmake/stm32cubemx/CMakeFiles/STM32_Drivers.dir/__/__/Core/Src/system_stm32f4xx.c.obj
 .debug_macro   0x000001e2      0xa7e cmake/stm32cubemx/CMakeFiles/STM32_Drivers.dir/__/__/Core/Src/system_stm32f4xx.c.obj
 .debug_macro   0x00000c60       0x2e cmake/stm32cubemx/CMakeFiles/STM32_Drivers.dir/__/__/Core/Src/system_stm32f4xx.c.obj
 .debug_macro   0x00000c8e       0x2f cmake/stm32cubemx/CMakeFiles/STM32_Drivers.dir/__/__/Core/Src/system_stm32f4xx.c.obj
 .debug_macro   0x00000cbd       0x22 cmake/stm32cubemx/CMakeFiles/STM32_Drivers.dir/__/__/Core/Src/system_stm32f4xx.c.obj
 .debug_macro   0x00000cdf       0x8e cmake/stm32cubemx/CMakeFiles/STM32_Drivers.dir/__/__/Core/Src/system_stm32f4xx.c.obj
 .debug_macro   0x00000d6d       0x51 cmake/stm32cubemx/CMakeFiles/STM32_Drivers.dir/__/__/Core/Src/system_stm32f4xx.c.obj
 .debug_macro   0x00000dbe      0x103 cmake/stm32cubemx/CMakeFiles/STM32_Drivers.dir/__/__/Core/Src/system_stm32f4xx.c.obj
 .debug_macro   0x00000ec1       0x6a cmake/stm32cubemx/CMakeFiles/STM32_Drivers.dir/__/__/Core/Src/system_stm32f4xx.c.obj
 .debug_macro   0x00000f2b      0x1df cmake/stm32cubemx/CMakeFiles/STM32_Drivers.dir/__/__/Core/Src/system_stm32f4xx.c.obj
 .debug_macro   0x0000110a       0x1c cmake/stm32cubemx/CMakeFiles/STM32_Drivers.dir/__/__/Core/Src/system_stm32f4xx.c.obj
 .debug_macro   0x00001126       0x22 cmake/stm32cubemx/CMakeFiles/STM32_Drivers.dir/__/__/Core/Src/system_stm32f4xx.c.obj
 .debug_macro   0x00001148       0xfb cmake/stm32cubemx/CMakeFiles/STM32_Drivers.dir/__/__/Core/Src/system_stm32f4xx.c.obj
 .debug_macro   0x00001243     0x1011 cmake/stm32cubemx/CMakeFiles/STM32_Drivers.dir/__/__/Core/Src/system_stm32f4xx.c.obj
 .debug_macro   0x00002254      0x11f cmake/stm32cubemx/CMakeFiles/STM32_Drivers.dir/__/__/Core/Src/system_stm32f4xx.c.obj
 .debug_macro   0x00002373    0x15ea5 cmake/stm32cubemx/CMakeFiles/STM32_Drivers.dir/__/__/Core/Src/system_stm32f4xx.c.obj
 .debug_macro   0x00018218       0x6d cmake/stm32cubemx/CMakeFiles/STM32_Drivers.dir/__/__/Core/Src/system_stm32f4xx.c.obj
 .debug_macro   0x00018285      0x2ae cmake/stm32cubemx/CMakeFiles/STM32_Drivers.dir/__/__/Core/Src/system_stm32f4xx.c.obj
 .debug_macro   0x00018533     0x3693 cmake/stm32cubemx/CMakeFiles/STM32_Drivers.dir/__/__/Core/Src/system_stm32f4xx.c.obj
 .debug_macro   0x0001bbc6      0x174 cmake/stm32cubemx/CMakeFiles/STM32_Drivers.dir/__/__/Core/Src/system_stm32f4xx.c.obj
 .debug_macro   0x0001bd3a       0x5c cmake/stm32cubemx/CMakeFiles/STM32_Drivers.dir/__/__/Core/Src/system_stm32f4xx.c.obj
 .debug_macro   0x0001bd96      0x980 cmake/stm32cubemx/CMakeFiles/STM32_Drivers.dir/__/__/Core/Src/system_stm32f4xx.c.obj
 .debug_macro   0x0001c716      0x9e9 cmake/stm32cubemx/CMakeFiles/STM32_Drivers.dir/__/__/Core/Src/system_stm32f4xx.c.obj
 .debug_macro   0x0001d0ff      0x115 cmake/stm32cubemx/CMakeFiles/STM32_Drivers.dir/__/__/Core/Src/system_stm32f4xx.c.obj
 .debug_macro   0x0001d214      0x13e cmake/stm32cubemx/CMakeFiles/STM32_Drivers.dir/__/__/Core/Src/system_stm32f4xx.c.obj
 .debug_macro   0x0001d352       0xa5 cmake/stm32cubemx/CMakeFiles/STM32_Drivers.dir/__/__/Core/Src/system_stm32f4xx.c.obj
 .debug_macro   0x0001d3f7      0x174 cmake/stm32cubemx/CMakeFiles/STM32_Drivers.dir/__/__/Core/Src/system_stm32f4xx.c.obj
 .debug_macro   0x0001d56b      0x287 cmake/stm32cubemx/CMakeFiles/STM32_Drivers.dir/__/__/Core/Src/system_stm32f4xx.c.obj
 .debug_macro   0x0001d7f2       0x5f cmake/stm32cubemx/CMakeFiles/STM32_Drivers.dir/__/__/Core/Src/system_stm32f4xx.c.obj
 .debug_macro   0x0001d851      0x236 cmake/stm32cubemx/CMakeFiles/STM32_Drivers.dir/__/__/Core/Src/system_stm32f4xx.c.obj
 .debug_macro   0x0001da87      0x40f cmake/stm32cubemx/CMakeFiles/STM32_Drivers.dir/__/__/Core/Src/system_stm32f4xx.c.obj
 .debug_macro   0x0001de96      0x12c cmake/stm32cubemx/CMakeFiles/STM32_Drivers.dir/__/__/Core/Src/system_stm32f4xx.c.obj
 .debug_macro   0x0001dfc2      0x21e cmake/stm32cubemx/CMakeFiles/STM32_Drivers.dir/__/__/Core/Src/system_stm32f4xx.c.obj
 .debug_macro   0x0001e1e0       0x2e cmake/stm32cubemx/CMakeFiles/STM32_Drivers.dir/__/__/Core/Src/system_stm32f4xx.c.obj
 .debug_macro   0x0001e20e      0x127 cmake/stm32cubemx/CMakeFiles/STM32_Drivers.dir/__/__/Core/Src/system_stm32f4xx.c.obj
 .debug_macro   0x0001e335       0x7e cmake/stm32cubemx/CMakeFiles/STM32_Drivers.dir/__/__/Core/Src/system_stm32f4xx.c.obj
 .debug_macro   0x0001e3b3       0x89 cmake/stm32cubemx/CMakeFiles/STM32_Drivers.dir/__/__/Core/Src/system_stm32f4xx.c.obj
 .debug_macro   0x0001e43c      0x225 cmake/stm32cubemx/CMakeFiles/STM32_Drivers.dir/__/__/Core/Src/system_stm32f4xx.c.obj
 .debug_macro   0x0001e661      0x8ed cmake/stm32cubemx/CMakeFiles/STM32_Drivers.dir/__/__/Core/Src/system_stm32f4xx.c.obj
 .debug_macro   0x0001ef4e       0x4d cmake/stm32cubemx/CMakeFiles/STM32_Drivers.dir/__/__/Core/Src/system_stm32f4xx.c.obj
 .debug_macro   0x0001ef9b      0x2aa cmake/stm32cubemx/CMakeFiles/STM32_Drivers.dir/__/__/Core/Src/system_stm32f4xx.c.obj
 .debug_macro   0x0001f245      0x12d cmake/stm32cubemx/CMakeFiles/STM32_Drivers.dir/__/__/Core/Src/system_stm32f4xx.c.obj
 .debug_macro   0x0001f372      0x1f1 cmake/stm32cubemx/CMakeFiles/STM32_Drivers.dir/__/__/Drivers/STM32F4xx_HAL_Driver/Src/stm32f4xx_hal_can.c.obj
 .debug_macro   0x0001f563      0x206 cmake/stm32cubemx/CMakeFiles/STM32_Drivers.dir/__/__/Drivers/STM32F4xx_HAL_Driver/Src/stm32f4xx_hal_rcc.c.obj
 .debug_macro   0x0001f769      0x1e8 cmake/stm32cubemx/CMakeFiles/STM32_Drivers.dir/__/__/Drivers/STM32F4xx_HAL_Driver/Src/stm32f4xx_hal_gpio.c.obj
 .debug_macro   0x0001f951      0x1e8 cmake/stm32cubemx/CMakeFiles/STM32_Drivers.dir/__/__/Drivers/STM32F4xx_HAL_Driver/Src/stm32f4xx_hal_dma.c.obj
 .debug_macro   0x0001fb39      0x1e2 cmake/stm32cubemx/CMakeFiles/STM32_Drivers.dir/__/__/Drivers/STM32F4xx_HAL_Driver/Src/stm32f4xx_hal_cortex.c.obj
 .debug_macro   0x0001fd1b      0x242 cmake/stm32cubemx/CMakeFiles/STM32_Drivers.dir/__/__/Drivers/STM32F4xx_HAL_Driver/Src/stm32f4xx_hal.c.obj
 .debug_macro   0x0001ff5d      0x1f1 cmake/stm32cubemx/CMakeFiles/STM32_Drivers.dir/__/__/Drivers/STM32F4xx_HAL_Driver/Src/stm32f4xx_hal_spi.c.obj
 .debug_macro   0x0002014e      0x1e3 cmake/stm32cubemx/CMakeFiles/STM32_Drivers.dir/__/__/Drivers/STM32F4xx_HAL_Driver/Src/stm32f4xx_hal_tim.c.obj
 .debug_macro   0x00020331      0x1e2 cmake/stm32cubemx/CMakeFiles/STM32_Drivers.dir/__/__/Drivers/STM32F4xx_HAL_Driver/Src/stm32f4xx_hal_tim_ex.c.obj
 .debug_macro   0x00020513      0x1e3 cmake/stm32cubemx/CMakeFiles/STM32_Drivers.dir/__/__/Drivers/STM32F4xx_HAL_Driver/Src/stm32f4xx_hal_uart.c.obj
 .debug_macro   0x000206f6      0x1f6 CMakeFiles/HW2_Speed.dir/Core/Src/can.c.obj
 .debug_macro   0x000208ec      0xa84 CMakeFiles/HW2_Speed.dir/Core/Src/can.c.obj
 .debug_macro   0x00021370      0x1f6 CMakeFiles/HW2_Speed.dir/Core/Src/dma.c.obj
 .debug_macro   0x00021566      0x1f6 CMakeFiles/HW2_Speed.dir/Core/Src/gpio.c.obj
 .debug_macro   0x0002175c      0x22c CMakeFiles/HW2_Speed.dir/Core/Src/main.c.obj
 .debug_macro   0x00021988      0x1f6 CMakeFiles/HW2_Speed.dir/Core/Src/spi.c.obj
 .debug_macro   0x00021b7e      0x1ec CMakeFiles/HW2_Speed.dir/Core/Src/stm32f4xx_hal_msp.c.obj
 .debug_macro   0x00021d6a      0x1f6 CMakeFiles/HW2_Speed.dir/Core/Src/stm32f4xx_it.c.obj
 .debug_macro   0x00021f60      0x1f6 CMakeFiles/HW2_Speed.dir/Core/Src/tim.c.obj
 .debug_macro   0x00022156      0x1f6 CMakeFiles/HW2_Speed.dir/Core/Src/usart.c.obj
 .debug_macro   0x0002234c      0x554 CMakeFiles/HW2_Speed.dir/Tasks/task.cpp.obj
 .debug_macro   0x000228a0      0xc16 CMakeFiles/HW2_Speed.dir/Tasks/task.cpp.obj
 .debug_macro   0x000234b6       0x1c CMakeFiles/HW2_Speed.dir/Tasks/task.cpp.obj
 .debug_macro   0x000234d2     0x1011 CMakeFiles/HW2_Speed.dir/Tasks/task.cpp.obj
 .debug_macro   0x000244e3      0x17b CMakeFiles/HW2_Speed.dir/Tasks/task.cpp.obj
 .debug_macro   0x0002465e      0x18a CMakeFiles/HW2_Speed.dir/Tasks/task.cpp.obj
 .debug_macro   0x000247e8       0x10 CMakeFiles/HW2_Speed.dir/Tasks/task.cpp.obj
 .debug_macro   0x000247f8       0xba CMakeFiles/HW2_Speed.dir/Tasks/task.cpp.obj
 .debug_macro   0x000248b2       0xf7 CMakeFiles/HW2_Speed.dir/Tasks/task.cpp.obj
 .debug_macro   0x000249a9      0x3d1 CMakeFiles/HW2_Speed.dir/Tasks/task.cpp.obj
 .debug_macro   0x00024d7a       0x18 CMakeFiles/HW2_Speed.dir/Tasks/task.cpp.obj
 .debug_macro   0x00024d92       0x64 CMakeFiles/HW2_Speed.dir/Tasks/task.cpp.obj
 .debug_macro   0x00024df6       0x34 CMakeFiles/HW2_Speed.dir/Tasks/task.cpp.obj
 .debug_macro   0x00024e2a       0x43 CMakeFiles/HW2_Speed.dir/Tasks/task.cpp.obj
 .debug_macro   0x00024e6d      0x356 CMakeFiles/HW2_Speed.dir/Tasks/task.cpp.obj
 .debug_macro   0x000251c3      0x1a2 CMakeFiles/HW2_Speed.dir/Tasks/task.cpp.obj
 .debug_macro   0x00025365       0x10 CMakeFiles/HW2_Speed.dir/Tasks/task.cpp.obj
 .debug_macro   0x00025375       0x35 CMakeFiles/HW2_Speed.dir/Tasks/task.cpp.obj
 .debug_macro   0x000253aa       0x10 CMakeFiles/HW2_Speed.dir/Tasks/task.cpp.obj
 .debug_macro   0x000253ba      0x3d5 CMakeFiles/HW2_Speed.dir/Tasks/task.cpp.obj
 .debug_macro   0x0002578f       0x16 CMakeFiles/HW2_Speed.dir/Tasks/task.cpp.obj
 .debug_macro   0x000257a5       0x1c CMakeFiles/HW2_Speed.dir/Tasks/task.cpp.obj
 .debug_macro   0x000257c1       0x6e CMakeFiles/HW2_Speed.dir/Tasks/task.cpp.obj
 .debug_macro   0x0002582f       0x94 CMakeFiles/HW2_Speed.dir/Tasks/task.cpp.obj
 .debug_macro   0x000258c3       0x19 CMakeFiles/HW2_Speed.dir/Tasks/task.cpp.obj
 .debug_macro   0x000258dc       0x10 CMakeFiles/HW2_Speed.dir/Tasks/task.cpp.obj
 .debug_macro   0x000258ec       0x17 CMakeFiles/HW2_Speed.dir/Tasks/task.cpp.obj
 .debug_macro   0x00025903       0x10 CMakeFiles/HW2_Speed.dir/Tasks/task.cpp.obj
 .debug_macro   0x00025913       0x28 CMakeFiles/HW2_Speed.dir/Tasks/task.cpp.obj
 .debug_macro   0x0002593b       0x2e CMakeFiles/HW2_Speed.dir/Tasks/task.cpp.obj
 .debug_macro   0x00025969       0x16 CMakeFiles/HW2_Speed.dir/Tasks/task.cpp.obj
 .debug_macro   0x0002597f       0x10 CMakeFiles/HW2_Speed.dir/Tasks/task.cpp.obj
 .debug_macro   0x0002598f       0x12 CMakeFiles/HW2_Speed.dir/Tasks/task.cpp.obj
 .debug_macro   0x000259a1       0x19 CMakeFiles/HW2_Speed.dir/Tasks/task.cpp.obj
 .debug_macro   0x000259ba       0x88 CMakeFiles/HW2_Speed.dir/Tasks/task.cpp.obj
 .debug_macro   0x00025a42       0x19 CMakeFiles/HW2_Speed.dir/Tasks/task.cpp.obj
 .debug_macro   0x00025a5b      0x120 CMakeFiles/HW2_Speed.dir/Tasks/task.cpp.obj
 .debug_macro   0x00025b7b       0x11 CMakeFiles/HW2_Speed.dir/Tasks/task.cpp.obj
 .debug_macro   0x00025b8c       0x17 CMakeFiles/HW2_Speed.dir/Tasks/task.cpp.obj
 .debug_macro   0x00025ba3       0x17 CMakeFiles/HW2_Speed.dir/Tasks/task.cpp.obj
 .debug_macro   0x00025bba       0x17 CMakeFiles/HW2_Speed.dir/Tasks/task.cpp.obj
 .debug_macro   0x00025bd1       0x17 CMakeFiles/HW2_Speed.dir/Tasks/task.cpp.obj
 .debug_macro   0x00025be8       0x17 CMakeFiles/HW2_Speed.dir/Tasks/task.cpp.obj
 .debug_macro   0x00025bff       0x17 CMakeFiles/HW2_Speed.dir/Tasks/task.cpp.obj
 .debug_macro   0x00025c16      0x227 CMakeFiles/HW2_Speed.dir/Resources/HW_can.cpp.obj
 .debug_macro   0x00025e3d      0x510 CMakeFiles/HW2_Speed.dir/Resources/motor.cpp.obj
 .debug_macro   0x0002634d       0x1b CMakeFiles/HW2_Speed.dir/Resources/pid.cpp.obj

.debug_line     0x00000000    0x18b8e
 .debug_line    0x00000000      0x6e0 cmake/stm32cubemx/CMakeFiles/STM32_Drivers.dir/__/__/Core/Src/system_stm32f4xx.c.obj
 .debug_line    0x000006e0     0x12f7 cmake/stm32cubemx/CMakeFiles/STM32_Drivers.dir/__/__/Drivers/STM32F4xx_HAL_Driver/Src/stm32f4xx_hal_can.c.obj
 .debug_line    0x000019d7      0xeae cmake/stm32cubemx/CMakeFiles/STM32_Drivers.dir/__/__/Drivers/STM32F4xx_HAL_Driver/Src/stm32f4xx_hal_rcc.c.obj
 .debug_line    0x00002885      0xca5 cmake/stm32cubemx/CMakeFiles/STM32_Drivers.dir/__/__/Drivers/STM32F4xx_HAL_Driver/Src/stm32f4xx_hal_gpio.c.obj
 .debug_line    0x0000352a     0x1075 cmake/stm32cubemx/CMakeFiles/STM32_Drivers.dir/__/__/Drivers/STM32F4xx_HAL_Driver/Src/stm32f4xx_hal_dma.c.obj
 .debug_line    0x0000459f      0xe6c cmake/stm32cubemx/CMakeFiles/STM32_Drivers.dir/__/__/Drivers/STM32F4xx_HAL_Driver/Src/stm32f4xx_hal_cortex.c.obj
 .debug_line    0x0000540b      0x969 cmake/stm32cubemx/CMakeFiles/STM32_Drivers.dir/__/__/Drivers/STM32F4xx_HAL_Driver/Src/stm32f4xx_hal.c.obj
 .debug_line    0x00005d74     0x1de1 cmake/stm32cubemx/CMakeFiles/STM32_Drivers.dir/__/__/Drivers/STM32F4xx_HAL_Driver/Src/stm32f4xx_hal_spi.c.obj
 .debug_line    0x00007b55     0x5d54 cmake/stm32cubemx/CMakeFiles/STM32_Drivers.dir/__/__/Drivers/STM32F4xx_HAL_Driver/Src/stm32f4xx_hal_tim.c.obj
 .debug_line    0x0000d8a9     0x1f79 cmake/stm32cubemx/CMakeFiles/STM32_Drivers.dir/__/__/Drivers/STM32F4xx_HAL_Driver/Src/stm32f4xx_hal_tim_ex.c.obj
 .debug_line    0x0000f822     0x2a42 cmake/stm32cubemx/CMakeFiles/STM32_Drivers.dir/__/__/Drivers/STM32F4xx_HAL_Driver/Src/stm32f4xx_hal_uart.c.obj
 .debug_line    0x00012264      0x77f CMakeFiles/HW2_Speed.dir/Core/Src/can.c.obj
 .debug_line    0x000129e3      0x670 CMakeFiles/HW2_Speed.dir/Core/Src/dma.c.obj
 .debug_line    0x00013053      0x706 CMakeFiles/HW2_Speed.dir/Core/Src/gpio.c.obj
 .debug_line    0x00013759      0x735 CMakeFiles/HW2_Speed.dir/Core/Src/main.c.obj
 .debug_line    0x00013e8e      0x6f1 CMakeFiles/HW2_Speed.dir/Core/Src/spi.c.obj
 .debug_line    0x0001457f      0x66d CMakeFiles/HW2_Speed.dir/Core/Src/stm32f4xx_hal_msp.c.obj
 .debug_line    0x00014bec      0x808 CMakeFiles/HW2_Speed.dir/Core/Src/stm32f4xx_it.c.obj
 .debug_line    0x000153f4      0x81d CMakeFiles/HW2_Speed.dir/Core/Src/tim.c.obj
 .debug_line    0x00015c11      0x864 CMakeFiles/HW2_Speed.dir/Core/Src/usart.c.obj
 .debug_line    0x00016475      0xe1f CMakeFiles/HW2_Speed.dir/Tasks/task.cpp.obj
 .debug_line    0x00017294      0x75e CMakeFiles/HW2_Speed.dir/Resources/HW_can.cpp.obj
 .debug_line    0x000179f2      0xebc CMakeFiles/HW2_Speed.dir/Resources/motor.cpp.obj
 .debug_line    0x000188ae      0x22f CMakeFiles/HW2_Speed.dir/Resources/pid.cpp.obj
 .debug_line    0x00018add       0xb1 CMakeFiles/HW2_Speed.dir/startup_stm32f407xx.s.obj

.debug_str      0x00000000    0xd5fc6
 .debug_str     0x00000000    0xc737e cmake/stm32cubemx/CMakeFiles/STM32_Drivers.dir/__/__/Core/Src/system_stm32f4xx.c.obj
                              0xc75fc (size before relaxing)
 .debug_str     0x000c737e      0x762 cmake/stm32cubemx/CMakeFiles/STM32_Drivers.dir/__/__/Drivers/STM32F4xx_HAL_Driver/Src/stm32f4xx_hal_can.c.obj
                              0xc7cea (size before relaxing)
 .debug_str     0x000c7ae0      0x44e cmake/stm32cubemx/CMakeFiles/STM32_Drivers.dir/__/__/Drivers/STM32F4xx_HAL_Driver/Src/stm32f4xx_hal_rcc.c.obj
                              0xc7a09 (size before relaxing)
 .debug_str     0x000c7f2e      0x1b3 cmake/stm32cubemx/CMakeFiles/STM32_Drivers.dir/__/__/Drivers/STM32F4xx_HAL_Driver/Src/stm32f4xx_hal_gpio.c.obj
                              0xc7777 (size before relaxing)
 .debug_str     0x000c80e1      0x50b cmake/stm32cubemx/CMakeFiles/STM32_Drivers.dir/__/__/Drivers/STM32F4xx_HAL_Driver/Src/stm32f4xx_hal_dma.c.obj
                              0xc7a0a (size before relaxing)
 .debug_str     0x000c85ec      0x8f9 cmake/stm32cubemx/CMakeFiles/STM32_Drivers.dir/__/__/Drivers/STM32F4xx_HAL_Driver/Src/stm32f4xx_hal_cortex.c.obj
                              0xc7f10 (size before relaxing)
 .debug_str     0x000c8ee5      0x5f0 cmake/stm32cubemx/CMakeFiles/STM32_Drivers.dir/__/__/Drivers/STM32F4xx_HAL_Driver/Src/stm32f4xx_hal.c.obj
                              0xc8143 (size before relaxing)
 .debug_str     0x000c94d5      0x77f cmake/stm32cubemx/CMakeFiles/STM32_Drivers.dir/__/__/Drivers/STM32F4xx_HAL_Driver/Src/stm32f4xx_hal_spi.c.obj
                              0xc7e7e (size before relaxing)
 .debug_str     0x000c9c54     0x1064 cmake/stm32cubemx/CMakeFiles/STM32_Drivers.dir/__/__/Drivers/STM32F4xx_HAL_Driver/Src/stm32f4xx_hal_tim.c.obj
                              0xc890f (size before relaxing)
 .debug_str     0x000cacb8      0x570 cmake/stm32cubemx/CMakeFiles/STM32_Drivers.dir/__/__/Drivers/STM32F4xx_HAL_Driver/Src/stm32f4xx_hal_tim_ex.c.obj
                              0xc80b0 (size before relaxing)
 .debug_str     0x000cb228      0x7fd cmake/stm32cubemx/CMakeFiles/STM32_Drivers.dir/__/__/Drivers/STM32F4xx_HAL_Driver/Src/stm32f4xx_hal_uart.c.obj
                              0xc7f9a (size before relaxing)
 .debug_str     0x000cba25       0xcd CMakeFiles/HW2_Speed.dir/Core/Src/can.c.obj
                              0xc7db9 (size before relaxing)
 .debug_str     0x000cbaf2       0x61 CMakeFiles/HW2_Speed.dir/Core/Src/dma.c.obj
                              0xc7a5c (size before relaxing)
 .debug_str     0x000cbb53       0x64 CMakeFiles/HW2_Speed.dir/Core/Src/gpio.c.obj
                              0xc760e (size before relaxing)
 .debug_str     0x000cbbb7       0xb5 CMakeFiles/HW2_Speed.dir/Core/Src/main.c.obj
                              0xc773b (size before relaxing)
 .debug_str     0x000cbc6c       0x67 CMakeFiles/HW2_Speed.dir/Core/Src/spi.c.obj
                              0xc7a7d (size before relaxing)
 .debug_str     0x000cbcd3       0x58 CMakeFiles/HW2_Speed.dir/Core/Src/stm32f4xx_hal_msp.c.obj
                              0xc7571 (size before relaxing)
 .debug_str     0x000cbd2b      0x205 CMakeFiles/HW2_Speed.dir/Core/Src/stm32f4xx_it.c.obj
                              0xc7fb8 (size before relaxing)
 .debug_str     0x000cbf30       0xb6 CMakeFiles/HW2_Speed.dir/Core/Src/tim.c.obj
                              0xc81c7 (size before relaxing)
 .debug_str     0x000cbfe6       0x9a CMakeFiles/HW2_Speed.dir/Core/Src/usart.c.obj
                              0xc800d (size before relaxing)
 .debug_str     0x000cc080     0x9cb1 CMakeFiles/HW2_Speed.dir/Tasks/task.cpp.obj
                              0xd1810 (size before relaxing)
 .debug_str     0x000d5d31      0x120 CMakeFiles/HW2_Speed.dir/Resources/HW_can.cpp.obj
                              0xc88d2 (size before relaxing)
 .debug_str     0x000d5e51       0xbd CMakeFiles/HW2_Speed.dir/Resources/motor.cpp.obj
                              0xd1134 (size before relaxing)
 .debug_str     0x000d5f0e       0x59 CMakeFiles/HW2_Speed.dir/Resources/pid.cpp.obj
                               0x37de (size before relaxing)
 .debug_str     0x000d5f67       0x5f CMakeFiles/HW2_Speed.dir/startup_stm32f407xx.s.obj
                                 0xa6 (size before relaxing)

.debug_frame    0x00000000     0x49dc
 .debug_frame   0x00000000       0x58 cmake/stm32cubemx/CMakeFiles/STM32_Drivers.dir/__/__/Core/Src/system_stm32f4xx.c.obj
 .debug_frame   0x00000058      0x58c cmake/stm32cubemx/CMakeFiles/STM32_Drivers.dir/__/__/Drivers/STM32F4xx_HAL_Driver/Src/stm32f4xx_hal_can.c.obj
 .debug_frame   0x000005e4      0x1f8 cmake/stm32cubemx/CMakeFiles/STM32_Drivers.dir/__/__/Drivers/STM32F4xx_HAL_Driver/Src/stm32f4xx_hal_rcc.c.obj
 .debug_frame   0x000007dc      0x13c cmake/stm32cubemx/CMakeFiles/STM32_Drivers.dir/__/__/Drivers/STM32F4xx_HAL_Driver/Src/stm32f4xx_hal_gpio.c.obj