Archive member included to satisfy reference by file (symbol)

c:/users/xiaom/.eide/tools/gcc_arm/bin/../lib/gcc/arm-none-eabi/10.2.1/../../../../arm-none-eabi/lib/thumb/v7e-m+fp/hard\libm.a(lib_a-w_pow.o)
                              CMakeFiles/HW2_Speed.dir/Resources/dvc_serialplot.cpp.obj (pow)
c:/users/xiaom/.eide/tools/gcc_arm/bin/../lib/gcc/arm-none-eabi/10.2.1/../../../../arm-none-eabi/lib/thumb/v7e-m+fp/hard\libm.a(lib_a-e_pow.o)
                              c:/users/xiaom/.eide/tools/gcc_arm/bin/../lib/gcc/arm-none-eabi/10.2.1/../../../../arm-none-eabi/lib/thumb/v7e-m+fp/hard\libm.a(lib_a-w_pow.o) (__ieee754_pow)
c:/users/xiaom/.eide/tools/gcc_arm/bin/../lib/gcc/arm-none-eabi/10.2.1/../../../../arm-none-eabi/lib/thumb/v7e-m+fp/hard\libm.a(lib_a-e_sqrt.o)
                              c:/users/xiaom/.eide/tools/gcc_arm/bin/../lib/gcc/arm-none-eabi/10.2.1/../../../../arm-none-eabi/lib/thumb/v7e-m+fp/hard\libm.a(lib_a-e_pow.o) (__ieee754_sqrt)
c:/users/xiaom/.eide/tools/gcc_arm/bin/../lib/gcc/arm-none-eabi/10.2.1/../../../../arm-none-eabi/lib/thumb/v7e-m+fp/hard\libm.a(lib_a-s_fabs.o)
                              c:/users/xiaom/.eide/tools/gcc_arm/bin/../lib/gcc/arm-none-eabi/10.2.1/../../../../arm-none-eabi/lib/thumb/v7e-m+fp/hard\libm.a(lib_a-e_pow.o) (fabs)
c:/users/xiaom/.eide/tools/gcc_arm/bin/../lib/gcc/arm-none-eabi/10.2.1/../../../../arm-none-eabi/lib/thumb/v7e-m+fp/hard\libm.a(lib_a-s_finite.o)
                              c:/users/xiaom/.eide/tools/gcc_arm/bin/../lib/gcc/arm-none-eabi/10.2.1/../../../../arm-none-eabi/lib/thumb/v7e-m+fp/hard\libm.a(lib_a-w_pow.o) (finite)
c:/users/xiaom/.eide/tools/gcc_arm/bin/../lib/gcc/arm-none-eabi/10.2.1/../../../../arm-none-eabi/lib/thumb/v7e-m+fp/hard\libm.a(lib_a-s_lib_ver.o)
                              c:/users/xiaom/.eide/tools/gcc_arm/bin/../lib/gcc/arm-none-eabi/10.2.1/../../../../arm-none-eabi/lib/thumb/v7e-m+fp/hard\libm.a(lib_a-w_pow.o) (__fdlib_version)
c:/users/xiaom/.eide/tools/gcc_arm/bin/../lib/gcc/arm-none-eabi/10.2.1/../../../../arm-none-eabi/lib/thumb/v7e-m+fp/hard\libm.a(lib_a-s_nan.o)
                              c:/users/xiaom/.eide/tools/gcc_arm/bin/../lib/gcc/arm-none-eabi/10.2.1/../../../../arm-none-eabi/lib/thumb/v7e-m+fp/hard\libm.a(lib_a-e_pow.o) (nan)
c:/users/xiaom/.eide/tools/gcc_arm/bin/../lib/gcc/arm-none-eabi/10.2.1/../../../../arm-none-eabi/lib/thumb/v7e-m+fp/hard\libm.a(lib_a-s_rint.o)
                              c:/users/xiaom/.eide/tools/gcc_arm/bin/../lib/gcc/arm-none-eabi/10.2.1/../../../../arm-none-eabi/lib/thumb/v7e-m+fp/hard\libm.a(lib_a-w_pow.o) (rint)
c:/users/xiaom/.eide/tools/gcc_arm/bin/../lib/gcc/arm-none-eabi/10.2.1/../../../../arm-none-eabi/lib/thumb/v7e-m+fp/hard\libm.a(lib_a-s_scalbn.o)
                              c:/users/xiaom/.eide/tools/gcc_arm/bin/../lib/gcc/arm-none-eabi/10.2.1/../../../../arm-none-eabi/lib/thumb/v7e-m+fp/hard\libm.a(lib_a-e_pow.o) (scalbn)
c:/users/xiaom/.eide/tools/gcc_arm/bin/../lib/gcc/arm-none-eabi/10.2.1/thumb/v7e-m+fp/hard\libgcc.a(_arm_muldf3.o)
                              CMakeFiles/HW2_Speed.dir/Resources/dvc_serialplot.cpp.obj (__aeabi_dmul)
c:/users/xiaom/.eide/tools/gcc_arm/bin/../lib/gcc/arm-none-eabi/10.2.1/thumb/v7e-m+fp/hard\libgcc.a(_arm_addsubdf3.o)
                              c:/users/xiaom/.eide/tools/gcc_arm/bin/../lib/gcc/arm-none-eabi/10.2.1/../../../../arm-none-eabi/lib/thumb/v7e-m+fp/hard\libm.a(lib_a-e_pow.o) (__aeabi_dsub)
c:/users/xiaom/.eide/tools/gcc_arm/bin/../lib/gcc/arm-none-eabi/10.2.1/thumb/v7e-m+fp/hard\libgcc.a(_arm_muldivdf3.o)
                              CMakeFiles/HW2_Speed.dir/Resources/dvc_serialplot.cpp.obj (__aeabi_ddiv)
c:/users/xiaom/.eide/tools/gcc_arm/bin/../lib/gcc/arm-none-eabi/10.2.1/thumb/v7e-m+fp/hard\libgcc.a(_arm_cmpdf2.o)
                              c:/users/xiaom/.eide/tools/gcc_arm/bin/../lib/gcc/arm-none-eabi/10.2.1/../../../../arm-none-eabi/lib/thumb/v7e-m+fp/hard\libm.a(lib_a-w_pow.o) (__aeabi_dcmpeq)
c:/users/xiaom/.eide/tools/gcc_arm/bin/../lib/gcc/arm-none-eabi/10.2.1/thumb/v7e-m+fp/hard\libgcc.a(_arm_unorddf2.o)
                              c:/users/xiaom/.eide/tools/gcc_arm/bin/../lib/gcc/arm-none-eabi/10.2.1/../../../../arm-none-eabi/lib/thumb/v7e-m+fp/hard\libm.a(lib_a-w_pow.o) (__aeabi_dcmpun)
c:/users/xiaom/.eide/tools/gcc_arm/bin/../lib/gcc/arm-none-eabi/10.2.1/thumb/v7e-m+fp/hard\libgcc.a(_arm_truncdfsf2.o)
                              CMakeFiles/HW2_Speed.dir/Tasks/task.cpp.obj (__aeabi_d2f)
c:/users/xiaom/.eide/tools/gcc_arm/bin/../lib/gcc/arm-none-eabi/10.2.1/thumb/v7e-m+fp/hard\libgcc.a(_aeabi_uldivmod.o)
                              cmake/stm32cubemx/CMakeFiles/STM32_Drivers.dir/__/__/Drivers/STM32F4xx_HAL_Driver/Src/stm32f4xx_hal_rcc.c.obj (__aeabi_uldivmod)
c:/users/xiaom/.eide/tools/gcc_arm/bin/../lib/gcc/arm-none-eabi/10.2.1/thumb/v7e-m+fp/hard\libgcc.a(_udivmoddi4.o)
[...]
Memory Configuration

Name             Origin             Length             Attributes
RAM              0x20000000         0x00020000         xrw
CCMRAM           0x10000000         0x00010000         xrw
FLASH            0x08000000         0x00100000         xr
*default*        0x00000000         0xffffffff

Linker script and memory map

LOAD c:/users/xiaom/.eide/tools/gcc_arm/bin/../lib/gcc/arm-none-eabi/10.2.1/thumb/v7e-m+fp/hard/crti.o
LOAD c:/users/xiaom/.eide/tools/gcc_arm/bin/../lib/gcc/arm-none-eabi/10.2.1/thumb/v7e-m+fp/hard/crtbegin.o
LOAD c:/users/xiaom/.eide/tools/gcc_arm/bin/../lib/gcc/arm-none-eabi/10.2.1/../../../../arm-none-eabi/lib/thumb/v7e-m+fp/hard/crt0.o
LOAD cmake/stm32cubemx/CMakeFiles/STM32_Drivers.dir/__/__/Core/Src/system_stm32f4xx.c.obj
LOAD cmake/stm32cubemx/CMakeFiles/STM32_Drivers.dir/__/__/Drivers/STM32F4xx_HAL_Driver/Src/stm32f4xx_hal_can.c.obj
LOAD cmake/stm32cubemx/CMakeFiles/STM32_Drivers.dir/__/__/Drivers/STM32F4xx_HAL_Driver/Src/stm32f4xx_hal_rcc.c.obj
LOAD cmake/stm32cubemx/CMakeFiles/STM32_Drivers.dir/__/__/Drivers/STM32F4xx_HAL_Driver/Src/stm32f4xx_hal_rcc_ex.c.obj
LOAD cmake/stm32cubemx/CMakeFiles/STM32_Drivers.dir/__/__/Drivers/STM32F4xx_HAL_Driver/Src/stm32f4xx_hal_flash.c.obj
LOAD cmake/stm32cubemx/CMakeFiles/STM32_Drivers.dir/__/__/Drivers/STM32F4xx_HAL_Driver/Src/stm32f4xx_hal_flash_ex.c.obj
LOAD cmake/stm32cubemx/CMakeFiles/STM32_Drivers.dir/__/__/Drivers/STM32F4xx_HAL_Driver/Src/stm32f4xx_hal_flash_ramfunc.c.obj
LOAD cmake/stm32cubemx/CMakeFiles/STM32_Drivers.dir/__/__/Drivers/STM32F4xx_HAL_Driver/Src/stm32f4xx_hal_gpio.c.obj
LOAD cmake/stm32cubemx/CMakeFiles/STM32_Drivers.dir/__/__/Drivers/STM32F4xx_HAL_Driver/Src/stm32f4xx_hal_dma_ex.c.obj
LOAD cmake/stm32cubemx/CMakeFiles/STM32_Drivers.dir/__/__/Drivers/STM32F4xx_HAL_Driver/Src/stm32f4xx_hal_dma.c.obj
LOAD cmake/stm32cubemx/CMakeFiles/STM32_Drivers.dir/__/__/Drivers/STM32F4xx_HAL_Driver/Src/stm32f4xx_hal_pwr.c.obj
LOAD cmake/stm32cubemx/CMakeFiles/STM32_Drivers.dir/__/__/Drivers/STM32F4xx_HAL_Driver/Src/stm32f4xx_hal_pwr_ex.c.obj
LOAD cmake/stm32cubemx/CMakeFiles/STM32_Drivers.dir/__/__/Drivers/STM32F4xx_HAL_Driver/Src/stm32f4xx_hal_cortex.c.obj
LOAD cmake/stm32cubemx/CMakeFiles/STM32_Drivers.dir/__/__/Drivers/STM32F4xx_HAL_Driver/Src/stm32f4xx_hal.c.obj
LOAD cmake/stm32cubemx/CMakeFiles/STM32_Drivers.dir/__/__/Drivers/STM32F4xx_HAL_Driver/Src/stm32f4xx_hal_exti.c.obj
LOAD cmake/stm32cubemx/CMakeFiles/STM32_Drivers.dir/__/__/Drivers/STM32F4xx_HAL_Driver/Src/stm32f4xx_hal_spi.c.obj
LOAD cmake/stm32cubemx/CMakeFiles/STM32_Drivers.dir/__/__/Drivers/STM32F4xx_HAL_Driver/Src/stm32f4xx_hal_tim.c.obj
LOAD cmake/stm32cubemx/CMakeFiles/STM32_Drivers.dir/__/__/Drivers/STM32F4xx_HAL_Driver/Src/stm32f4xx_hal_tim_ex.c.obj
LOAD cmake/stm32cubemx/CMakeFiles/STM32_Drivers.dir/__/__/Drivers/STM32F4xx_HAL_Driver/Src/stm32f4xx_hal_uart.c.obj
LOAD CMakeFiles/HW2_Speed.dir/Core/Src/can.c.obj
LOAD CMakeFiles/HW2_Speed.dir/Core/Src/dma.c.obj
LOAD CMakeFiles/HW2_Speed.dir/Core/Src/gpio.c.obj
LOAD CMakeFiles/HW2_Speed.dir/Core/Src/main.c.obj
LOAD CMakeFiles/HW2_Speed.dir/Core/Src/spi.c.obj
LOAD CMakeFiles/HW2_Speed.dir/Core/Src/stm32f4xx_hal_msp.c.obj
LOAD CMakeFiles/HW2_Speed.dir/Core/Src/stm32f4xx_it.c.obj
LOAD CMakeFiles/HW2_Speed.dir/Core/Src/syscalls.c.obj
LOAD CMakeFiles/HW2_Speed.dir/Core/Src/sysmem.c.obj
LOAD CMakeFiles/HW2_Speed.dir/Core/Src/tim.c.obj
LOAD CMakeFiles/HW2_Speed.dir/Core/Src/usart.c.obj
LOAD CMakeFiles/HW2_Speed.dir/Tasks/task.cpp.obj
LOAD CMakeFiles/HW2_Speed.dir/Resources/HW_can.cpp.obj
LOAD CMakeFiles/HW2_Speed.dir/Resources/drv_uart.cpp.obj
LOAD CMakeFiles/HW2_Speed.dir/Resources/dvc_serialplot.cpp.obj
LOAD CMakeFiles/HW2_Speed.dir/Resources/motor.cpp.obj
LOAD CMakeFiles/HW2_Speed.dir/Resources/pid.cpp.obj
LOAD CMakeFiles/HW2_Speed.dir/startup_stm32f407xx.s.obj
LOAD libdrivers.a
LOAD c:/users/xiaom/.eide/tools/gcc_arm/bin/../lib/gcc/arm-none-eabi/10.2.1/../../../../arm-none-eabi/lib/thumb/v7e-m+fp/hard\libstdc++_nano.a
LOAD c:/users/xiaom/.eide/tools/gcc_arm/bin/../lib/gcc/arm-none-eabi/10.2.1/../../../../arm-none-eabi/lib/thumb/v7e-m+fp/hard\libm.a
START GROUP
LOAD c:/users/xiaom/.eide/tools/gcc_arm/bin/../lib/gcc/arm-none-eabi/10.2.1/thumb/v7e-m+fp/hard\libgcc.a
LOAD c:/users/xiaom/.eide/tools/gcc_arm/bin/../lib/gcc/arm-none-eabi/10.2.1/../../../../arm-none-eabi/lib/thumb/v7e-m+fp/hard\libg_nano.a
LOAD c:/users/xiaom/.eide/tools/gcc_arm/bin/../lib/gcc/arm-none-eabi/10.2.1/../../../../arm-none-eabi/lib/thumb/v7e-m+fp/hard\libc_nano.a
END GROUP
START GROUP
LOAD c:/users/xiaom/.eide/tools/gcc_arm/bin/../lib/gcc/arm-none-eabi/10.2.1/thumb/v7e-m+fp/hard\libgcc.a
LOAD c:/users/xiaom/.eide/tools/gcc_arm/bin/../lib/gcc/arm-none-eabi/10.2.1/../../../../arm-none-eabi/lib/thumb/v7e-m+fp/hard\libc_nano.a
END GROUP
LOAD c:/users/xiaom/.eide/tools/gcc_arm/bin/../lib/gcc/arm-none-eabi/10.2.1/thumb/v7e-m+fp/hard/crtend.o
LOAD c:/users/xiaom/.eide/tools/gcc_arm/bin/../lib/gcc/arm-none-eabi/10.2.1/thumb/v7e-m+fp/hard/crtn.o
                0x20020000                _estack = (ORIGIN (RAM) + LENGTH (RAM))
                0x00000200                _Min_Heap_Size = 0x200
                0x00000400                _Min_Stack_Size = 0x400

.isr_vector     0x08000000      0x188
                0x08000000                . = ALIGN (0x4)
 *(.isr_vector)
 .isr_vector    0x08000000      0x188 CMakeFiles/HW2_Speed.dir/startup_stm32f407xx.s.obj
                0x08000000                g_pfnVectors
                0x08000188                . = ALIGN (0x4)

.text           0x08000188     0x8984
                0x08000188                . = ALIGN (0x4)
 *(.text)
 .text          0x08000188       0x40 c:/users/xiaom/.eide/tools/gcc_arm/bin/../lib/gcc/arm-none-eabi/10.2.1/thumb/v7e-m+fp/hard/crtbegin.o
 .text          0x080001c8      0x378 c:/users/xiaom/.eide/tools/gcc_arm/bin/../lib/gcc/arm-none-eabi/10.2.1/thumb/v7e-m+fp/hard\libgcc.a(_arm_addsubdf3.o)
                0x080001c8                __aeabi_drsub
                0x080001d0                __aeabi_dsub
                0x080001d0                __subdf3
                0x080001d4                __aeabi_dadd
                0x080001d4                __adddf3
                0x0800044c                __floatunsidf
                0x0800044c                __aeabi_ui2d
                0x0800046c                __floatsidf
                0x0800046c                __aeabi_i2d
                0x08000490                __aeabi_f2d
                0x08000490                __extendsfdf2
                0x080004d4                __floatundidf
                0x080004d4                __aeabi_ul2d
                0x080004e4                __floatdidf
                0x080004e4                __aeabi_l2d
 .text          0x08000540      0x424 c:/users/xiaom/.eide/tools/gcc_arm/bin/../lib/gcc/arm-none-eabi/10.2.1/thumb/v7e-m+fp/hard\libgcc.a(_arm_muldivdf3.o)
                0x08000540                __aeabi_dmul
                0x08000540                __muldf3
                0x08000794                __divdf3
                0x08000794                __aeabi_ddiv
 .text          0x08000964       0xa0 c:/users/xiaom/.eide/tools/gcc_arm/bin/../lib/gcc/arm-none-eabi/10.2.1/thumb/v7e-m+fp/hard\libgcc.a(_arm_truncdfsf2.o)
                0x08000964                __truncdfsf2
                0x08000964                __aeabi_d2f
 .text          0x08000a04       0x30 c:/users/xiaom/.eide/tools/gcc_arm/bin/../lib/gcc/arm-none-eabi/10.2.1/thumb/v7e-m+fp/hard\libgcc.a(_aeabi_uldivmod.o)
                0x08000a04                __aeabi_uldivmod
 .text          0x08000a34      0x2d0 c:/users/xiaom/.eide/tools/gcc_arm/bin/../lib/gcc/arm-none-eabi/10.2.1/thumb/v7e-m+fp/hard\libgcc.a(_udivmoddi4.o)
                0x08000a34                __udivmoddi4
 .text          0x08000d04        0x4 c:/users/xiaom/.eide/tools/gcc_arm/bin/../lib/gcc/arm-none-eabi/10.2.1/thumb/v7e-m+fp/hard\libgcc.a(_dvmd_tls.o)
                0x08000d04                __aeabi_idiv0
                0x08000d04                __aeabi_ldiv0
 *(.text*)
 .text.SystemInit
                0x08000d08       0x24 cmake/stm32cubemx/CMakeFiles/STM32_Drivers.dir/__/__/Core/Src/system_stm32f4xx.c.obj
                0x08000d08                SystemInit
 .text.HAL_CAN_Init
                0x08000d2c      0x43c cmake/stm32cubemx/CMakeFiles/STM32_Drivers.dir/__/__/Drivers/STM32F4xx_HAL_Driver/Src/stm32f4xx_hal_can.c.obj
                0x08000d2c                HAL_CAN_Init
 .text.HAL_CAN_AddTxMessage
                0x08001168      0x234 cmake/stm32cubemx/CMakeFiles/STM32_Drivers.dir/__/__/Drivers/STM32F4xx_HAL_Driver/Src/stm32f4xx_hal_can.c.obj
                0x08001168                HAL_CAN_AddTxMessage
 .text.HAL_CAN_GetRxMessage
                0x0800139c      0x25c cmake/stm32cubemx/CMakeFiles/STM32_Drivers.dir/__/__/Drivers/STM32F4xx_HAL_Driver/Src/stm32f4xx_hal_can.c.obj
                0x0800139c                HAL_CAN_GetRxMessage
 .text.HAL_CAN_ActivateNotification
                0x080015f8       0x64 cmake/stm32cubemx/CMakeFiles/STM32_Drivers.dir/__/__/Drivers/STM32F4xx_HAL_Driver/Src/stm32f4xx_hal_can.c.obj
                0x080015f8                HAL_CAN_ActivateNotification
 .text.HAL_CAN_IRQHandler
                0x0800165c      0x36e cmake/stm32cubemx/CMakeFiles/STM32_Drivers.dir/__/__/Drivers/STM32F4xx_HAL_Driver/Src/stm32f4xx_hal_can.c.obj
                0x0800165c                HAL_CAN_IRQHandler
 .text.HAL_CAN_TxMailbox0CompleteCallback
                0x080019ca       0x14 cmake/stm32cubemx/CMakeFiles/STM32_Drivers.dir/__/__/Drivers/STM32F4xx_HAL_Driver/Src/stm32f4xx_hal_can.c.obj
                0x080019ca                HAL_CAN_TxMailbox0CompleteCallback
 .text.HAL_CAN_TxMailbox1CompleteCallback
                0x080019de       0x14 cmake/stm32cubemx/CMakeFiles/STM32_Drivers.dir/__/__/Drivers/STM32F4xx_HAL_Driver/Src/stm32f4xx_hal_can.c.obj
                0x080019de                HAL_CAN_TxMailbox1CompleteCallback
 .text.HAL_CAN_TxMailbox2CompleteCallback
                0x080019f2       0x14 cmake/stm32cubemx/CMakeFiles/STM32_Drivers.dir/__/__/Drivers/STM32F4xx_HAL_Driver/Src/stm32f4xx_hal_can.c.obj
                0x080019f2                HAL_CAN_TxMailbox2CompleteCallback
 .text.HAL_CAN_TxMailbox0AbortCallback
                0x08001a06       0x14 cmake/stm32cubemx/CMakeFiles/STM32_Drivers.dir/__/__/Drivers/STM32F4xx_HAL_Driver/Src/stm32f4xx_hal_can.c.obj
                0x08001a06                HAL_CAN_TxMailbox0AbortCallback
 .text.HAL_CAN_TxMailbox1AbortCallback
                0x08001a1a       0x14 cmake/stm32cubemx/CMakeFiles/STM32_Drivers.dir/__/__/Drivers/STM32F4xx_HAL_Driver/Src/stm32f4xx_hal_can.c.obj
                0x08001a1a                HAL_CAN_TxMailbox1AbortCallback
 .text.HAL_CAN_TxMailbox2AbortCallback
                0x08001a2e       0x14 cmake/stm32cubemx/CMakeFiles/STM32_Drivers.dir/__/__/Drivers/STM32F4xx_HAL_Driver/Src/stm32f4xx_hal_can.c.obj
                0x08001a2e                HAL_CAN_TxMailbox2AbortCallback
 .text.HAL_CAN_RxFifo0FullCallback
                0x08001a42       0x14 cmake/stm32cubemx/CMakeFiles/STM32_Drivers.dir/__/__/Drivers/STM32F4xx_HAL_Driver/Src/stm32f4xx_hal_can.c.obj
                0x08001a42                HAL_CAN_RxFifo0FullCallback
 .text.HAL_CAN_RxFifo1MsgPendingCallback
                0x08001a56       0x14 cmake/stm32cubemx/CMakeFiles/STM32_Drivers.dir/__/__/Drivers/STM32F4xx_HAL_Driver/Src/stm32f4xx_hal_can.c.obj
                0x08001a56                HAL_CAN_RxFifo1MsgPendingCallback
 .text.HAL_CAN_RxFifo1FullCallback
                0x08001a6a       0x14 cmake/stm32cubemx/CMakeFiles/STM32_Drivers.dir/__/__/Drivers/STM32F4xx_HAL_Driver/Src/stm32f4xx_hal_can.c.obj
                0x08001a6a                HAL_CAN_RxFifo1FullCallback
 .text.HAL_CAN_SleepCallback
                0x08001a7e       0x14 cmake/stm32cubemx/CMakeFiles/STM32_Drivers.dir/__/__/Drivers/STM32F4xx_HAL_Driver/Src/stm32f4xx_hal_can.c.obj
                0x08001a7e                HAL_CAN_SleepCallback
 .text.HAL_CAN_WakeUpFromRxMsgCallback
                0x08001a92       0x14 cmake/stm32cubemx/CMakeFiles/STM32_Drivers.dir/__/__/Drivers/STM32F4xx_HAL_Driver/Src/stm32f4xx_hal_can.c.obj
                0x08001a92                HAL_CAN_WakeUpFromRxMsgCallback
 .text.HAL_CAN_ErrorCallback
                0x08001aa6       0x14 cmake/stm32cubemx/CMakeFiles/STM32_Drivers.dir/__/__/Drivers/STM32F4xx_HAL_Driver/Src/stm32f4xx_hal_can.c.obj
                0x08001aa6                HAL_CAN_ErrorCallback
 *fill*         0x08001aba        0x2 
 .text.HAL_RCC_OscConfig
                0x08001abc      0x658 cmake/stm32cubemx/CMakeFiles/STM32_Drivers.dir/__/__/Drivers/STM32F4xx_HAL_Driver/Src/stm32f4xx_hal_rcc.c.obj
                0x08001abc                HAL_RCC_OscConfig
 .text.HAL_RCC_ClockConfig
                0x08002114      0x31c cmake/stm32cubemx/CMakeFiles/STM32_Drivers.dir/__/__/Drivers/STM32F4xx_HAL_Driver/Src/stm32f4xx_hal_rcc.c.obj
                0x08002114                HAL_RCC_ClockConfig
 .text.HAL_RCC_GetSysClockFreq
                0x08002430      0x18c cmake/stm32cubemx/CMakeFiles/STM32_Drivers.dir/__/__/Drivers/STM32F4xx_HAL_Driver/Src/stm32f4xx_hal_rcc.c.obj
                0x08002430                HAL_RCC_GetSysClockFreq
 .text.HAL_RCC_GetHCLKFreq
                0x080025bc       0x18 cmake/stm32cubemx/CMakeFiles/STM32_Drivers.dir/__/__/Drivers/STM32F4xx_HAL_Driver/Src/stm32f4xx_hal_rcc.c.obj
                0x080025bc                HAL_RCC_GetHCLKFreq
 .text.HAL_RCC_GetPCLK1Freq
                0x080025d4       0x28 cmake/stm32cubemx/CMakeFiles/STM32_Drivers.dir/__/__/Drivers/STM32F4xx_HAL_Driver/Src/stm32f4xx_hal_rcc.c.obj
                0x080025d4                HAL_RCC_GetPCLK1Freq
 .text.HAL_RCC_GetPCLK2Freq
                0x080025fc       0x28 cmake/stm32cubemx/CMakeFiles/STM32_Drivers.dir/__/__/Drivers/STM32F4xx_HAL_Driver/Src/stm32f4xx_hal_rcc.c.obj
                0x080025fc                HAL_RCC_GetPCLK2Freq
 .text.HAL_GPIO_Init
                0x08002624      0x5c4 cmake/stm32cubemx/CMakeFiles/STM32_Drivers.dir/__/__/Drivers/STM32F4xx_HAL_Driver/Src/stm32f4xx_hal_gpio.c.obj
                0x08002624                HAL_GPIO_Init
 .text.HAL_GPIO_WritePin
                0x08002be8       0x64 cmake/stm32cubemx/CMakeFiles/STM32_Drivers.dir/__/__/Drivers/STM32F4xx_HAL_Driver/Src/stm32f4xx_hal_gpio.c.obj
                0x08002be8                HAL_GPIO_WritePin
 .text.HAL_DMA_Init
                0x08002c4c      0x434 cmake/stm32cubemx/CMakeFiles/STM32_Drivers.dir/__/__/Drivers/STM32F4xx_HAL_Driver/Src/stm32f4xx_hal_dma.c.obj
                0x08002c4c                HAL_DMA_Init
 .text.HAL_DMA_Start_IT
                0x08003080       0xcc cmake/stm32cubemx/CMakeFiles/STM32_Drivers.dir/__/__/Drivers/STM32F4xx_HAL_Driver/Src/stm32f4xx_hal_dma.c.obj
                0x08003080                HAL_DMA_Start_IT
 .text.HAL_DMA_Abort
                0x0800314c       0xe0 cmake/stm32cubemx/CMakeFiles/STM32_Drivers.dir/__/__/Drivers/STM32F4xx_HAL_Driver/Src/stm32f4xx_hal_dma.c.obj
                0x0800314c                HAL_DMA_Abort
 .text.HAL_DMA_Abort_IT
                0x0800322c       0x44 cmake/stm32cubemx/CMakeFiles/STM32_Drivers.dir/__/__/Drivers/STM32F4xx_HAL_Driver/Src/stm32f4xx_hal_dma.c.obj
                0x0800322c                HAL_DMA_Abort_IT
 .text.HAL_DMA_IRQHandler
                0x08003270      0x314 cmake/stm32cubemx/CMakeFiles/STM32_Drivers.dir/__/__/Drivers/STM32F4xx_HAL_Driver/Src/stm32f4xx_hal_dma.c.obj
                0x08003270                HAL_DMA_IRQHandler
 .text.DMA_SetConfig
                0x08003584       0x5c cmake/stm32cubemx/CMakeFiles/STM32_Drivers.dir/__/__/Drivers/STM32F4xx_HAL_Driver/Src/stm32f4xx_hal_dma.c.obj
 .text.DMA_CalcBaseAndBitshift
                0x080035e0       0x6c cmake/stm32cubemx/CMakeFiles/STM32_Drivers.dir/__/__/Drivers/STM32F4xx_HAL_Driver/Src/stm32f4xx_hal_dma.c.obj
 .text.DMA_CheckFifoParam
                0x0800364c       0xf8 cmake/stm32cubemx/CMakeFiles/STM32_Drivers.dir/__/__/Drivers/STM32F4xx_HAL_Driver/Src/stm32f4xx_hal_dma.c.obj
 .text.__NVIC_SetPriorityGrouping
                0x08003744       0x48 cmake/stm32cubemx/CMakeFiles/STM32_Drivers.dir/__/__/Drivers/STM32F4xx_HAL_Driver/Src/stm32f4xx_hal_cortex.c.obj
 .text.__NVIC_GetPriorityGrouping
                0x0800378c       0x1c cmake/stm32cubemx/CMakeFiles/STM32_Drivers.dir/__/__/Drivers/STM32F4xx_HAL_Driver/Src/stm32f4xx_hal_cortex.c.obj
 .text.__NVIC_EnableIRQ
                0x080037a8       0x3c cmake/stm32cubemx/CMakeFiles/STM32_Drivers.dir/__/__/Drivers/STM32F4xx_HAL_Driver/Src/stm32f4xx_hal_cortex.c.obj
 .text.__NVIC_SetPriority
                0x080037e4       0x54 cmake/stm32cubemx/CMakeFiles/STM32_Drivers.dir/__/__/Drivers/STM32F4xx_HAL_Driver/Src/stm32f4xx_hal_cortex.c.obj
 .text.NVIC_EncodePriority
                0x08003838       0x66 cmake/stm32cubemx/CMakeFiles/STM32_Drivers.dir/__/__/Drivers/STM32F4xx_HAL_Driver/Src/stm32f4xx_hal_cortex.c.obj
 *fill*         0x0800389e        0x2 
 .text.SysTick_Config
                0x080038a0       0x44 cmake/stm32cubemx/CMakeFiles/STM32_Drivers.dir/__/__/Drivers/STM32F4xx_HAL_Driver/Src/stm32f4xx_hal_cortex.c.obj
 .text.HAL_NVIC_SetPriorityGrouping
                0x080038e4       0x40 cmake/stm32cubemx/CMakeFiles/STM32_Drivers.dir/__/__/Drivers/STM32F4xx_HAL_Driver/Src/stm32f4xx_hal_cortex.c.obj
                0x080038e4                HAL_NVIC_SetPriorityGrouping
 .text.HAL_NVIC_SetPriority
                0x08003924       0x58 cmake/stm32cubemx/CMakeFiles/STM32_Drivers.dir/__/__/Drivers/STM32F4xx_HAL_Driver/Src/stm32f4xx_hal_cortex.c.obj
                0x08003924                HAL_NVIC_SetPriority
 .text.HAL_NVIC_EnableIRQ
                0x0800397c       0x30 cmake/stm32cubemx/CMakeFiles/STM32_Drivers.dir/__/__/Drivers/STM32F4xx_HAL_Driver/Src/stm32f4xx_hal_cortex.c.obj
                0x0800397c                HAL_NVIC_EnableIRQ
 .text.HAL_SYSTICK_Config
                0x080039ac       0x18 cmake/stm32cubemx/CMakeFiles/STM32_Drivers.dir/__/__/Drivers/STM32F4xx_HAL_Driver/Src/stm32f4xx_hal_cortex.c.obj
                0x080039ac                HAL_SYSTICK_Config
 .text.HAL_Init
                0x080039c4       0x44 cmake/stm32cubemx/CMakeFiles/STM32_Drivers.dir/__/__/Drivers/STM32F4xx_HAL_Driver/Src/stm32f4xx_hal.c.obj
                0x080039c4                HAL_Init
 .text.HAL_InitTick
                0x08003a08       0x60 cmake/stm32cubemx/CMakeFiles/STM32_Drivers.dir/__/__/Drivers/STM32F4xx_HAL_Driver/Src/stm32f4xx_hal.c.obj
                0x08003a08                HAL_InitTick
 .text.HAL_IncTick
                0x08003a68       0x28 cmake/stm32cubemx/CMakeFiles/STM32_Drivers.dir/__/__/Drivers/STM32F4xx_HAL_Driver/Src/stm32f4xx_hal.c.obj
                0x08003a68                HAL_IncTick
 .text.HAL_GetTick
                0x08003a90       0x18 cmake/stm32cubemx/CMakeFiles/STM32_Drivers.dir/__/__/Drivers/STM32F4xx_HAL_Driver/Src/stm32f4xx_hal.c.obj
                0x08003a90                HAL_GetTick
 .text.HAL_SPI_Init
                0x08003aa8      0x31c cmake/stm32cubemx/CMakeFiles/STM32_Drivers.dir/__/__/Drivers/STM32F4xx_HAL_Driver/Src/stm32f4xx_hal_spi.c.obj
                0x08003aa8                HAL_SPI_Init
 .text.HAL_TIM_Base_Init
                0x08003dc4      0x230 cmake/stm32cubemx/CMakeFiles/STM32_Drivers.dir/__/__/Drivers/STM32F4xx_HAL_Driver/Src/stm32f4xx_hal_tim.c.obj
                0x08003dc4                HAL_TIM_Base_Init
 .text.HAL_TIM_PWM_Init
                0x08003ff4      0x230 cmake/stm32cubemx/CMakeFiles/STM32_Drivers.dir/__/__/Drivers/STM32F4xx_HAL_Driver/Src/stm32f4xx_hal_tim.c.obj
                0x08003ff4                HAL_TIM_PWM_Init
 .text.HAL_TIM_PWM_MspInit
                0x08004224       0x14 cmake/stm32cubemx/CMakeFiles/STM32_Drivers.dir/__/__/Drivers/STM32F4xx_HAL_Driver/Src/stm32f4xx_hal_tim.c.obj
                0x08004224                HAL_TIM_PWM_MspInit
 .text.HAL_TIM_IRQHandler
                0x08004238      0x1e0 cmake/stm32cubemx/CMakeFiles/STM32_Drivers.dir/__/__/Drivers/STM32F4xx_HAL_Driver/Src/stm32f4xx_hal_tim.c.obj
                0x08004238                HAL_TIM_IRQHandler
 .text.HAL_TIM_PWM_ConfigChannel
                0x08004418      0x3b0 cmake/stm32cubemx/CMakeFiles/STM32_Drivers.dir/__/__/Drivers/STM32F4xx_HAL_Driver/Src/stm32f4xx_hal_tim.c.obj
                0x08004418                HAL_TIM_PWM_ConfigChannel
 .text.HAL_TIM_ConfigClockSource
                0x080047c8      0x700 cmake/stm32cubemx/CMakeFiles/STM32_Drivers.dir/__/__/Drivers/STM32F4xx_HAL_Driver/Src/stm32f4xx_hal_tim.c.obj
                0x080047c8                HAL_TIM_ConfigClockSource
 .text.HAL_TIM_OC_DelayElapsedCallback
                0x08004ec8       0x14 cmake/stm32cubemx/CMakeFiles/STM32_Drivers.dir/__/__/Drivers/STM32F4xx_HAL_Driver/Src/stm32f4xx_hal_tim.c.obj
                0x08004ec8                HAL_TIM_OC_DelayElapsedCallback
 .text.HAL_TIM_IC_CaptureCallback
                0x08004edc       0x14 cmake/stm32cubemx/CMakeFiles/STM32_Drivers.dir/__/__/Drivers/STM32F4xx_HAL_Driver/Src/stm32f4xx_hal_tim.c.obj
                0x08004edc                HAL_TIM_IC_CaptureCallback
 .text.HAL_TIM_PWM_PulseFinishedCallback
                0x08004ef0       0x14 cmake/stm32cubemx/CMakeFiles/STM32_Drivers.dir/__/__/Drivers/STM32F4xx_HAL_Driver/Src/stm32f4xx_hal_tim.c.obj
                0x08004ef0                HAL_TIM_PWM_PulseFinishedCallback
 .text.HAL_TIM_TriggerCallback
                0x08004f04       0x14 cmake/stm32cubemx/CMakeFiles/STM32_Drivers.dir/__/__/Drivers/STM32F4xx_HAL_Driver/Src/stm32f4xx_hal_tim.c.obj
                0x08004f04                HAL_TIM_TriggerCallback
 .text.TIM_Base_SetConfig
                0x08004f18      0x14c cmake/stm32cubemx/CMakeFiles/STM32_Drivers.dir/__/__/Drivers/STM32F4xx_HAL_Driver/Src/stm32f4xx_hal_tim.c.obj
                0x08004f18                TIM_Base_SetConfig
 .text.TIM_OC1_SetConfig
                0x08005064      0x134 cmake/stm32cubemx/CMakeFiles/STM32_Drivers.dir/__/__/Drivers/STM32F4xx_HAL_Driver/Src/stm32f4xx_hal_tim.c.obj
 .text.TIM_OC2_SetConfig
                0x08005198      0x13c cmake/stm32cubemx/CMakeFiles/STM32_Drivers.dir/__/__/Drivers/STM32F4xx_HAL_Driver/Src/stm32f4xx_hal_tim.c.obj
                0x08005198                TIM_OC2_SetConfig
 .text.TIM_OC3_SetConfig
                0x080052d4      0x13c cmake/stm32cubemx/CMakeFiles/STM32_Drivers.dir/__/__/Drivers/STM32F4xx_HAL_Driver/Src/stm32f4xx_hal_tim.c.obj
 .text.TIM_OC4_SetConfig
                0x08005410       0xc8 cmake/stm32cubemx/CMakeFiles/STM32_Drivers.dir/__/__/Drivers/STM32F4xx_HAL_Driver/Src/stm32f4xx_hal_tim.c.obj
 .text.TIM_TI1_ConfigInputStage
                0x080054d8       0x5e cmake/stm32cubemx/CMakeFiles/STM32_Drivers.dir/__/__/Drivers/STM32F4xx_HAL_Driver/Src/stm32f4xx_hal_tim.c.obj
 .text.TIM_TI2_ConfigInputStage
                0x08005536       0x60 cmake/stm32cubemx/CMakeFiles/STM32_Drivers.dir/__/__/Drivers/STM32F4xx_HAL_Driver/Src/stm32f4xx_hal_tim.c.obj
 .text.TIM_ITRx_SetConfig
                0x08005596       0x36 cmake/stm32cubemx/CMakeFiles/STM32_Drivers.dir/__/__/Drivers/STM32F4xx_HAL_Driver/Src/stm32f4xx_hal_tim.c.obj
 .text.TIM_ETR_SetConfig
                0x080055cc       0x40 cmake/stm32cubemx/CMakeFiles/STM32_Drivers.dir/__/__/Drivers/STM32F4xx_HAL_Driver/Src/stm32f4xx_hal_tim.c.obj
                0x080055cc                TIM_ETR_SetConfig
 .text.HAL_TIMEx_MasterConfigSynchronization
                0x0800560c      0x1bc cmake/stm32cubemx/CMakeFiles/STM32_Drivers.dir/__/__/Drivers/STM32F4xx_HAL_Driver/Src/stm32f4xx_hal_tim_ex.c.obj
                0x0800560c                HAL_TIMEx_MasterConfigSynchronization
 .text.HAL_TIMEx_CommutCallback
                0x080057c8       0x14 cmake/stm32cubemx/CMakeFiles/STM32_Drivers.dir/__/__/Drivers/STM32F4xx_HAL_Driver/Src/stm32f4xx_hal_tim_ex.c.obj
                0x080057c8                HAL_TIMEx_CommutCallback
 .text.HAL_TIMEx_BreakCallback
                0x080057dc       0x14 cmake/stm32cubemx/CMakeFiles/STM32_Drivers.dir/__/__/Drivers/STM32F4xx_HAL_Driver/Src/stm32f4xx_hal_tim_ex.c.obj
                0x080057dc                HAL_TIMEx_BreakCallback
 .text.HAL_UART_Init
                0x080057f0      0x1a8 cmake/stm32cubemx/CMakeFiles/STM32_Drivers.dir/__/__/Drivers/STM32F4xx_HAL_Driver/Src/stm32f4xx_hal_uart.c.obj
                0x080057f0                HAL_UART_Init
 .text.HAL_UARTEx_ReceiveToIdle_DMA
                0x08005998       0xb2 cmake/stm32cubemx/CMakeFiles/STM32_Drivers.dir/__/__/Drivers/STM32F4xx_HAL_Driver/Src/stm32f4xx_hal_uart.c.obj
                0x08005998                HAL_UARTEx_ReceiveToIdle_DMA
 *fill*         0x08005a4a        0x2 
 .text.HAL_UART_IRQHandler
                0x08005a4c      0x554 cmake/stm32cubemx/CMakeFiles/STM32_Drivers.dir/__/__/Drivers/STM32F4xx_HAL_Driver/Src/stm32f4xx_hal_uart.c.obj
                0x08005a4c                HAL_UART_IRQHandler
 .text.HAL_UART_TxCpltCallback
                0x08005fa0       0x14 cmake/stm32cubemx/CMakeFiles/STM32_Drivers.dir/__/__/Drivers/STM32F4xx_HAL_Driver/Src/stm32f4xx_hal_uart.c.obj
                0x08005fa0                HAL_UART_TxCpltCallback
 .text.HAL_UART_RxCpltCallback
                0x08005fb4       0x14 cmake/stm32cubemx/CMakeFiles/STM32_Drivers.dir/__/__/Drivers/STM32F4xx_HAL_Driver/Src/stm32f4xx_hal_uart.c.obj
                0x08005fb4                HAL_UART_RxCpltCallback
 .text.HAL_UART_RxHalfCpltCallback
                0x08005fc8       0x14 cmake/stm32cubemx/CMakeFiles/STM32_Drivers.dir/__/__/Drivers/STM32F4xx_HAL_Driver/Src/stm32f4xx_hal_uart.c.obj
                0x08005fc8                HAL_UART_RxHalfCpltCallback
 .text.HAL_UART_ErrorCallback
                0x08005fdc       0x14 cmake/stm32cubemx/CMakeFiles/STM32_Drivers.dir/__/__/Drivers/STM32F4xx_HAL_Driver/Src/stm32f4xx_hal_uart.c.obj
                0x08005fdc                HAL_UART_ErrorCallback
 .text.UART_DMAReceiveCplt
                0x08005ff0      0x12c cmake/stm32cubemx/CMakeFiles/STM32_Drivers.dir/__/__/Drivers/STM32F4xx_HAL_Driver/Src/stm32f4xx_hal_uart.c.obj
 .text.UART_DMARxHalfCplt
                0x0800611c       0x3c cmake/stm32cubemx/CMakeFiles/STM32_Drivers.dir/__/__/Drivers/STM32F4xx_HAL_Driver/Src/stm32f4xx_hal_uart.c.obj
 .text.UART_DMAError
                0x08006158       0x94 cmake/stm32cubemx/CMakeFiles/STM32_Drivers.dir/__/__/Drivers/STM32F4xx_HAL_Driver/Src/stm32f4xx_hal_uart.c.obj
 .text.UART_Start_Receive_DMA
                0x080061ec      0x14c cmake/stm32cubemx/CMakeFiles/STM32_Drivers.dir/__/__/Drivers/STM32F4xx_HAL_Driver/Src/stm32f4xx_hal_uart.c.obj
                0x080061ec                UART_Start_Receive_DMA
 .text.UART_EndTxTransfer
                0x08006338       0x50 cmake/stm32cubemx/CMakeFiles/STM32_Drivers.dir/__/__/Drivers/STM32F4xx_HAL_Driver/Src/stm32f4xx_hal_uart.c.obj
 .text.UART_EndRxTransfer
                0x08006388       0xc6 cmake/stm32cubemx/CMakeFiles/STM32_Drivers.dir/__/__/Drivers/STM32F4xx_HAL_Driver/Src/stm32f4xx_hal_uart.c.obj
 .text.UART_DMAAbortOnError
                0x0800644e       0x22 cmake/stm32cubemx/CMakeFiles/STM32_Drivers.dir/__/__/Drivers/STM32F4xx_HAL_Driver/Src/stm32f4xx_hal_uart.c.obj
 .text.UART_Transmit_IT
                0x08006470       0xa0 cmake/stm32cubemx/CMakeFiles/STM32_Drivers.dir/__/__/Drivers/STM32F4xx_HAL_Driver/Src/stm32f4xx_hal_uart.c.obj
 .text.UART_EndTransmit_IT
                0x08006510       0x30 cmake/stm32cubemx/CMakeFiles/STM32_Drivers.dir/__/__/Drivers/STM32F4xx_HAL_Driver/Src/stm32f4xx_hal_uart.c.obj
 .text.UART_Receive_IT
                0x08006540      0x17c cmake/stm32cubemx/CMakeFiles/STM32_Drivers.dir/__/__/Drivers/STM32F4xx_HAL_Driver/Src/stm32f4xx_hal_uart.c.obj
 .text.UART_SetConfig
                0x080066bc      0x574 cmake/stm32cubemx/CMakeFiles/STM32_Drivers.dir/__/__/Drivers/STM32F4xx_HAL_Driver/Src/stm32f4xx_hal_uart.c.obj
 .text.MX_CAN1_Init
                0x08006c30       0x6c CMakeFiles/HW2_Speed.dir/Core/Src/can.c.obj
                0x08006c30                MX_CAN1_Init
 .text.MX_CAN2_Init
                0x08006c9c       0x6c CMakeFiles/HW2_Speed.dir/Core/Src/can.c.obj
                0x08006c9c                MX_CAN2_Init
 .text.HAL_CAN_MspInit
                0x08006d08      0x160 CMakeFiles/HW2_Speed.dir/Core/Src/can.c.obj
                0x08006d08                HAL_CAN_MspInit
 .text.MX_DMA_Init
                0x08006e68       0x8c CMakeFiles/HW2_Speed.dir/Core/Src/dma.c.obj
                0x08006e68                MX_DMA_Init
 .text.MX_GPIO_Init
                0x08006ef4      0x2cc CMakeFiles/HW2_Speed.dir/Core/Src/gpio.c.obj
                0x08006ef4                MX_GPIO_Init
 .text.main     0x080071c0       0x3a CMakeFiles/HW2_Speed.dir/Core/Src/main.c.obj
                0x080071c0                main
 *fill*         0x080071fa        0x2 
 .text.SystemClock_Config
                0x080071fc       0xd4 CMakeFiles/HW2_Speed.dir/Core/Src/main.c.obj
                0x080071fc                SystemClock_Config
 .text.Error_Handler
                0x080072d0        0xa CMakeFiles/HW2_Speed.dir/Core/Src/main.c.obj
                0x080072d0                Error_Handler
 .text.assert_failed
                0x080072da       0x16 CMakeFiles/HW2_Speed.dir/Core/Src/main.c.obj
                0x080072da                assert_failed
 .text.MX_SPI1_Init
                0x080072f0       0x6c CMakeFiles/HW2_Speed.dir/Core/Src/spi.c.obj
                0x080072f0                MX_SPI1_Init
 .text.HAL_SPI_MspInit
                0x0800735c       0xd0 CMakeFiles/HW2_Speed.dir/Core/Src/spi.c.obj
                0x0800735c                HAL_SPI_MspInit
 .text.HAL_MspInit
                0x0800742c       0x50 CMakeFiles/HW2_Speed.dir/Core/Src/stm32f4xx_hal_msp.c.obj
                0x0800742c                HAL_MspInit
 .text.NMI_Handler
                0x0800747c        0x6 CMakeFiles/HW2_Speed.dir/Core/Src/stm32f4xx_it.c.obj
                0x0800747c                NMI_Handler
 .text.HardFault_Handler
                0x08007482        0x6 CMakeFiles/HW2_Speed.dir/Core/Src/stm32f4xx_it.c.obj
                0x08007482                HardFault_Handler
 .text.MemManage_Handler
                0x08007488        0x6 CMakeFiles/HW2_Speed.dir/Core/Src/stm32f4xx_it.c.obj
                0x08007488                MemManage_Handler
 .text.BusFault_Handler
                0x0800748e        0x6 CMakeFiles/HW2_Speed.dir/Core/Src/stm32f4xx_it.c.obj
                0x0800748e                BusFault_Handler
 .text.UsageFault_Handler
                0x08007494        0x6 CMakeFiles/HW2_Speed.dir/Core/Src/stm32f4xx_it.c.obj
                0x08007494                UsageFault_Handler
 .text.SVC_Handler
                0x0800749a        0xe CMakeFiles/HW2_Speed.dir/Core/Src/stm32f4xx_it.c.obj
                0x0800749a                SVC_Handler
 .text.DebugMon_Handler
                0x080074a8        0xe CMakeFiles/HW2_Speed.dir/Core/Src/stm32f4xx_it.c.obj
                0x080074a8                DebugMon_Handler
 .text.PendSV_Handler
                0x080074b6        0xe CMakeFiles/HW2_Speed.dir/Core/Src/stm32f4xx_it.c.obj
                0x080074b6                PendSV_Handler
 .text.SysTick_Handler
                0x080074c4        0xc CMakeFiles/HW2_Speed.dir/Core/Src/stm32f4xx_it.c.obj
                0x080074c4                SysTick_Handler
 .text.DMA1_Stream1_IRQHandler
                0x080074d0       0x14 CMakeFiles/HW2_Speed.dir/Core/Src/stm32f4xx_it.c.obj
                0x080074d0                DMA1_Stream1_IRQHandler
 .text.CAN1_RX0_IRQHandler
                0x080074e4       0x14 CMakeFiles/HW2_Speed.dir/Core/Src/stm32f4xx_it.c.obj
                0x080074e4                CAN1_RX0_IRQHandler
 .text.USART3_IRQHandler
                0x080074f8       0x14 CMakeFiles/HW2_Speed.dir/Core/Src/stm32f4xx_it.c.obj
                0x080074f8                USART3_IRQHandler
 .text.TIM6_DAC_IRQHandler
                0x0800750c       0x14 CMakeFiles/HW2_Speed.dir/Core/Src/stm32f4xx_it.c.obj
                0x0800750c                TIM6_DAC_IRQHandler
 .text.DMA2_Stream1_IRQHandler
                0x08007520       0x14 CMakeFiles/HW2_Speed.dir/Core/Src/stm32f4xx_it.c.obj
                0x08007520                DMA2_Stream1_IRQHandler
 .text.CAN2_RX1_IRQHandler
                0x08007534       0x14 CMakeFiles/HW2_Speed.dir/Core/Src/stm32f4xx_it.c.obj
                0x08007534                CAN2_RX1_IRQHandler
 .text.DMA2_Stream6_IRQHandler
                0x08007548       0x14 CMakeFiles/HW2_Speed.dir/Core/Src/stm32f4xx_it.c.obj
                0x08007548                DMA2_Stream6_IRQHandler
 .text.DMA2_Stream7_IRQHandler
                0x0800755c       0x14 CMakeFiles/HW2_Speed.dir/Core/Src/stm32f4xx_it.c.obj
                0x0800755c                DMA2_Stream7_IRQHandler
 .text.USART6_IRQHandler
                0x08007570       0x14 CMakeFiles/HW2_Speed.dir/Core/Src/stm32f4xx_it.c.obj
                0x08007570                USART6_IRQHandler
 .text.MX_TIM4_Init
                0x08007584       0xec CMakeFiles/HW2_Speed.dir/Core/Src/tim.c.obj
                0x08007584                MX_TIM4_Init
 .text.MX_TIM6_Init
                0x08007670       0x6c CMakeFiles/HW2_Speed.dir/Core/Src/tim.c.obj
                0x08007670                MX_TIM6_Init
 .text.MX_TIM10_Init
                0x080076dc       0x9c CMakeFiles/HW2_Speed.dir/Core/Src/tim.c.obj
                0x080076dc                MX_TIM10_Init
 .text.HAL_TIM_Base_MspInit
                0x08007778       0xa8 CMakeFiles/HW2_Speed.dir/Core/Src/tim.c.obj
                0x08007778                HAL_TIM_Base_MspInit
 .text.HAL_TIM_MspPostInit
                0x08007820       0xc4 CMakeFiles/HW2_Speed.dir/Core/Src/tim.c.obj
                0x08007820                HAL_TIM_MspPostInit
 .text.MX_USART1_UART_Init
                0x080078e4       0x54 CMakeFiles/HW2_Speed.dir/Core/Src/usart.c.obj
                0x080078e4                MX_USART1_UART_Init
 .text.MX_USART3_UART_Init
                0x08007938       0x58 CMakeFiles/HW2_Speed.dir/Core/Src/usart.c.obj
                0x08007938                MX_USART3_UART_Init
 .text.MX_USART6_UART_Init
                0x08007990       0x54 CMakeFiles/HW2_Speed.dir/Core/Src/usart.c.obj
                0x08007990                MX_USART6_UART_Init
 .text.HAL_UART_MspInit
                0x080079e4      0x370 CMakeFiles/HW2_Speed.dir/Core/Src/usart.c.obj
                0x080079e4                HAL_UART_MspInit
 .text._ZN9Class_PIDC2Ev
                0x08007d54       0x76 CMakeFiles/HW2_Speed.dir/Tasks/task.cpp.obj
                0x08007d54                Class_PID::Class_PID()
                0x08007d54                Class_PID::Class_PID()
 .text._ZN18Class_Motor_GM6020C2Ev
                0x08007dca       0x52 CMakeFiles/HW2_Speed.dir/Tasks/task.cpp.obj
                0x08007dca                Class_Motor_GM6020::Class_Motor_GM6020()
                0x08007dca                Class_Motor_GM6020::Class_Motor_GM6020()
 .text._ZN16Class_SerialplotC2Ev
                0x08007e1c       0x34 CMakeFiles/HW2_Speed.dir/Tasks/task.cpp.obj
                0x08007e1c                Class_Serialplot::Class_Serialplot()
                0x08007e1c                Class_Serialplot::Class_Serialplot()
 .text.MainTask
                0x08007e50      0x1a0 CMakeFiles/HW2_Speed.dir/Tasks/task.cpp.obj
                0x08007e50                MainTask
 .text.HAL_TIM_PeriodElapsedCallback
                0x08007ff0       0x4c CMakeFiles/HW2_Speed.dir/Tasks/task.cpp.obj
                0x08007ff0                HAL_TIM_PeriodElapsedCallback
 .text._Z41__static_initialization_and_destruction_0ii
                0x0800803c       0x38 CMakeFiles/HW2_Speed.dir/Tasks/task.cpp.obj
 .text._GLOBAL__sub_I_motor1
                0x08008074       0x10 CMakeFiles/HW2_Speed.dir/Tasks/task.cpp.obj
 .text.HAL_CAN_RxFifo0MsgPendingCallback
                0x08008084       0x44 CMakeFiles/HW2_Speed.dir/Resources/HW_can.cpp.obj
                0x08008084                HAL_CAN_RxFifo0MsgPendingCallback
 .text.HAL_UARTEx_RxEventCallback
                0x080080c8      0x14c CMakeFiles/HW2_Speed.dir/Resources/drv_uart.cpp.obj
                0x080080c8                HAL_UARTEx_RxEventCallback
 .text._ZN16Class_Serialplot18Get_Variable_IndexEv
                0x08008214       0x1a CMakeFiles/HW2_Speed.dir/Resources/dvc_serialplot.cpp.obj
                0x08008214                Class_Serialplot::Get_Variable_Index()
 .text._ZN16Class_Serialplot18Get_Variable_ValueEv
                0x0800822e       0x24 CMakeFiles/HW2_Speed.dir/Resources/dvc_serialplot.cpp.obj
                0x0800822e                Class_Serialplot::Get_Variable_Value()
 .text._ZN16Class_Serialplot8Set_DataEhz
                0x08008252       0x4e CMakeFiles/HW2_Speed.dir/Resources/dvc_serialplot.cpp.obj
                0x08008252                Class_Serialplot::Set_Data(unsigned char, ...)
 .text._ZN16Class_Serialplot6OutputEv
                0x080082a0      0x290 CMakeFiles/HW2_Speed.dir/Resources/dvc_serialplot.cpp.obj
                0x080082a0                Class_Serialplot::Output()
 .text._ZN16Class_Serialplot29TIM_Add_PeriodElapsedCallbackEv
                0x08008530       0x16 CMakeFiles/HW2_Speed.dir/Resources/dvc_serialplot.cpp.obj
                0x08008530                Class_Serialplot::TIM_Add_PeriodElapsedCallback()
 .text._ZN18Class_Motor_GM602016Set_Target_AngleEf
                0x08008546       0x20 CMakeFiles/HW2_Speed.dir/Resources/motor.cpp.obj
                0x08008546                Class_Motor_GM6020::Set_Target_Angle(float)
 .text._ZN18Class_Motor_GM602013Get_Now_AngleEv
                0x08008566       0x1e CMakeFiles/HW2_Speed.dir/Resources/motor.cpp.obj
                0x08008566                Class_Motor_GM6020::Get_Now_Angle()
 .text._ZN18Class_Motor_GM602013Get_Now_OmegaEv
                0x08008584       0x20 CMakeFiles/HW2_Speed.dir/Resources/motor.cpp.obj
                0x08008584                Class_Motor_GM6020::Get_Now_Omega()
 *fill*         0x080085a4        0x4 
 .text._ZN18Class_Motor_GM602019UpdateAngleAndOmegaEPh
                0x080085a8       0xf8 CMakeFiles/HW2_Speed.dir/Resources/motor.cpp.obj
                0x080085a8                Class_Motor_GM6020::UpdateAngleAndOmega(unsigned char*)
 .text._ZN18Class_Motor_GM602018CAN_RxCpltCallbackEPh
                0x080086a0       0x1a CMakeFiles/HW2_Speed.dir/Resources/motor.cpp.obj
                0x080086a0                Class_Motor_GM6020::CAN_RxCpltCallback(unsigned char*)
 .text._ZN18Class_Motor_GM602029TIM_PID_PeriodElapsedCallbackEv
                0x080086ba       0xe2 CMakeFiles/HW2_Speed.dir/Resources/motor.cpp.obj
                0x080086ba                Class_Motor_GM6020::TIM_PID_PeriodElapsedCallback()
 .text._ZN18Class_Motor_GM602010SendOutputEv
                0x0800879c       0x7e CMakeFiles/HW2_Speed.dir/Resources/motor.cpp.obj
                0x0800879c                Class_Motor_GM6020::SendOutput()
 .text._ZN9Class_PID7Set_K_PEf
                0x0800881a       0x1e CMakeFiles/HW2_Speed.dir/Resources/pid.cpp.obj
                0x0800881a                Class_PID::Set_K_P(float)
 .text._ZN9Class_PID7Set_K_IEf
                0x08008838       0x1e CMakeFiles/HW2_Speed.dir/Resources/pid.cpp.obj
                0x08008838                Class_PID::Set_K_I(float)
 .text._ZN9Class_PID7Set_K_DEf
                0x08008856       0x1e CMakeFiles/HW2_Speed.dir/Resources/pid.cpp.obj
                0x08008856                Class_PID::Set_K_D(float)
 .text._ZN9Class_PID10Set_TargetEf
                0x08008874       0x1e CMakeFiles/HW2_Speed.dir/Resources/pid.cpp.obj
                0x08008874                Class_PID::Set_Target(float)
 .text._ZN9Class_PID7Set_NowEf
                0x08008892       0x1e CMakeFiles/HW2_Speed.dir/Resources/pid.cpp.obj
                0x08008892                Class_PID::Set_Now(float)
 .text._ZN9Class_PID7Get_OutEv
                0x080088b0       0x1e CMakeFiles/HW2_Speed.dir/Resources/pid.cpp.obj
                0x080088b0                Class_PID::Get_Out()
 .text._ZN9Class_PID8Calc_PIDEv
                0x080088ce      0x178 CMakeFiles/HW2_Speed.dir/Resources/pid.cpp.obj
                0x080088ce                Class_PID::Calc_PID()
 *fill*         0x08008a46        0x2 
 .text.Reset_Handler
                0x08008a48       0x50 CMakeFiles/HW2_Speed.dir/startup_stm32f407xx.s.obj
                0x08008a48                Reset_Handler
 .text.Default_Handler
                0x08008a98        0x2 CMakeFiles/HW2_Speed.dir/startup_stm32f407xx.s.obj
                0x08008a98                RTC_Alarm_IRQHandler
                0x08008a98                HASH_RNG_IRQHandler
                0x08008a98                EXTI2_IRQHandler
                0x08008a98                TIM8_CC_IRQHandler
                0x08008a98                TIM1_CC_IRQHandler
                0x08008a98                DMA2_Stream5_IRQHandler
                0x08008a98                DMA1_Stream5_IRQHandler
                0x08008a98                PVD_IRQHandler
                0x08008a98                SDIO_IRQHandler
                0x08008a98                TAMP_STAMP_IRQHandler
                0x08008a98                EXTI3_IRQHandler
                0x08008a98                TIM8_TRG_COM_TIM14_IRQHandler
                0x08008a98                TIM1_UP_TIM10_IRQHandler
                0x08008a98                TIM8_UP_TIM13_IRQHandler
                0x08008a98                I2C3_ER_IRQHandler
                0x08008a98                EXTI0_IRQHandler
                0x08008a98                I2C2_EV_IRQHandler
                0x08008a98                DMA1_Stream2_IRQHandler
                0x08008a98                FPU_IRQHandler
                0x08008a98                OTG_HS_WKUP_IRQHandler
                0x08008a98                CAN2_SCE_IRQHandler
                0x08008a98                DMA2_Stream2_IRQHandler
                0x08008a98                SPI1_IRQHandler
                0x08008a98                TIM1_BRK_TIM9_IRQHandler
                0x08008a98                DCMI_IRQHandler
                0x08008a98                CAN2_RX0_IRQHandler
                0x08008a98                DMA2_Stream3_IRQHandler
                0x08008a98                CAN1_RX1_IRQHandler
                0x08008a98                UART5_IRQHandler
                0x08008a98                DMA2_Stream0_IRQHandler
                0x08008a98                TIM4_IRQHandler
                0x08008a98                I2C1_EV_IRQHandler
                0x08008a98                DMA1_Stream6_IRQHandler
                0x08008a98                UART4_IRQHandler
                0x08008a98                TIM3_IRQHandler
                0x08008a98                RCC_IRQHandler
                0x08008a98                TIM8_BRK_TIM12_IRQHandler
                0x08008a98                Default_Handler
                0x08008a98                EXTI15_10_IRQHandler
                0x08008a98                ADC_IRQHandler
                0x08008a98                DMA1_Stream7_IRQHandler
                0x08008a98                TIM7_IRQHandler
                0x08008a98                CAN2_TX_IRQHandler
                0x08008a98                TIM5_IRQHandler
                0x08008a98                I2C3_EV_IRQHandler
                0x08008a98                EXTI9_5_IRQHandler
                0x08008a98                RTC_WKUP_IRQHandler
                0x08008a98                ETH_WKUP_IRQHandler
                0x08008a98                SPI2_IRQHandler
                0x08008a98                OTG_HS_EP1_IN_IRQHandler
                0x08008a98                DMA1_Stream0_IRQHandler
                0x08008a98                CAN1_TX_IRQHandler
                0x08008a98                EXTI4_IRQHandler
                0x08008a98                FSMC_IRQHandler
                0x08008a98                ETH_IRQHandler
                0x08008a98                OTG_HS_EP1_OUT_IRQHandler
                0x08008a98                WWDG_IRQHandler
                0x08008a98                TIM2_IRQHandler
                0x08008a98                OTG_FS_WKUP_IRQHandler
                0x08008a98                TIM1_TRG_COM_TIM11_IRQHandler
                0x08008a98                OTG_HS_IRQHandler
                0x08008a98                EXTI1_IRQHandler
                0x08008a98                USART2_IRQHandler
                0x08008a98                I2C2_ER_IRQHandler
                0x08008a98                CAN1_SCE_IRQHandler
                0x08008a98                FLASH_IRQHandler
                0x08008a98                DMA2_Stream4_IRQHandler
                0x08008a98                USART1_IRQHandler
                0x08008a98                OTG_FS_IRQHandler
                0x08008a98                SPI3_IRQHandler
                0x08008a98                DMA1_Stream4_IRQHandler
                0x08008a98                I2C1_ER_IRQHandler
                0x08008a98                DMA1_Stream3_IRQHandler
 *fill*         0x08008a9a        0x2 
 .text.__libc_init_array
                0x08008a9c       0x48 c:/users/xiaom/.eide/tools/gcc_arm/bin/../lib/gcc/arm-none-eabi/10.2.1/../../../../arm-none-eabi/lib/thumb/v7e-m+fp/hard\libg_nano.a(lib_a-init.o)
                0x08008a9c                __libc_init_array
 .text.memset   0x08008ae4       0x10 c:/users/xiaom/.eide/tools/gcc_arm/bin/../lib/gcc/arm-none-eabi/10.2.1/../../../../arm-none-eabi/lib/thumb/v7e-m+fp/hard\libg_nano.a(lib_a-memset.o)
                0x08008ae4                memset
 *(.glue_7)
 .glue_7        0x08008af4        0x0 linker stubs
 *(.glue_7t)
 .glue_7t       0x08008af4        0x0 linker stubs
 *(.eh_frame)
 .eh_frame      0x08008af4        0x0 c:/users/xiaom/.eide/tools/gcc_arm/bin/../lib/gcc/arm-none-eabi/10.2.1/thumb/v7e-m+fp/hard/crtbegin.o
 *(.init)
 .init          0x08008af4        0x4 c:/users/xiaom/.eide/tools/gcc_arm/bin/../lib/gcc/arm-none-eabi/10.2.1/thumb/v7e-m+fp/hard/crti.o
                0x08008af4                _init
 .init          0x08008af8        0x8 c:/users/xiaom/.eide/tools/gcc_arm/bin/../lib/gcc/arm-none-eabi/10.2.1/thumb/v7e-m+fp/hard/crtn.o
 *(.fini)
 .fini          0x08008b00        0x4 c:/users/xiaom/.eide/tools/gcc_arm/bin/../lib/gcc/arm-none-eabi/10.2.1/thumb/v7e-m+fp/hard/crti.o
                0x08008b00                _fini
 .fini          0x08008b04        0x8 c:/users/xiaom/.eide/tools/gcc_arm/bin/../lib/gcc/arm-none-eabi/10.2.1/thumb/v7e-m+fp/hard/crtn.o
                0x08008b0c                . = ALIGN (0x4)
                0x08008b0c                _etext = .

.vfp11_veneer   0x08008b0c        0x0
 .vfp11_veneer  0x08008b0c        0x0 linker stubs

.v4_bx          0x08008b0c        0x0
 .v4_bx         0x08008b0c        0x0 linker stubs

.iplt           0x08008b0c        0x0
 .iplt          0x08008b0c        0x0 c:/users/xiaom/.eide/tools/gcc_arm/bin/../lib/gcc/arm-none-eabi/10.2.1/thumb/v7e-m+fp/hard/crtbegin.o

.rodata         0x08008b0c      0x420
                0x08008b0c                . = ALIGN (0x4)
 *(.rodata)
 .rodata        0x08008b0c       0x70 cmake/stm32cubemx/CMakeFiles/STM32_Drivers.dir/__/__/Drivers/STM32F4xx_HAL_Driver/Src/stm32f4xx_hal_can.c.obj
 .rodata        0x08008b7c       0x70 cmake/stm32cubemx/CMakeFiles/STM32_Drivers.dir/__/__/Drivers/STM32F4xx_HAL_Driver/Src/stm32f4xx_hal_rcc.c.obj
 .rodata        0x08008bec       0x71 cmake/stm32cubemx/CMakeFiles/STM32_Drivers.dir/__/__/Drivers/STM32F4xx_HAL_Driver/Src/stm32f4xx_hal_gpio.c.obj
 *fill*         0x08008c5d        0x3 
 .rodata        0x08008c60       0x70 cmake/stm32cubemx/CMakeFiles/STM32_Drivers.dir/__/__/Drivers/STM32F4xx_HAL_Driver/Src/stm32f4xx_hal_dma.c.obj
 .rodata        0x08008cd0       0x73 cmake/stm32cubemx/CMakeFiles/STM32_Drivers.dir/__/__/Drivers/STM32F4xx_HAL_Driver/Src/stm32f4xx_hal_cortex.c.obj
 *fill*         0x08008d43        0x1 
 .rodata        0x08008d44       0x70 cmake/stm32cubemx/CMakeFiles/STM32_Drivers.dir/__/__/Drivers/STM32F4xx_HAL_Driver/Src/stm32f4xx_hal_spi.c.obj
 .rodata        0x08008db4       0x70 cmake/stm32cubemx/CMakeFiles/STM32_Drivers.dir/__/__/Drivers/STM32F4xx_HAL_Driver/Src/stm32f4xx_hal_tim.c.obj
 .rodata        0x08008e24       0x73 cmake/stm32cubemx/CMakeFiles/STM32_Drivers.dir/__/__/Drivers/STM32F4xx_HAL_Driver/Src/stm32f4xx_hal_tim_ex.c.obj
 *fill*         0x08008e97        0x1 
 .rodata        0x08008e98       0x71 cmake/stm32cubemx/CMakeFiles/STM32_Drivers.dir/__/__/Drivers/STM32F4xx_HAL_Driver/Src/stm32f4xx_hal_uart.c.obj
 *(.rodata*)
 *fill*         0x08008f09        0x3 
 .rodata.AHBPrescTable
                0x08008f0c       0x10 cmake/stm32cubemx/CMakeFiles/STM32_Drivers.dir/__/__/Core/Src/system_stm32f4xx.c.obj
                0x08008f0c                AHBPrescTable
 .rodata.APBPrescTable
                0x08008f1c        0x8 cmake/stm32cubemx/CMakeFiles/STM32_Drivers.dir/__/__/Core/Src/system_stm32f4xx.c.obj
                0x08008f1c                APBPrescTable
 .rodata.flagBitshiftOffset.0
                0x08008f24        0x8 cmake/stm32cubemx/CMakeFiles/STM32_Drivers.dir/__/__/Drivers/STM32F4xx_HAL_Driver/Src/stm32f4xx_hal_dma.c.obj
                0x08008f2c                . = ALIGN (0x4)

.ARM.extab      0x08008f2c        0x0
                0x08008f2c                . = ALIGN (0x4)
 *(.ARM.extab* .gnu.linkonce.armextab.*)
                0x08008f2c                . = ALIGN (0x4)

.ARM            0x08008f2c        0x8
                0x08008f2c                . = ALIGN (0x4)
                0x08008f2c                __exidx_start = .
 *(.ARM.exidx*)
 .ARM.exidx     0x08008f2c        0x8 c:/users/xiaom/.eide/tools/gcc_arm/bin/../lib/gcc/arm-none-eabi/10.2.1/thumb/v7e-m+fp/hard\libgcc.a(_udivmoddi4.o)
                0x08008f34                __exidx_end = .
                0x08008f34                . = ALIGN (0x4)

.rel.dyn        0x08008f34        0x0
 .rel.iplt      0x08008f34        0x0 c:/users/xiaom/.eide/tools/gcc_arm/bin/../lib/gcc/arm-none-eabi/10.2.1/thumb/v7e-m+fp/hard/crtbegin.o

.preinit_array  0x08008f34        0x0
                0x08008f34                . = ALIGN (0x4)
                0x08008f34                PROVIDE (__preinit_array_start = .)
 *(.preinit_array*)
                0x08008f34                PROVIDE (__preinit_array_end = .)
                0x08008f34                . = ALIGN (0x4)

.init_array     0x08008f34        0x8
                0x08008f34                . = ALIGN (0x4)
                0x08008f34                PROVIDE (__init_array_start = .)
 *(SORT_BY_NAME(.init_array.*))
 *(.init_array*)
 .init_array    0x08008f34        0x4 c:/users/xiaom/.eide/tools/gcc_arm/bin/../lib/gcc/arm-none-eabi/10.2.1/thumb/v7e-m+fp/hard/crtbegin.o
 .init_array    0x08008f38        0x4 CMakeFiles/HW2_Speed.dir/Tasks/task.cpp.obj
                0x08008f3c                PROVIDE (__init_array_end = .)
                0x08008f3c                . = ALIGN (0x4)

.fini_array     0x08008f3c        0x4
                0x08008f3c                . = ALIGN (0x4)
                [!provide]                PROVIDE (__fini_array_start = .)
 *(SORT_BY_NAME(.fini_array.*))
 *(.fini_array*)
 .fini_array    0x08008f3c        0x4 c:/users/xiaom/.eide/tools/gcc_arm/bin/../lib/gcc/arm-none-eabi/10.2.1/thumb/v7e-m+fp/hard/crtbegin.o
                [!provide]                PROVIDE (__fini_array_end = .)
                0x08008f40                . = ALIGN (0x4)
                0x08008f40                _siccmram = LOADADDR (.ccmram)

.ccmram         0x10000000        0x0 load address 0x08008f40
                0x10000000                . = ALIGN (0x4)
                0x10000000                _sccmram = .
 *(.ccmram)
 *(.ccmram*)
                0x10000000                . = ALIGN (0x4)
                0x10000000                _eccmram = .
                0x08008f40                _sidata = LOADADDR (.data)

.data           0x20000000        0xc load address 0x08008f40
                0x20000000                . = ALIGN (0x4)
                0x20000000                _sdata = .
 *(.data)
 *(.data*)
 .data.SystemCoreClock
                0x20000000        0x4 cmake/stm32cubemx/CMakeFiles/STM32_Drivers.dir/__/__/Core/Src/system_stm32f4xx.c.obj
                0x20000000                SystemCoreClock
 .data.uwTickPrio
                0x20000004        0x4 cmake/stm32cubemx/CMakeFiles/STM32_Drivers.dir/__/__/Drivers/STM32F4xx_HAL_Driver/Src/stm32f4xx_hal.c.obj
                0x20000004                uwTickPrio
 .data.uwTickFreq
                0x20000008        0x1 cmake/stm32cubemx/CMakeFiles/STM32_Drivers.dir/__/__/Drivers/STM32F4xx_HAL_Driver/Src/stm32f4xx_hal.c.obj
                0x20000008                uwTickFreq
 *(.RamFunc)
 *(.RamFunc*)
                0x2000000c                . = ALIGN (0x4)
 *fill*         0x20000009        0x3 

.igot.plt       0x2000000c        0x0 load address 0x08008f4c
 .igot.plt      0x2000000c        0x0 c:/users/xiaom/.eide/tools/gcc_arm/bin/../lib/gcc/arm-none-eabi/10.2.1/thumb/v7e-m+fp/hard/crtbegin.o

.tdata          0x2000000c        0x0 load address 0x08008f4c
 *(.tdata .tdata.* .gnu.linkonce.td.*)
                0x2000000c                . = ALIGN (0x4)
                0x2000000c                _edata = .
                [!provide]                PROVIDE (__data_end = .)
                [!provide]                PROVIDE (__tdata_end = .)
                [!provide]                PROVIDE (__tdata_start = ADDR (.tdata))
                [!provide]                PROVIDE (__tdata_size = (__tdata_end - __tdata_start))
                [!provide]                PROVIDE (__data_start = ADDR (.data))
                [!provide]                PROVIDE (__data_size = (__data_end - __data_start))
                [!provide]                PROVIDE (__tdata_source = LOADADDR (.tdata))
                [!provide]                PROVIDE (__tdata_source_end = (LOADADDR (.tdata) + SIZEOF (.tdata)))
                [!provide]                PROVIDE (__tdata_source_size = (__tdata_source_end - __tdata_source))
                [!provide]                PROVIDE (__data_source = LOADADDR (.data))
                [!provide]                PROVIDE (__data_source_end = __tdata_source_end)
                [!provide]                PROVIDE (__data_source_size = (__data_source_end - __data_source))

.tbss           0x2000000c        0x0 load address 0x08008f4c
                0x2000000c                _sbss = .
                0x2000000c                __bss_start__ = _sbss
 *(.tbss .tbss.*)
                0x2000000c                . = ALIGN (0x4)
                [!provide]                PROVIDE (__tbss_end = .)
                [!provide]                PROVIDE (__tbss_start = ADDR (.tbss))
                [!provide]                PROVIDE (__tbss_size = (__tbss_end - __tbss_start))
                [!provide]                PROVIDE (__tbss_offset = (ADDR (.tbss) - ADDR (.tdata)))
                [!provide]                PROVIDE (__tls_base = __tdata_start)
                [!provide]                PROVIDE (__tls_end = __tbss_end)
                [!provide]                PROVIDE (__tls_size = (__tls_end - __tls_base))
                [!provide]                PROVIDE (__tls_align = MAX (ALIGNOF (.tdata), ALIGNOF (.tbss)))
                [!provide]                PROVIDE (__tls_size_align = (((__tls_size + __tls_align) - 0x1) & ~ ((__tls_align - 0x1))))
                [!provide]                PROVIDE (__arm32_tls_tcb_offset = MAX (0x8, __tls_align))
                [!provide]                PROVIDE (__arm64_tls_tcb_offset = MAX (0x10, __tls_align))

.bss            0x20000010      0x550 load address 0x08008f4c
 *(.bss)
 .bss           0x20000010       0x1c c:/users/xiaom/.eide/tools/gcc_arm/bin/../lib/gcc/arm-none-eabi/10.2.1/thumb/v7e-m+fp/hard/crtbegin.o
 *(.bss*)
 .bss.uwTick    0x2000002c        0x4 cmake/stm32cubemx/CMakeFiles/STM32_Drivers.dir/__/__/Drivers/STM32F4xx_HAL_Driver/Src/stm32f4xx_hal.c.obj
                0x2000002c                uwTick
 .bss.hcan1     0x20000030       0x28 CMakeFiles/HW2_Speed.dir/Core/Src/can.c.obj
                0x20000030                hcan1
 .bss.hcan2     0x20000058       0x28 CMakeFiles/HW2_Speed.dir/Core/Src/can.c.obj
                0x20000058                hcan2
 .bss.HAL_RCC_CAN1_CLK_ENABLED
                0x20000080        0x4 CMakeFiles/HW2_Speed.dir/Core/Src/can.c.obj
 .bss.hspi1     0x20000084       0x58 CMakeFiles/HW2_Speed.dir/Core/Src/spi.c.obj
                0x20000084                hspi1
 .bss.htim4     0x200000dc       0x48 CMakeFiles/HW2_Speed.dir/Core/Src/tim.c.obj
                0x200000dc                htim4
 .bss.htim6     0x20000124       0x48 CMakeFiles/HW2_Speed.dir/Core/Src/tim.c.obj
                0x20000124                htim6
 .bss.htim10    0x2000016c       0x48 CMakeFiles/HW2_Speed.dir/Core/Src/tim.c.obj
                0x2000016c                htim10
 .bss.huart1    0x200001b4       0x48 CMakeFiles/HW2_Speed.dir/Core/Src/usart.c.obj
                0x200001b4                huart1
 .bss.huart3    0x200001fc       0x48 CMakeFiles/HW2_Speed.dir/Core/Src/usart.c.obj
                0x200001fc                huart3
 .bss.huart6    0x20000244       0x48 CMakeFiles/HW2_Speed.dir/Core/Src/usart.c.obj
                0x20000244                huart6
 .bss.hdma_usart1_tx
                0x2000028c       0x60 CMakeFiles/HW2_Speed.dir/Core/Src/usart.c.obj
                0x2000028c                hdma_usart1_tx
 .bss.hdma_usart3_rx
                0x200002ec       0x60 CMakeFiles/HW2_Speed.dir/Core/Src/usart.c.obj
                0x200002ec                hdma_usart3_rx
 .bss.hdma_usart6_rx
                0x2000034c       0x60 CMakeFiles/HW2_Speed.dir/Core/Src/usart.c.obj
                0x2000034c                hdma_usart6_rx
 .bss.hdma_usart6_tx
                0x200003ac       0x60 CMakeFiles/HW2_Speed.dir/Core/Src/usart.c.obj
                0x200003ac                hdma_usart6_tx
 .bss.motor1    0x2000040c       0x88 CMakeFiles/HW2_Speed.dir/Tasks/task.cpp.obj
                0x2000040c                motor1
 *fill*         0x20000494        0x4 
 .bss.serial_plot
                0x20000498       0x58 CMakeFiles/HW2_Speed.dir/Tasks/task.cpp.obj
                0x20000498                serial_plot
 .bss.g_now_angle
                0x200004f0        0x4 CMakeFiles/HW2_Speed.dir/Tasks/task.cpp.obj
                0x200004f0                g_now_angle
 .bss.g_now_omega
                0x200004f4        0x4 CMakeFiles/HW2_Speed.dir/Tasks/task.cpp.obj
                0x200004f4                g_now_omega
 .bss.g_target_angle
                0x200004f8        0x4 CMakeFiles/HW2_Speed.dir/Tasks/task.cpp.obj
                0x200004f8                g_target_angle
 .bss._ZZ29HAL_TIM_PeriodElapsedCallbackE3cnt
                0x200004fc        0x4 CMakeFiles/HW2_Speed.dir/Tasks/task.cpp.obj
 .bss.UART1_Manage_Object
                0x20000500       0x10 CMakeFiles/HW2_Speed.dir/Resources/drv_uart.cpp.obj
                0x20000500                UART1_Manage_Object
 .bss.UART2_Manage_Object
                0x20000510       0x10 CMakeFiles/HW2_Speed.dir/Resources/drv_uart.cpp.obj
                0x20000510                UART2_Manage_Object
 .bss.UART3_Manage_Object
                0x20000520       0x10 CMakeFiles/HW2_Speed.dir/Resources/drv_uart.cpp.obj
                0x20000520                UART3_Manage_Object
 .bss.UART4_Manage_Object
                0x20000530       0x10 CMakeFiles/HW2_Speed.dir/Resources/drv_uart.cpp.obj
                0x20000530                UART4_Manage_Object
 .bss.UART5_Manage_Object
                0x20000540       0x10 CMakeFiles/HW2_Speed.dir/Resources/drv_uart.cpp.obj
                0x20000540                UART5_Manage_Object
 .bss.UART6_Manage_Object
                0x20000550       0x10 CMakeFiles/HW2_Speed.dir/Resources/drv_uart.cpp.obj
                0x20000550                UART6_Manage_Object
 *(COMMON)
                0x20000560                . = ALIGN (0x4)
                0x20000560                _ebss = .
                0x20000560                __bss_end__ = _ebss
                [!provide]                PROVIDE (__bss_end = .)
                [!provide]                PROVIDE (__non_tls_bss_start = ADDR (.bss))
                [!provide]                PROVIDE (__bss_start = __tbss_start)
                [!provide]                PROVIDE (__bss_size = (__bss_end - __bss_start))

._user_heap_stack
                0x20000560      0x600 load address 0x08008f4c
                0x20000560                . = ALIGN (0x8)
                [!provide]                PROVIDE (end = .)
                0x20000560                PROVIDE (_end = .)
                0x20000760                . = (. + _Min_Heap_Size)
 *fill*         0x20000560      0x200 
                0x20000b60                . = (. + _Min_Stack_Size)
 *fill*         0x20000760      0x400 
                0x20000b60                . = ALIGN (0x8)

/DISCARD/
 libc.a:*(*)
 libm.a:*(*)
 libgcc.a:*(*)
OUTPUT(D:\files\25-26Autumn\Competition\RM\homework\HW2\HW2_Angle\build\HW2_Speed.elf elf32-littlearm)
LOAD linker stubs

.ARM.attributes
                0x00000000       0x30
 .ARM.attributes
                0x00000000       0x1e c:/users/xiaom/.eide/tools/gcc_arm/bin/../lib/gcc/arm-none-eabi/10.2.1/thumb/v7e-m+fp/hard/crti.o
 .ARM.attributes
                0x0000001e       0x34 c:/users/xiaom/.eide/tools/gcc_arm/bin/../lib/gcc/arm-none-eabi/10.2.1/thumb/v7e-m+fp/hard/crtbegin.o
 .ARM.attributes
                0x00000052       0x34 cmake/stm32cubemx/CMakeFiles/STM32_Drivers.dir/__/__/Core/Src/system_stm32f4xx.c.obj
 .ARM.attributes
                0x00000086       0x34 cmake/stm32cubemx/CMakeFiles/STM32_Drivers.dir/__/__/Drivers/STM32F4xx_HAL_Driver/Src/stm32f4xx_hal_can.c.obj
 .ARM.attributes
                0x000000ba       0x34 cmake/stm32cubemx/CMakeFiles/STM32_Drivers.dir/__/__/Drivers/STM32F4xx_HAL_Driver/Src/stm32f4xx_hal_rcc.c.obj
 .ARM.attributes
                0x000000ee       0x34 cmake/stm32cubemx/CMakeFiles/STM32_Drivers.dir/__/__/Drivers/STM32F4xx_HAL_Driver/Src/stm32f4xx_hal_gpio.c.obj
 .ARM.attributes
                0x00000122       0x34 cmake/stm32cubemx/CMakeFiles/STM32_Drivers.dir/__/__/Drivers/STM32F4xx_HAL_Driver/Src/stm32f4xx_hal_dma.c.obj
 .ARM.attributes
                0x00000156       0x34 cmake/stm32cubemx/CMakeFiles/STM32_Drivers.dir/__/__/Drivers/STM32F4xx_HAL_Driver/Src/stm32f4xx_hal_cortex.c.obj
 .ARM.attributes
                0x0000018a       0x34 cmake/stm32cubemx/CMakeFiles/STM32_Drivers.dir/__/__/Drivers/STM32F4xx_HAL_Driver/Src/stm32f4xx_hal.c.obj
 .ARM.attributes
                0x000001be       0x34 cmake/stm32cubemx/CMakeFiles/STM32_Drivers.dir/__/__/Drivers/STM32F4xx_HAL_Driver/Src/stm32f4xx_hal_spi.c.obj
 .ARM.attributes
                0x000001f2       0x34 cmake/stm32cubemx/CMakeFiles/STM32_Drivers.dir/__/__/Drivers/STM32F4xx_HAL_Driver/Src/stm32f4xx_hal_tim.c.obj
 .ARM.attributes
                0x00000226       0x34 cmake/stm32cubemx/CMakeFiles/STM32_Drivers.dir/__/__/Drivers/STM32F4xx_HAL_Driver/Src/stm32f4xx_hal_tim_ex.c.obj
 .ARM.attributes
                0x0000025a       0x34 cmake/stm32cubemx/CMakeFiles/STM32_Drivers.dir/__/__/Drivers/STM32F4xx_HAL_Driver/Src/stm32f4xx_hal_uart.c.obj
 .ARM.attributes
                0x0000028e       0x34 CMakeFiles/HW2_Speed.dir/Core/Src/can.c.obj
 .ARM.attributes
                0x000002c2       0x34 CMakeFiles/HW2_Speed.dir/Core/Src/dma.c.obj
 .ARM.attributes
                0x000002f6       0x34 CMakeFiles/HW2_Speed.dir/Core/Src/gpio.c.obj
 .ARM.attributes
                0x0000032a       0x34 CMakeFiles/HW2_Speed.dir/Core/Src/main.c.obj
 .ARM.attributes
                0x0000035e       0x34 CMakeFiles/HW2_Speed.dir/Core/Src/spi.c.obj
 .ARM.attributes
                0x00000392       0x34 CMakeFiles/HW2_Speed.dir/Core/Src/stm32f4xx_hal_msp.c.obj
 .ARM.attributes
                0x000003c6       0x34 CMakeFiles/HW2_Speed.dir/Core/Src/stm32f4xx_it.c.obj
 .ARM.attributes
                0x000003fa       0x34 CMakeFiles/HW2_Speed.dir/Core/Src/tim.c.obj
 .ARM.attributes
                0x0000042e       0x34 CMakeFiles/HW2_Speed.dir/Core/Src/usart.c.obj
 .ARM.attributes
                0x00000462       0x34 CMakeFiles/HW2_Speed.dir/Tasks/task.cpp.obj
 .ARM.attributes
                0x00000496       0x34 CMakeFiles/HW2_Speed.dir/Resources/HW_can.cpp.obj
 .ARM.attributes
                0x000004ca       0x34 CMakeFiles/HW2_Speed.dir/Resources/drv_uart.cpp.obj
 .ARM.attributes
                0x000004fe       0x34 CMakeFiles/HW2_Speed.dir/Resources/dvc_serialplot.cpp.obj
 .ARM.attributes
                0x00000532       0x34 CMakeFiles/HW2_Speed.dir/Resources/motor.cpp.obj
 .ARM.attributes
                0x00000566       0x34 CMakeFiles/HW2_Speed.dir/Resources/pid.cpp.obj
 .ARM.attributes
                0x0000059a       0x21 CMakeFiles/HW2_Speed.dir/startup_stm32f407xx.s.obj
 .ARM.attributes
                0x000005bb       0x1e c:/users/xiaom/.eide/tools/gcc_arm/bin/../lib/gcc/arm-none-eabi/10.2.1/thumb/v7e-m+fp/hard\libgcc.a(_arm_addsubdf3.o)
 .ARM.attributes
                0x000005d9       0x1e c:/users/xiaom/.eide/tools/gcc_arm/bin/../lib/gcc/arm-none-eabi/10.2.1/thumb/v7e-m+fp/hard\libgcc.a(_arm_muldivdf3.o)
 .ARM.attributes
                0x000005f7       0x1e c:/users/xiaom/.eide/tools/gcc_arm/bin/../lib/gcc/arm-none-eabi/10.2.1/thumb/v7e-m+fp/hard\libgcc.a(_arm_truncdfsf2.o)
 .ARM.attributes
                0x00000615       0x1e c:/users/xiaom/.eide/tools/gcc_arm/bin/../lib/gcc/arm-none-eabi/10.2.1/thumb/v7e-m+fp/hard\libgcc.a(_aeabi_uldivmod.o)
 .ARM.attributes
                0x00000633       0x34 c:/users/xiaom/.eide/tools/gcc_arm/bin/../lib/gcc/arm-none-eabi/10.2.1/thumb/v7e-m+fp/hard\libgcc.a(_udivmoddi4.o)
 .ARM.attributes
                0x00000667       0x1e c:/users/xiaom/.eide/tools/gcc_arm/bin/../lib/gcc/arm-none-eabi/10.2.1/thumb/v7e-m+fp/hard\libgcc.a(_dvmd_tls.o)
 .ARM.attributes
                0x00000685       0x34 c:/users/xiaom/.eide/tools/gcc_arm/bin/../lib/gcc/arm-none-eabi/10.2.1/../../../../arm-none-eabi/lib/thumb/v7e-m+fp/hard\libg_nano.a(lib_a-init.o)
 .ARM.attributes
                0x000006b9       0x34 c:/users/xiaom/.eide/tools/gcc_arm/bin/../lib/gcc/arm-none-eabi/10.2.1/../../../../arm-none-eabi/lib/thumb/v7e-m+fp/hard\libg_nano.a(lib_a-memset.o)
 .ARM.attributes
                0x000006ed       0x1e c:/users/xiaom/.eide/tools/gcc_arm/bin/../lib/gcc/arm-none-eabi/10.2.1/thumb/v7e-m+fp/hard/crtn.o

.comment        0x00000000       0x4d
 .comment       0x00000000       0x4d cmake/stm32cubemx/CMakeFiles/STM32_Drivers.dir/__/__/Core/Src/system_stm32f4xx.c.obj
                                 0x4e (size before relaxing)
 .comment       0x0000004d       0x4e cmake/stm32cubemx/CMakeFiles/STM32_Drivers.dir/__/__/Drivers/STM32F4xx_HAL_Driver/Src/stm32f4xx_hal_can.c.obj
 .comment       0x0000004d       0x4e cmake/stm32cubemx/CMakeFiles/STM32_Drivers.dir/__/__/Drivers/STM32F4xx_HAL_Driver/Src/stm32f4xx_hal_rcc.c.obj
 .comment       0x0000004d       0x4e cmake/stm32cubemx/CMakeFiles/STM32_Drivers.dir/__/__/Drivers/STM32F4xx_HAL_Driver/Src/stm32f4xx_hal_gpio.c.obj
 .comment       0x0000004d       0x4e cmake/stm32cubemx/CMakeFiles/STM32_Drivers.dir/__/__/Drivers/STM32F4xx_HAL_Driver/Src/stm32f4xx_hal_dma.c.obj
 .comment       0x0000004d       0x4e cmake/stm32cubemx/CMakeFiles/STM32_Drivers.dir/__/__/Drivers/STM32F4xx_HAL_Driver/Src/stm32f4xx_hal_cortex.c.obj
 .comment       0x0000004d       0x4e cmake/stm32cubemx/CMakeFiles/STM32_Drivers.dir/__/__/Drivers/STM32F4xx_HAL_Driver/Src/stm32f4xx_hal.c.obj
 .comment       0x0000004d       0x4e cmake/stm32cubemx/CMakeFiles/STM32_Drivers.dir/__/__/Drivers/STM32F4xx_HAL_Driver/Src/stm32f4xx_hal_spi.c.obj
 .comment       0x0000004d       0x4e cmake/stm32cubemx/CMakeFiles/STM32_Drivers.dir/__/__/Drivers/STM32F4xx_HAL_Driver/Src/stm32f4xx_hal_tim.c.obj
 .comment       0x0000004d       0x4e cmake/stm32cubemx/CMakeFiles/STM32_Drivers.dir/__/__/Drivers/STM32F4xx_HAL_Driver/Src/stm32f4xx_hal_tim_ex.c.obj
 .comment       0x0000004d       0x4e cmake/stm32cubemx/CMakeFiles/STM32_Drivers.dir/__/__/Drivers/STM32F4xx_HAL_Driver/Src/stm32f4xx_hal_uart.c.obj
 .comment       0x0000004d       0x4e CMakeFiles/HW2_Speed.dir/Core/Src/can.c.obj
 .comment       0x0000004d       0x4e CMakeFiles/HW2_Speed.dir/Core/Src/dma.c.obj
 .comment       0x0000004d       0x4e CMakeFiles/HW2_Speed.dir/Core/Src/gpio.c.obj
 .comment       0x0000004d       0x4e CMakeFiles/HW2_Speed.dir/Core/Src/main.c.obj
 .comment       0x0000004d       0x4e CMakeFiles/HW2_Speed.dir/Core/Src/spi.c.obj
 .comment       0x0000004d       0x4e CMakeFiles/HW2_Speed.dir/Core/Src/stm32f4xx_hal_msp.c.obj
 .comment       0x0000004d       0x4e CMakeFiles/HW2_Speed.dir/Core/Src/stm32f4xx_it.c.obj
 .comment       0x0000004d       0x4e CMakeFiles/HW2_Speed.dir/Core/Src/tim.c.obj
 .comment       0x0000004d       0x4e CMakeFiles/HW2_Speed.dir/Core/Src/usart.c.obj
 .comment       0x0000004d       0x4e CMakeFiles/HW2_Speed.dir/Tasks/task.cpp.obj
 .comment       0x0000004d       0x4e CMakeFiles/HW2_Speed.dir/Resources/HW_can.cpp.obj
 .comment       0x0000004d       0x4e CMakeFiles/HW2_Speed.dir/Resources/drv_uart.cpp.obj
 .comment       0x0000004d       0x4e CMakeFiles/HW2_Speed.dir/Resources/dvc_serialplot.cpp.obj
 .comment       0x0000004d       0x4e CMakeFiles/HW2_Speed.dir/Resources/motor.cpp.obj
 .comment       0x0000004d       0x4e CMakeFiles/HW2_Speed.dir/Resources/pid.cpp.obj

.debug_info     0x00000000    0x1bdb2
 .debug_info    0x00000000      0x523 cmake/stm32cubemx/CMakeFiles/STM32_Drivers.dir/__/__/Core/Src/system_stm32f4xx.c.obj
 .debug_info    0x00000523     0x1001 cmake/stm32cubemx/CMakeFiles/STM32_Drivers.dir/__/__/Drivers/STM32F4xx_HAL_Driver/Src/stm32f4xx_hal_can.c.obj
 .debug_info    0x00001524      0x937 cmake/stm32cubemx/CMakeFiles/STM32_Drivers.dir/__/__/Drivers/STM32F4xx_HAL_Driver/Src/stm32f4xx_hal_rcc.c.obj
 .debug_info    0x00001e5b      0x76a cmake/stm32cubemx/CMakeFiles/STM32_Drivers.dir/__/__/Drivers/STM32F4xx_HAL_Driver/Src/stm32f4xx_hal_gpio.c.obj
 .debug_info    0x000025c5      0x943 cmake/stm32cubemx/CMakeFiles/STM32_Drivers.dir/__/__/Drivers/STM32F4xx_HAL_Driver/Src/stm32f4xx_hal_dma.c.obj
 .debug_info    0x00002f08      0xe7b cmake/stm32cubemx/CMakeFiles/STM32_Drivers.dir/__/__/Drivers/STM32F4xx_HAL_Driver/Src/stm32f4xx_hal_cortex.c.obj
 .debug_info    0x00003d83      0x941 cmake/stm32cubemx/CMakeFiles/STM32_Drivers.dir/__/__/Drivers/STM32F4xx_HAL_Driver/Src/stm32f4xx_hal.c.obj
 .debug_info    0x000046c4     0x1609 cmake/stm32cubemx/CMakeFiles/STM32_Drivers.dir/__/__/Drivers/STM32F4xx_HAL_Driver/Src/stm32f4xx_hal_spi.c.obj
 .debug_info    0x00005ccd     0x2ba6 cmake/stm32cubemx/CMakeFiles/STM32_Drivers.dir/__/__/Drivers/STM32F4xx_HAL_Driver/Src/stm32f4xx_hal_tim.c.obj
 .debug_info    0x00008873     0x14f3 cmake/stm32cubemx/CMakeFiles/STM32_Drivers.dir/__/__/Drivers/STM32F4xx_HAL_Driver/Src/stm32f4xx_hal_tim_ex.c.obj
 .debug_info    0x00009d66     0x30c0 cmake/stm32cubemx/CMakeFiles/STM32_Drivers.dir/__/__/Drivers/STM32F4xx_HAL_Driver/Src/stm32f4xx_hal_uart.c.obj
 .debug_info    0x0000ce26      0xb0d CMakeFiles/HW2_Speed.dir/Core/Src/can.c.obj
 .debug_info    0x0000d933      0x4cd CMakeFiles/HW2_Speed.dir/Core/Src/dma.c.obj
 .debug_info    0x0000de00      0x4b7 CMakeFiles/HW2_Speed.dir/Core/Src/gpio.c.obj
 .debug_info    0x0000e2b7      0x4ed CMakeFiles/HW2_Speed.dir/Core/Src/main.c.obj
 .debug_info    0x0000e7a4      0x9ae CMakeFiles/HW2_Speed.dir/Core/Src/spi.c.obj
 .debug_info    0x0000f152      0x2a8 CMakeFiles/HW2_Speed.dir/Core/Src/stm32f4xx_hal_msp.c.obj
 .debug_info    0x0000f3fa      0xe73 CMakeFiles/HW2_Speed.dir/Core/Src/stm32f4xx_it.c.obj
 .debug_info    0x0001026d      0xe73 CMakeFiles/HW2_Speed.dir/Core/Src/tim.c.obj
 .debug_info    0x000110e0      0xcb1 CMakeFiles/HW2_Speed.dir/Core/Src/usart.c.obj
 .debug_info    0x00011d91     0x325d CMakeFiles/HW2_Speed.dir/Tasks/task.cpp.obj
 .debug_info    0x00014fee     0x270d CMakeFiles/HW2_Speed.dir/Resources/HW_can.cpp.obj
 .debug_info    0x000176fb      0x946 CMakeFiles/HW2_Speed.dir/Resources/drv_uart.cpp.obj
 .debug_info    0x00018041     0x27a7 CMakeFiles/HW2_Speed.dir/Resources/dvc_serialplot.cpp.obj
 .debug_info    0x0001a7e8     0x1062 CMakeFiles/HW2_Speed.dir/Resources/motor.cpp.obj
 .debug_info    0x0001b84a      0x546 CMakeFiles/HW2_Speed.dir/Resources/pid.cpp.obj
 .debug_info    0x0001bd90       0x22 CMakeFiles/HW2_Speed.dir/startup_stm32f407xx.s.obj

.debug_abbrev   0x00000000     0x3a0d
 .debug_abbrev  0x00000000      0x116 cmake/stm32cubemx/CMakeFiles/STM32_Drivers.dir/__/__/Core/Src/system_stm32f4xx.c.obj
 .debug_abbrev  0x00000116      0x237 cmake/stm32cubemx/CMakeFiles/STM32_Drivers.dir/__/__/Drivers/STM32F4xx_HAL_Driver/Src/stm32f4xx_hal_can.c.obj
 .debug_abbrev  0x0000034d      0x262 cmake/stm32cubemx/CMakeFiles/STM32_Drivers.dir/__/__/Drivers/STM32F4xx_HAL_Driver/Src/stm32f4xx_hal_rcc.c.obj
 .debug_abbrev  0x000005af      0x1c4 cmake/stm32cubemx/CMakeFiles/STM32_Drivers.dir/__/__/Drivers/STM32F4xx_HAL_Driver/Src/stm32f4xx_hal_gpio.c.obj
 .debug_abbrev  0x00000773      0x246 cmake/stm32cubemx/CMakeFiles/STM32_Drivers.dir/__/__/Drivers/STM32F4xx_HAL_Driver/Src/stm32f4xx_hal_dma.c.obj
 .debug_abbrev  0x000009b9      0x30d cmake/stm32cubemx/CMakeFiles/STM32_Drivers.dir/__/__/Drivers/STM32F4xx_HAL_Driver/Src/stm32f4xx_hal_cortex.c.obj
 .debug_abbrev  0x00000cc6      0x1da cmake/stm32cubemx/CMakeFiles/STM32_Drivers.dir/__/__/Drivers/STM32F4xx_HAL_Driver/Src/stm32f4xx_hal.c.obj
 .debug_abbrev  0x00000ea0      0x23a cmake/stm32cubemx/CMakeFiles/STM32_Drivers.dir/__/__/Drivers/STM32F4xx_HAL_Driver/Src/stm32f4xx_hal_spi.c.obj
 .debug_abbrev  0x000010da      0x238 cmake/stm32cubemx/CMakeFiles/STM32_Drivers.dir/__/__/Drivers/STM32F4xx_HAL_Driver/Src/stm32f4xx_hal_tim.c.obj
 .debug_abbrev  0x00001312      0x240 cmake/stm32cubemx/CMakeFiles/STM32_Drivers.dir/__/__/Drivers/STM32F4xx_HAL_Driver/Src/stm32f4xx_hal_tim_ex.c.obj
 .debug_abbrev  0x00001552      0x2b3 cmake/stm32cubemx/CMakeFiles/STM32_Drivers.dir/__/__/Drivers/STM32F4xx_HAL_Driver/Src/stm32f4xx_hal_uart.c.obj
 .debug_abbrev  0x00001805      0x1b3 CMakeFiles/HW2_Speed.dir/Core/Src/can.c.obj
 .debug_abbrev  0x000019b8       0xf9 CMakeFiles/HW2_Speed.dir/Core/Src/dma.c.obj
 .debug_abbrev  0x00001ab1      0x121 CMakeFiles/HW2_Speed.dir/Core/Src/gpio.c.obj
 .debug_abbrev  0x00001bd2      0x197 CMakeFiles/HW2_Speed.dir/Core/Src/main.c.obj
 .debug_abbrev  0x00001d69      0x1a8 CMakeFiles/HW2_Speed.dir/Core/Src/spi.c.obj
 .debug_abbrev  0x00001f11       0xd4 CMakeFiles/HW2_Speed.dir/Core/Src/stm32f4xx_hal_msp.c.obj
 .debug_abbrev  0x00001fe5      0x1bf CMakeFiles/HW2_Speed.dir/Core/Src/stm32f4xx_it.c.obj
 .debug_abbrev  0x000021a4      0x1bd CMakeFiles/HW2_Speed.dir/Core/Src/tim.c.obj
 .debug_abbrev  0x00002361      0x1f1 CMakeFiles/HW2_Speed.dir/Core/Src/usart.c.obj
 .debug_abbrev  0x00002552      0x53e CMakeFiles/HW2_Speed.dir/Tasks/task.cpp.obj
 .debug_abbrev  0x00002a90      0x440 CMakeFiles/HW2_Speed.dir/Resources/HW_can.cpp.obj
 .debug_abbrev  0x00002ed0      0x1d2 CMakeFiles/HW2_Speed.dir/Resources/drv_uart.cpp.obj
 .debug_abbrev  0x000030a2      0x481 CMakeFiles/HW2_Speed.dir/Resources/dvc_serialplot.cpp.obj
 .debug_abbrev  0x00003523      0x3bd CMakeFiles/HW2_Speed.dir/Resources/motor.cpp.obj
 .debug_abbrev  0x000038e0      0x11b CMakeFiles/HW2_Speed.dir/Resources/pid.cpp.obj
 .debug_abbrev  0x000039fb       0x12 CMakeFiles/HW2_Speed.dir/startup_stm32f407xx.s.obj

.debug_aranges  0x00000000     0x1270
 .debug_aranges
                0x00000000       0x28 cmake/stm32cubemx/CMakeFiles/STM32_Drivers.dir/__/__/Core/Src/system_stm32f4xx.c.obj
 .debug_aranges
                0x00000028      0x138 cmake/stm32cubemx/CMakeFiles/STM32_Drivers.dir/__/__/Drivers/STM32F4xx_HAL_Driver/Src/stm32f4xx_hal_can.c.obj
 .debug_aranges
                0x00000160       0x88 cmake/stm32cubemx/CMakeFiles/STM32_Drivers.dir/__/__/Drivers/STM32F4xx_HAL_Driver/Src/stm32f4xx_hal_rcc.c.obj
 .debug_aranges
                0x000001e8       0x58 cmake/stm32cubemx/CMakeFiles/STM32_Drivers.dir/__/__/Drivers/STM32F4xx_HAL_Driver/Src/stm32f4xx_hal_gpio.c.obj
 .debug_aranges
                0x00000240       0x90 cmake/stm32cubemx/CMakeFiles/STM32_Drivers.dir/__/__/Drivers/STM32F4xx_HAL_Driver/Src/stm32f4xx_hal_dma.c.obj
 .debug_aranges
                0x000002d0      0x130 cmake/stm32cubemx/CMakeFiles/STM32_Drivers.dir/__/__/Drivers/STM32F4xx_HAL_Driver/Src/stm32f4xx_hal_cortex.c.obj
 .debug_aranges
                0x00000400       0xf0 cmake/stm32cubemx/CMakeFiles/STM32_Drivers.dir/__/__/Drivers/STM32F4xx_HAL_Driver/Src/stm32f4xx_hal.c.obj
 .debug_aranges
                0x000004f0      0x1d0 cmake/stm32cubemx/CMakeFiles/STM32_Drivers.dir/__/__/Drivers/STM32F4xx_HAL_Driver/Src/stm32f4xx_hal_spi.c.obj
 .debug_aranges
                0x000006c0      0x3d0 cmake/stm32cubemx/CMakeFiles/STM32_Drivers.dir/__/__/Drivers/STM32F4xx_HAL_Driver/Src/stm32f4xx_hal_tim.c.obj
 .debug_aranges
                0x00000a90      0x168 cmake/stm32cubemx/CMakeFiles/STM32_Drivers.dir/__/__/Drivers/STM32F4xx_HAL_Driver/Src/stm32f4xx_hal_tim_ex.c.obj
 .debug_aranges
                0x00000bf8      0x208 cmake/stm32cubemx/CMakeFiles/STM32_Drivers.dir/__/__/Drivers/STM32F4xx_HAL_Driver/Src/stm32f4xx_hal_uart.c.obj
 .debug_aranges
                0x00000e00       0x38 CMakeFiles/HW2_Speed.dir/Core/Src/can.c.obj
 .debug_aranges
                0x00000e38       0x20 CMakeFiles/HW2_Speed.dir/Core/Src/dma.c.obj
 .debug_aranges
                0x00000e58       0x20 CMakeFiles/HW2_Speed.dir/Core/Src/gpio.c.obj
 .debug_aranges
                0x00000e78       0x38 CMakeFiles/HW2_Speed.dir/Core/Src/main.c.obj
 .debug_aranges
                0x00000eb0       0x30 CMakeFiles/HW2_Speed.dir/Core/Src/spi.c.obj
 .debug_aranges
                0x00000ee0       0x20 CMakeFiles/HW2_Speed.dir/Core/Src/stm32f4xx_hal_msp.c.obj
 .debug_aranges
                0x00000f00       0xa8 CMakeFiles/HW2_Speed.dir/Core/Src/stm32f4xx_it.c.obj
 .debug_aranges
                0x00000fa8       0x48 CMakeFiles/HW2_Speed.dir/Core/Src/tim.c.obj
 .debug_aranges
                0x00000ff0       0x40 CMakeFiles/HW2_Speed.dir/Core/Src/usart.c.obj
 .debug_aranges
                0x00001030       0x60 CMakeFiles/HW2_Speed.dir/Tasks/task.cpp.obj
 .debug_aranges
                0x00001090       0x30 CMakeFiles/HW2_Speed.dir/Resources/HW_can.cpp.obj
 .debug_aranges
                0x000010c0       0x38 CMakeFiles/HW2_Speed.dir/Resources/drv_uart.cpp.obj
 .debug_aranges
                0x000010f8       0x68 CMakeFiles/HW2_Speed.dir/Resources/dvc_serialplot.cpp.obj
 .debug_aranges
                0x00001160       0x70 CMakeFiles/HW2_Speed.dir/Resources/motor.cpp.obj
 .debug_aranges
                0x000011d0       0x78 CMakeFiles/HW2_Speed.dir/Resources/pid.cpp.obj
 .debug_aranges
                0x00001248       0x28 CMakeFiles/HW2_Speed.dir/startup_stm32f407xx.s.obj

.debug_ranges   0x00000000     0x10f8
 .debug_ranges  0x00000000       0x18 cmake/stm32cubemx/CMakeFiles/STM32_Drivers.dir/__/__/Core/Src/system_stm32f4xx.c.obj
 .debug_ranges  0x00000018      0x128 cmake/stm32cubemx/CMakeFiles/STM32_Drivers.dir/__/__/Drivers/STM32F4xx_HAL_Driver/Src/stm32f4xx_hal_can.c.obj
 .debug_ranges  0x00000140       0x78 cmake/stm32cubemx/CMakeFiles/STM32_Drivers.dir/__/__/Drivers/STM32F4xx_HAL_Driver/Src/stm32f4xx_hal_rcc.c.obj
 .debug_ranges  0x000001b8       0x48 cmake/stm32cubemx/CMakeFiles/STM32_Drivers.dir/__/__/Drivers/STM32F4xx_HAL_Driver/Src/stm32f4xx_hal_gpio.c.obj
 .debug_ranges  0x00000200       0x80 cmake/stm32cubemx/CMakeFiles/STM32_Drivers.dir/__/__/Drivers/STM32F4xx_HAL_Driver/Src/stm32f4xx_hal_dma.c.obj
 .debug_ranges  0x00000280      0x120 cmake/stm32cubemx/CMakeFiles/STM32_Drivers.dir/__/__/Drivers/STM32F4xx_HAL_Driver/Src/stm32f4xx_hal_cortex.c.obj
 .debug_ranges  0x000003a0       0xe0 cmake/stm32cubemx/CMakeFiles/STM32_Drivers.dir/__/__/Drivers/STM32F4xx_HAL_Driver/Src/stm32f4xx_hal.c.obj
 .debug_ranges  0x00000480      0x1c0 cmake/stm32cubemx/CMakeFiles/STM32_Drivers.dir/__/__/Drivers/STM32F4xx_HAL_Driver/Src/stm32f4xx_hal_spi.c.obj
 .debug_ranges  0x00000640      0x3c0 cmake/stm32cubemx/CMakeFiles/STM32_Drivers.dir/__/__/Drivers/STM32F4xx_HAL_Driver/Src/stm32f4xx_hal_tim.c.obj
 .debug_ranges  0x00000a00      0x158 cmake/stm32cubemx/CMakeFiles/STM32_Drivers.dir/__/__/Drivers/STM32F4xx_HAL_Driver/Src/stm32f4xx_hal_tim_ex.c.obj
 .debug_ranges  0x00000b58      0x228 cmake/stm32cubemx/CMakeFiles/STM32_Drivers.dir/__/__/Drivers/STM32F4xx_HAL_Driver/Src/stm32f4xx_hal_uart.c.obj
 .debug_ranges  0x00000d80       0x28 CMakeFiles/HW2_Speed.dir/Core/Src/can.c.obj
 .debug_ranges  0x00000da8       0x10 CMakeFiles/HW2_Speed.dir/Core/Src/dma.c.obj
 .debug_ranges  0x00000db8       0x10 CMakeFiles/HW2_Speed.dir/Core/Src/gpio.c.obj
 .debug_ranges  0x00000dc8       0x28 CMakeFiles/HW2_Speed.dir/Core/Src/main.c.obj
 .debug_ranges  0x00000df0       0x20 CMakeFiles/HW2_Speed.dir/Core/Src/spi.c.obj
 .debug_ranges  0x00000e10       0x10 CMakeFiles/HW2_Speed.dir/Core/Src/stm32f4xx_hal_msp.c.obj
 .debug_ranges  0x00000e20       0x98 CMakeFiles/HW2_Speed.dir/Core/Src/stm32f4xx_it.c.obj
 .debug_ranges  0x00000eb8       0x38 CMakeFiles/HW2_Speed.dir/Core/Src/tim.c.obj
 .debug_ranges  0x00000ef0       0x30 CMakeFiles/HW2_Speed.dir/Core/Src/usart.c.obj
 .debug_ranges  0x00000f20       0x50 CMakeFiles/HW2_Speed.dir/Tasks/task.cpp.obj
 .debug_ranges  0x00000f70       0x20 CMakeFiles/HW2_Speed.dir/Resources/HW_can.cpp.obj
 .debug_ranges  0x00000f90       0x28 CMakeFiles/HW2_Speed.dir/Resources/drv_uart.cpp.obj
 .debug_ranges  0x00000fb8       0x58 CMakeFiles/HW2_Speed.dir/Resources/dvc_serialplot.cpp.obj
 .debug_ranges  0x00001010       0x60 CMakeFiles/HW2_Speed.dir/Resources/motor.cpp.obj
 .debug_ranges  0x00001070       0x68 CMakeFiles/HW2_Speed.dir/Resources/pid.cpp.obj
 .debug_ranges  0x000010d8       0x20 CMakeFiles/HW2_Speed.dir/startup_stm32f407xx.s.obj

.debug_macro    0x00000000    0x26f3f
 .debug_macro   0x00000000      0x1e2 cmake/stm32cubemx/CMakeFiles/STM32_Drivers.dir/__/__/Core/Src/system_stm32f4xx.c.obj
 .debug_macro   0x000001e2      0xa7e cmake/stm32cubemx/CMakeFiles/STM32_Drivers.dir/__/__/Core/Src/system_stm32f4xx.c.obj
 .debug_macro   0x00000c60       0x2e cmake/stm32cubemx/CMakeFiles/STM32_Drivers.dir/__/__/Core/Src/system_stm32f4xx.c.obj
 .debug_macro   0x00000c8e       0x2f cmake/stm32cubemx/CMakeFiles/STM32_Drivers.dir/__/__/Core/Src/system_stm32f4xx.c.obj
 .debug_macro   0x00000cbd       0x22 cmake/stm32cubemx/CMakeFiles/STM32_Drivers.dir/__/__/Core/Src/system_stm32f4xx.c.obj
 .debug_macro   0x00000cdf       0x8e cmake/stm32cubemx/CMakeFiles/STM32_Drivers.dir/__/__/Core/Src/system_stm32f4xx.c.obj
 .debug_macro   0x00000d6d       0x51 cmake/stm32cubemx/CMakeFiles/STM32_Drivers.dir/__/__/Core/Src/system_stm32f4xx.c.obj
 .debug_macro   0x00000dbe      0x103 cmake/stm32cubemx/CMakeFiles/STM32_Drivers.dir/__/__/Core/Src/system_stm32f4xx.c.obj
 .debug_macro   0x00000ec1       0x6a cmake/stm32cubemx/CMakeFiles/STM32_Drivers.dir/__/__/Core/Src/system_stm32f4xx.c.obj
 .debug_macro   0x00000f2b      0x1df cmake/stm32cubemx/CMakeFiles/STM32_Drivers.dir/__/__/Core/Src/system_stm32f4xx.c.obj
 .debug_macro   0x0000110a       0x1c cmake/stm32cubemx/CMakeFiles/STM32_Drivers.dir/__/__/Core/Src/system_stm32f4xx.c.obj
 .debug_macro   0x00001126       0x22 cmake/stm32cubemx/CMakeFiles/STM32_Drivers.dir/__/__/Core/Src/system_stm32f4xx.c.obj
 .debug_macro   0x00001148       0xfb cmake/stm32cubemx/CMakeFiles/STM32_Drivers.dir/__/__/Core/Src/system_stm32f4xx.c.obj
 .debug_macro   0x00001243     0x1011 cmake/stm32cubemx/CMakeFiles/STM32_Drivers.dir/__/__/Core/Src/system_stm32f4xx.c.obj
 .debug_macro   0x00002254      0x11f cmake/stm32cubemx/CMakeFiles/STM32_Drivers.dir/__/__/Core/Src/system_stm32f4xx.c.obj
 .debug_macro   0x00002373    0x15ea5 cmake/stm32cubemx/CMakeFiles/STM32_Drivers.dir/__/__/Core/Src/system_stm32f4xx.c.obj
 .debug_macro   0x00018218       0x6d cmake/stm32cubemx/CMakeFiles/STM32_Drivers.dir/__/__/Core/Src/system_stm32f4xx.c.obj
 .debug_macro   0x00018285      0x2ae cmake/stm32cubemx/CMakeFiles/STM32_Drivers.dir/__/__/Core/Src/system_stm32f4xx.c.obj
 .debug_macro   0x00018533     0x3693 cmake/stm32cubemx/CMakeFiles/STM32_Drivers.dir/__/__/Core/Src/system_stm32f4xx.c.obj
 .debug_macro   0x0001bbc6      0x174 cmake/stm32cubemx/CMakeFiles/STM32_Drivers.dir/__/__/Core/Src/system_stm32f4xx.c.obj
 .debug_macro   0x0001bd3a       0x5c cmake/stm32cubemx/CMakeFiles/STM32_Drivers.dir/__/__/Core/Src/system_stm32f4xx.c.obj
 .debug_macro   0x0001bd96      0x980 cmake/stm32cubemx/CMakeFiles/STM32_Drivers.dir/__/__/Core/Src/system_stm32f4xx.c.obj
 .debug_macro   0x0001c716      0x9e9 cmake/stm32cubemx/CMakeFiles/STM32_Drivers.dir/__/__/Core/Src/system_stm32f4xx.c.obj
 .debug_macro   0x0001d0ff      0x115 cmake/stm32cubemx/CMakeFiles/STM32_Drivers.dir/__/__/Core/Src/system_stm32f4xx.c.obj
 .debug_macro   0x0001d214      0x13e cmake/stm32cubemx/CMakeFiles/STM32_Drivers.dir/__/__/Core/Src/system_stm32f4xx.c.obj
 .debug_macro   0x0001d352       0xa5 cmake/stm32cubemx/CMakeFiles/STM32_Drivers.dir/__/__/Core/Src/system_stm32f4xx.c.obj
 .debug_macro   0x0001d3f7      0x174 cmake/stm32cubemx/CMakeFiles/STM32_Drivers.dir/__/__/Core/Src/system_stm32f4xx.c.obj
 .debug_macro   0x0001d56b      0x287 cmake/stm32cubemx/CMakeFiles/STM32_Drivers.dir/__/__/Core/Src/system_stm32f4xx.c.obj
 .debug_macro   0x0001d7f2       0x5f cmake/stm32cubemx/CMakeFiles/STM32_Drivers.dir/__/__/Core/Src/system_stm32f4xx.c.obj
 .debug_macro   0x0001d851      0x236 cmake/stm32cubemx/CMakeFiles/STM32_Drivers.dir/__/__/Core/Src/system_stm32f4xx.c.obj
 .debug_macro   0x0001da87      0x40f cmake/stm32cubemx/CMakeFiles/STM32_Drivers.dir/__/__/Core/Src/system_stm32f4xx.c.obj
 .debug_macro   0x0001de96      0x12c cmake/stm32cubemx/CMakeFiles/STM32_Drivers.dir/__/__/Core/Src/system_stm32f4xx.c.obj
 .debug_macro   0x0001dfc2      0x21e cmake/stm32cubemx/CMakeFiles/STM32_Drivers.dir/__/__/Core/Src/system_stm32f4xx.c.obj
 .debug_macro   0x0001e1e0       0x2e cmake/stm32cubemx/CMakeFiles/STM32_Drivers.dir/__/__/Core/Src/system_stm32f4xx.c.obj
 .debug_macro   0x0001e20e      0x127 cmake/stm32cubemx/CMakeFiles/STM32_Drivers.dir/__/__/Core/Src/system_stm32f4xx.c.obj
 .debug_macro   0x0001e335       0x7e cmake/stm32cubemx/CMakeFiles/STM32_Drivers.dir/__/__/Core/Src/system_stm32f4xx.c.obj
 .debug_macro   0x0001e3b3       0x89 cmake/stm32cubemx/CMakeFiles/STM32_Drivers.dir/__/__/Core/Src/system_stm32f4xx.c.obj
 .debug_macro   0x0001e43c      0x225 cmake/stm32cubemx/CMakeFiles/STM32_Drivers.dir/__/__/Core/Src/system_stm32f4xx.c.obj
 .debug_macro   0x0001e661      0x8ed cmake/stm32cubemx/CMakeFiles/STM32_Drivers.dir/__/__/Core/Src/system_stm32f4xx.c.obj
 .debug_macro   0x0001ef4e       0x4d cmake/stm32cubemx/CMakeFiles/STM32_Drivers.dir/__/__/Core/Src/system_stm32f4xx.c.obj
 .debug_macro   0x0001ef9b      0x2aa cmake/stm32cubemx/CMakeFiles/STM32_Drivers.dir/__/__/Core/Src/system_stm32f4xx.c.obj
 .debug_macro   0x0001f245      0x12d cmake/stm32cubemx/CMakeFiles/STM32_Drivers.dir/__/__/Core/Src/system_stm32f4xx.c.obj
 .debug_macro   0x0001f372      0x1f1 cmake/stm32cubemx/CMakeFiles/STM32_Drivers.dir/__/__/Drivers/STM32F4xx_HAL_Driver/Src/stm32f4xx_hal_can.c.obj
 .debug_macro   0x0001f563      0x206 cmake/stm32cubemx/CMakeFiles/STM32_Drivers.dir/__/__/Drivers/STM32F4xx_HAL_Driver/Src/stm32f4xx_hal_rcc.c.obj
 .debug_macro   0x0001f769      0x1e8 cmake/stm32cubemx/CMakeFiles/STM32_Drivers.dir/__/__/Drivers/STM32F4xx_HAL_Driver/Src/stm32f4xx_hal_gpio.c.obj
 .debug_macro   0x0001f951      0x1e8 cmake/stm32cubemx/CMakeFiles/STM32_Drivers.dir/__/__/Drivers/STM32F4xx_HAL_Driver/Src/stm32f4xx_hal_dma.c.obj
 .debug_macro   0x0001fb39      0x1e2 cmake/stm32cubemx/CMakeFiles/STM32_Drivers.dir/__/__/Drivers/STM32F4xx_HAL_Driver/Src/stm32f4xx_hal_cortex.c.obj
 .debug_macro   0x0001fd1b      0x242 cmake/stm32cubemx/CMakeFiles/STM32_Drivers.dir/__/__/Drivers/STM32F4xx_HAL_Driver/Src/stm32f4xx_hal.c.obj
 .debug_macro   0x0001ff5d      0x1f1 cmake/stm32cubemx/CMakeFiles/STM32_Drivers.dir/__/__/Drivers/STM32F4xx_HAL_Driver/Src/stm32f4xx_hal_spi.c.obj
 .debug_macro   0x0002014e      0x1e3 cmake/stm32cubemx/CMakeFiles/STM32_Drivers.dir/__/__/Drivers/STM32F4xx_HAL_Driver/Src/stm32f4xx_hal_tim.c.obj
 .debug_macro   0x00020331      0x1e2 cmake/stm32cubemx/CMakeFiles/STM32_Drivers.dir/__/__/Drivers/STM32F4xx_HAL_Driver/Src/stm32f4xx_hal_tim_ex.c.obj
 .debug_macro   0x00020513      0x1e3 cmake/stm32cubemx/CMakeFiles/STM32_Drivers.dir/__/__/Drivers/STM32F4xx_HAL_Driver/Src/stm32f4xx_hal_uart.c.obj
 .debug_macro   0x000206f6      0x1f6 CMakeFiles/HW2_Speed.dir/Core/Src/can.c.obj
 .debug_macro   0x000208ec      0xa84 CMakeFiles/HW2_Speed.dir/Core/Src/can.c.obj
 .debug_macro   0x00021370      0x1f6 CMakeFiles/HW2_Speed.dir/Core/Src/dma.c.obj
 .debug_macro   0x00021566      0x1f6 CMakeFiles/HW2_Speed.dir/Core/Src/gpio.c.obj
 .debug_macro   0x0002175c      0x22c CMakeFiles/HW2_Speed.dir/Core/Src/main.c.obj
 .debug_macro   0x00021988      0x1f6 CMakeFiles/HW2_Speed.dir/Core/Src/spi.c.obj
 .debug_macro   0x00021b7e      0x1ec CMakeFiles/HW2_Speed.dir/Core/Src/stm32f4xx_hal_msp.c.obj
 .debug_macro   0x00021d6a      0x1f6 CMakeFiles/HW2_Speed.dir/Core/Src/stm32f4xx_it.c.obj
 .debug_macro   0x00021f60      0x1f6 CMakeFiles/HW2_Speed.dir/Core/Src/tim.c.obj
 .debug_macro   0x00022156      0x1f6 CMakeFiles/HW2_Speed.dir/Core/Src/usart.c.obj
 .debug_macro   0x0002234c      0x5b9 CMakeFiles/HW2_Speed.dir/Tasks/task.cpp.obj
 .debug_macro   0x00022905      0xc16 CMakeFiles/HW2_Speed.dir/Tasks/task.cpp.obj
 .debug_macro   0x0002351b       0x58 CMakeFiles/HW2_Speed.dir/Tasks/task.cpp.obj
 .debug_macro   0x00023573       0x34 CMakeFiles/HW2_Speed.dir/Tasks/task.cpp.obj
 .debug_macro   0x000235a7      0x17b CMakeFiles/HW2_Speed.dir/Tasks/task.cpp.obj
 .debug_macro   0x00023722       0x43 CMakeFiles/HW2_Speed.dir/Tasks/task.cpp.obj
 .debug_macro   0x00023765      0x356 CMakeFiles/HW2_Speed.dir/Tasks/task.cpp.obj
 .debug_macro   0x00023abb       0x10 CMakeFiles/HW2_Speed.dir/Tasks/task.cpp.obj
 .debug_macro   0x00023acb       0x35 CMakeFiles/HW2_Speed.dir/Tasks/task.cpp.obj
 .debug_macro   0x00023b00      0x18a CMakeFiles/HW2_Speed.dir/Tasks/task.cpp.obj
 .debug_macro   0x00023c8a       0x10 CMakeFiles/HW2_Speed.dir/Tasks/task.cpp.obj
 .debug_macro   0x00023c9a       0xba CMakeFiles/HW2_Speed.dir/Tasks/task.cpp.obj
 .debug_macro   0x00023d54       0xf7 CMakeFiles/HW2_Speed.dir/Tasks/task.cpp.obj
 .debug_macro   0x00023e4b      0x3d1 CMakeFiles/HW2_Speed.dir/Tasks/task.cpp.obj
 .debug_macro   0x0002421c       0x18 CMakeFiles/HW2_Speed.dir/Tasks/task.cpp.obj
 .debug_macro   0x00024234      0x1a2 CMakeFiles/HW2_Speed.dir/Tasks/task.cpp.obj
 .debug_macro   0x000243d6       0x10 CMakeFiles/HW2_Speed.dir/Tasks/task.cpp.obj
 .debug_macro   0x000243e6       0x10 CMakeFiles/HW2_Speed.dir/Tasks/task.cpp.obj
 .debug_macro   0x000243f6      0x3d5 CMakeFiles/HW2_Speed.dir/Tasks/task.cpp.obj
 .debug_macro   0x000247cb       0x16 CMakeFiles/HW2_Speed.dir/Tasks/task.cpp.obj
 .debug_macro   0x000247e1       0x1c CMakeFiles/HW2_Speed.dir/Tasks/task.cpp.obj
 .debug_macro   0x000247fd       0x6e CMakeFiles/HW2_Speed.dir/Tasks/task.cpp.obj
 .debug_macro   0x0002486b       0x94 CMakeFiles/HW2_Speed.dir/Tasks/task.cpp.obj
 .debug_macro   0x000248ff       0x19 CMakeFiles/HW2_Speed.dir/Tasks/task.cpp.obj
 .debug_macro   0x00024918       0x10 CMakeFiles/HW2_Speed.dir/Tasks/task.cpp.obj
 .debug_macro   0x00024928       0x17 CMakeFiles/HW2_Speed.dir/Tasks/task.cpp.obj
 .debug_macro   0x0002493f       0x10 CMakeFiles/HW2_Speed.dir/Tasks/task.cpp.obj
 .debug_macro   0x0002494f       0x28 CMakeFiles/HW2_Speed.dir/Tasks/task.cpp.obj
 .debug_macro   0x00024977       0x2e CMakeFiles/HW2_Speed.dir/Tasks/task.cpp.obj
 .debug_macro   0x000249a5       0x16 CMakeFiles/HW2_Speed.dir/Tasks/task.cpp.obj
 .debug_macro   0x000249bb       0x10 CMakeFiles/HW2_Speed.dir/Tasks/task.cpp.obj
 .debug_macro   0x000249cb       0x12 CMakeFiles/HW2_Speed.dir/Tasks/task.cpp.obj
 .debug_macro   0x000249dd       0x19 CMakeFiles/HW2_Speed.dir/Tasks/task.cpp.obj
 .debug_macro   0x000249f6       0x88 CMakeFiles/HW2_Speed.dir/Tasks/task.cpp.obj
 .debug_macro   0x00024a7e       0x19 CMakeFiles/HW2_Speed.dir/Tasks/task.cpp.obj
 .debug_macro   0x00024a97      0x120 CMakeFiles/HW2_Speed.dir/Tasks/task.cpp.obj
 .debug_macro   0x00024bb7       0x11 CMakeFiles/HW2_Speed.dir/Tasks/task.cpp.obj
 .debug_macro   0x00024bc8       0x17 CMakeFiles/HW2_Speed.dir/Tasks/task.cpp.obj
 .debug_macro   0x00024bdf       0x17 CMakeFiles/HW2_Speed.dir/Tasks/task.cpp.obj
 .debug_macro   0x00024bf6       0x17 CMakeFiles/HW2_Speed.dir/Tasks/task.cpp.obj
 .debug_macro   0x00024c0d       0x17 CMakeFiles/HW2_Speed.dir/Tasks/task.cpp.obj
 .debug_macro   0x00024c24       0x17 CMakeFiles/HW2_Speed.dir/Tasks/task.cpp.obj
 .debug_macro   0x00024c3b       0x17 CMakeFiles/HW2_Speed.dir/Tasks/task.cpp.obj
 .debug_macro   0x00024c52       0x1c CMakeFiles/HW2_Speed.dir/Tasks/task.cpp.obj
 .debug_macro   0x00024c6e     0x1011 CMakeFiles/HW2_Speed.dir/Tasks/task.cpp.obj
 .debug_macro   0x00025c7f       0x56 CMakeFiles/HW2_Speed.dir/Tasks/task.cpp.obj
 .debug_macro   0x00025cd5       0x10 CMakeFiles/HW2_Speed.dir/Tasks/task.cpp.obj
 .debug_macro   0x00025ce5      0x586 CMakeFiles/HW2_Speed.dir/Resources/HW_can.cpp.obj
 .debug_macro   0x0002626b       0x64 CMakeFiles/HW2_Speed.dir/Resources/HW_can.cpp.obj
 .debug_macro   0x000262cf      0x205 CMakeFiles/HW2_Speed.dir/Resources/drv_uart.cpp.obj
 .debug_macro   0x000264d4      0x540 CMakeFiles/HW2_Speed.dir/Resources/dvc_serialplot.cpp.obj
 .debug_macro   0x00026a14      0x510 CMakeFiles/HW2_Speed.dir/Resources/motor.cpp.obj
 .debug_macro   0x00026f24       0x1b CMakeFiles/HW2_Speed.dir/Resources/pid.cpp.obj

.debug_line     0x00000000    0x1ae00
 .debug_line    0x00000000      0x6e0 cmake/stm32cubemx/CMakeFiles/STM32_Drivers.dir/__/__/Core/Src/system_stm32f4xx.c.obj
 .debug_line    0x000006e0     0x12f7 cmake/stm32cubemx/CMakeFiles/STM32_Drivers.dir/__/__/Drivers/STM32F4xx_HAL_Driver/Src/stm32f4xx_hal_can.c.obj
 .debug_line    0x000019d7      0xeae cmake/stm32cubemx/CMakeFiles/STM32_Drivers.dir/__/__/Drivers/STM32F4xx_HAL_Driver/Src/stm32f4xx_hal_rcc.c.obj
 .debug_line    0x00002885      0xca5 cmake/stm32cubemx/CMakeFiles/STM32_Drivers.dir/__/__/Drivers/STM32F4xx_HAL_Driver/Src/stm32f4xx_hal_gpio.c.obj